============================= test session starts =============================
platform win32 -- Python 3.12.10, pytest-9.0.2, pluggy-1.6.0
rootdir: E:\repos\janus-completo\janus
configfile: pyproject.toml
plugins: anyio-4.12.0, langsmith-0.5.1, asyncio-1.3.0
asyncio: mode=Mode.STRICT, debug=False, asyncio_default_fixture_loop_scope=None, asyncio_default_test_loop_scope=function
collected 0 items / 2 errors

=================================== ERRORS ====================================
___________ ERROR collecting tests/unit/test_chat_service_stream.py ___________
ImportError while importing test module 'E:\repos\janus-completo\janus\tests\unit\test_chat_service_stream.py'.
Hint: make sure your test modules/packages have valid Python names.
Traceback:
C:\Users\Admin\AppData\Local\Programs\Python\Python312\Lib\importlib\__init__.py:90: in import_module
    return _bootstrap._gcd_import(name[level:], package, level)
           ^^^^^^^^^^^^^^^^^^^^^^^^^^^^^^^^^^^^^^^^^^^^^^^^^^^^
janus\tests\unit\test_chat_service_stream.py:5: in <module>
    from app.repositories.chat_repository_sql import ChatRepositorySQL
E   ModuleNotFoundError: No module named 'app'
_______ ERROR collecting tests/unit/test_chat_service_utf8_heartbeat.py _______
ImportError while importing test module 'E:\repos\janus-completo\janus\tests\unit\test_chat_service_utf8_heartbeat.py'.
Hint: make sure your test modules/packages have valid Python names.
Traceback:
C:\Users\Admin\AppData\Local\Programs\Python\Python312\Lib\importlib\__init__.py:90: in import_module
    return _bootstrap._gcd_import(name[level:], package, level)
           ^^^^^^^^^^^^^^^^^^^^^^^^^^^^^^^^^^^^^^^^^^^^^^^^^^^^
janus\tests\unit\test_chat_service_utf8_heartbeat.py:5: in <module>
    from app.repositories.chat_repository_sql import ChatRepositorySQL
E   ModuleNotFoundError: No module named 'app'
=========================== short test summary info ===========================
ERROR janus\tests\unit\test_chat_service_stream.py
ERROR janus\tests\unit\test_chat_service_utf8_heartbeat.py
!!!!!!!!!!!!!!!!!!! Interrupted: 2 errors during collection !!!!!!!!!!!!!!!!!!!
============================== 2 errors in 0.12s ==============================
