============================= test session starts ==============================
platform darwin -- Python 3.12.12, pytest-9.0.2, pluggy-1.6.0
rootdir: /Users/arthurparaiso/repos/janus-completo/backend
configfile: pyproject.toml
plugins: anyio-4.12.1, asyncio-1.3.0, langsmith-0.7.10
asyncio: mode=Mode.STRICT, debug=False, asyncio_default_fixture_loop_scope=None, asyncio_default_test_loop_scope=function
collected 483 items

tests/unit/core/agents/test_meta_agent_execution.py ..                   [  0%]
tests/unit/core/infrastructure/test_prompt_loader_cutover.py ...F.       [  1%]
tests/unit/core/infrastructure/test_rate_limit_middleware.py ..          [  1%]
tests/unit/core/infrastructure/test_reasoning_core.py .....              [  2%]
tests/unit/core/llm/test_resilience_public_snapshots.py ...              [  3%]
tests/unit/core/memory/test_graph_rag_core_retriever_init.py .....       [  4%]
tests/unit/core/memory/test_knowledge_graph_manager_indexes.py F         [  4%]
tests/unit/core/monitoring/test_llm_router_health_monitor.py ..          [  5%]
tests/unit/core/test_autonomy_planner.py ...                             [  5%]
tests/unit/core/test_fallback_chain.py .........                         [  7%]
tests/unit/core/test_json_utils.py ....                                  [  8%]
tests/unit/core/test_logging_config_legacy_normalization.py ......       [  9%]
tests/unit/core/test_reflexion.py ..                                     [ 10%]
tests/unit/core/tools/test_agent_tools_contracts.py ....                 [ 10%]
tests/unit/core/tools/test_productivity_tools.py ..                      [ 11%]
tests/unit/core/workers/test_knowledge_consolidator_scheduler.py ......  [ 12%]
tests/unit/repositories/test_knowledge_space_repository.py .             [ 12%]
tests/unit/services/test_chat_citation_service.py .                      [ 13%]
tests/unit/services/test_chat_message_helpers.py .F                      [ 13%]
tests/unit/services/test_knowledge_graph_service.py ......               [ 14%]
tests/unit/services/test_knowledge_space_service.py .................... [ 18%]
....................F.F.....F.FFFFFF.                                    [ 26%]
tests/unit/services/test_llm_service.py ...                              [ 27%]
tests/unit/services/test_prompt_composer.py ..........                   [ 29%]
tests/unit/test_active_memory_service.py F                               [ 29%]
tests/unit/test_ai011_intent_routing.py ........                         [ 31%]
tests/unit/test_ai012_semantic_reranker.py ......                        [ 32%]
tests/unit/test_ai014_predictive_anomaly_detection.py ...                [ 32%]
tests/unit/test_ai016_document_semantic_enrichment.py ..F                [ 33%]
tests/unit/test_auth_local_login_password_policy.py .                    [ 33%]
tests/unit/test_autonomy_admin_authz.py FFF                              [ 34%]
tests/unit/test_autonomy_admin_service_scope.py ....................F    [ 38%]
tests/unit/test_autonomy_goal_completion_self_study_trigger.py ..        [ 39%]
tests/unit/test_autonomy_goal_repository.py ....                         [ 39%]
tests/unit/test_autonomy_lock_service.py F.                              [ 40%]
tests/unit/test_autonomy_service_enqueue.py .....                        [ 41%]
tests/unit/test_chat_about_identity.py .                                 [ 41%]
tests/unit/test_chat_contracts_confirmation.py F..F.                     [ 42%]
tests/unit/test_chat_deps_identity.py FF                                 [ 43%]
tests/unit/test_chat_endpoints_subrouters.py ....                        [ 43%]
tests/unit/test_chat_repository_sql_metadata.py .                        [ 44%]
tests/unit/test_chat_service_event_publisher_wiring.py ..                [ 44%]
tests/unit/test_chat_service_stream.py FF                                [ 44%]
tests/unit/test_chat_service_utf8_heartbeat.py F                         [ 45%]
tests/unit/test_chat_streaming_service.py FFFFFF                         [ 46%]
tests/unit/test_chat_ui_split.py ..                                      [ 46%]
tests/unit/test_circuit_breaker_comprehensive.py ............F.......... [ 51%]
...                                                                      [ 52%]
tests/unit/test_code_analysis_service_calls.py ...                       [ 52%]
tests/unit/test_code_hybrid_search_service.py ..                         [ 53%]
tests/unit/test_collaboration_service_autonomy_hook.py FF.F              [ 54%]
tests/unit/test_conversation_service.py F..F                             [ 54%]
tests/unit/test_daemon_voice_command.py ...                              [ 55%]
tests/unit/test_data_plane_backup_restore.py ...                         [ 56%]
tests/unit/test_document_parser_service.py ..                            [ 56%]
tests/unit/test_document_service.py F                                    [ 56%]
tests/unit/test_documents_endpoint_async_upload.py FF..                  [ 57%]
tests/unit/test_generative_memory_service.py .                           [ 57%]
tests/unit/test_goal_manager_delete.py .                                 [ 57%]
tests/unit/test_goal_manager_sql_facade.py ..                            [ 58%]
tests/unit/test_graph_db_merge_node.py ...                               [ 59%]
tests/unit/test_graph_guardian_relation_mapping.py .................     [ 62%]
tests/unit/test_identity_sanitizer.py .....                              [ 63%]
tests/unit/test_knowledge_consolidator_chunk_text.py ...                 [ 64%]
tests/unit/test_knowledge_repository_code_citations.py ..                [ 64%]
tests/unit/test_knowledge_repository_code_indexing.py .....              [ 65%]
tests/unit/test_knowledge_repository_dedupe_typing.py ....               [ 66%]
tests/unit/test_knowledge_routing_policy.py ...                          [ 67%]
tests/unit/test_knowledge_service_code_query.py F..                      [ 67%]
tests/unit/test_knowledge_service_indexing.py ..                         [ 68%]
tests/unit/test_knowledge_service_telemetry.py .F                        [ 68%]
tests/unit/test_llm_cache_integration.py .                               [ 68%]
tests/unit/test_llm_client_di.py .                                       [ 68%]
tests/unit/test_llm_select_and_cb.py F                                   [ 69%]
tests/unit/test_memory_core_di.py ....                                   [ 69%]
tests/unit/test_memory_endpoints_secret.py .                             [ 70%]
tests/unit/test_memory_metrics.py ..                                     [ 70%]
tests/unit/test_memory_scroll_refactor.py FF                             [ 71%]
tests/unit/test_memory_security_fallback.py .                            [ 71%]
tests/unit/test_memory_service.py ...F                                   [ 72%]
tests/unit/test_memory_smart_eviction.py ...                             [ 72%]
tests/unit/test_message_broker_di.py ....                                [ 73%]
tests/unit/test_message_orchestration_service.py FFFFFFFFFFFFF...FFFFF   [ 77%]
tests/unit/test_meta_agent_failure_event.py F                            [ 78%]
tests/unit/test_observability_repository_audit_purge.py ..               [ 78%]
tests/unit/test_observability_service_instrumentation.py ........        [ 80%]
tests/unit/test_oq002_domain_slo_alerts.py ...                           [ 80%]
tests/unit/test_oq012_data_retention.py FF.                              [ 81%]
tests/unit/test_pricing_redis_usage_tracker.py .                         [ 81%]
tests/unit/test_procedural_memory_service.py .F.                         [ 82%]
tests/unit/test_rag_service_telemetry.py .F...                           [ 83%]
tests/unit/test_rag_telemetry.py ...                                     [ 83%]
tests/unit/test_reasoning_protocol_module.py ..                          [ 84%]
tests/unit/test_red_team_agent_worker_role.py .                          [ 84%]
tests/unit/test_router_worker_contains_knowledge.py ........             [ 86%]
tests/unit/test_sandbox_agent.py .                                       [ 86%]
tests/unit/test_secret_memory_service.py ....                            [ 87%]
tests/unit/test_security_workflow_contracts.py .....                     [ 88%]
tests/unit/test_sg011_security_config.py ........                        [ 89%]
tests/unit/test_sg012_auth_reset_token_leak.py FFFFF                     [ 90%]
tests/unit/test_sg013_actor_binding_header_trust.py ....                 [ 91%]
tests/unit/test_sg013_scheduler_retention_jobs.py ..                     [ 92%]
tests/unit/test_sg014_workspace_authz.py FFFF                            [ 92%]
tests/unit/test_sg015_auth_rate_limit.py .F                              [ 93%]
tests/unit/test_sg016_launcher_tools_security.py ...                     [ 93%]
tests/unit/test_sg017_startup_secret_validation.py .                     [ 94%]
tests/unit/test_sg018_collaboration_workspace_status_auth.py F.          [ 94%]
tests/unit/test_sg018_secret_defaults_removed.py .F                      [ 95%]
tests/unit/test_sg019_auth_admin_cpf_allowlist.py ....                   [ 95%]
tests/unit/test_sg020_cpf_validation.py ...                              [ 96%]
tests/unit/test_taskstate_status.py ...                                  [ 97%]
tests/unit/test_technical_qa_eval_service.py ....F                       [ 98%]
tests/unit/test_user_preference_memory_service.py ...F.                  [ 99%]
tests/unit/test_vector_store_count_api.py ..F.                           [100%]

=================================== FAILURES ===================================
_________ test_get_formatted_prompt_is_tolerant_on_missing_placeholder _________

monkeypatch = <_pytest.monkeypatch.MonkeyPatch object at 0x148828d40>
caplog = <_pytest.logging.LogCaptureFixture object at 0x148828a70>

    @pytest.mark.asyncio
    async def test_get_formatted_prompt_is_tolerant_on_missing_placeholder(monkeypatch, caplog):
        async def fake_get_prompt(prompt_name: str, **kwargs):
            del prompt_name, kwargs
            return "Ola {nome}"
    
        monkeypatch.setattr(prompt_module, "get_prompt", fake_get_prompt)
    
        with caplog.at_level("ERROR"):
            result = await prompt_module.get_formatted_prompt("welcome", outro="x")
    
        assert result == "Ola {nome}"
>       assert "Variável faltando no prompt" in caplog.text
E       assert 'Variável faltando no prompt' in 'ERROR    app.core.infrastructure.prompt_loader:prompt_loader.py:296 {"prompt_name": "welcome", "error": "\'nome\'", "...10T18:01:13.115973Z", "trace_id": "-", "user_id": "-", "session_id": "-", "conversation_id": "-", "project_id": "-"}\n'
E        +  where 'ERROR    app.core.infrastructure.prompt_loader:prompt_loader.py:296 {"prompt_name": "welcome", "error": "\'nome\'", "...10T18:01:13.115973Z", "trace_id": "-", "user_id": "-", "session_id": "-", "conversation_id": "-", "project_id": "-"}\n' = <_pytest.logging.LogCaptureFixture object at 0x148828a70>.text

tests/unit/core/infrastructure/test_prompt_loader_cutover.py:63: AssertionError
----------------------------- Captured stdout call -----------------------------
{"prompt_name": "welcome", "error": "'nome'", "event": "prompt_format_variable_missing", "logger": "app.core.infrastructure.prompt_loader", "level": "error", "timestamp": "2026-04-10T18:01:13.115973Z", "trace_id": "-", "user_id": "-", "session_id": "-", "conversation_id": "-", "project_id": "-"}
------------------------------ Captured log call -------------------------------
ERROR    app.core.infrastructure.prompt_loader:prompt_loader.py:296 {"prompt_name": "welcome", "error": "'nome'", "event": "prompt_format_variable_missing", "logger": "app.core.infrastructure.prompt_loader", "level": "error", "timestamp": "2026-04-10T18:01:13.115973Z", "trace_id": "-", "user_id": "-", "session_id": "-", "conversation_id": "-", "project_id": "-"}
___________ test_index_codebase_uses_only_canonical_index_operations ___________

monkeypatch = <_pytest.monkeypatch.MonkeyPatch object at 0x1488297c0>

    @pytest.mark.asyncio
    async def test_index_codebase_uses_only_canonical_index_operations(monkeypatch):
        recorded_calls: list[tuple[str, str]] = []
    
        def fake_query(operation: str, query: str, params=None):
            recorded_calls.append((operation, query))
            if operation == "merge_calls":
                return []
            return []
    
        # Avoid filesystem traversal and AST parsing in this unit test.
        monkeypatch.setattr(kgm, "repo", type("Repo", (), {"query": staticmethod(fake_query)})())
        monkeypatch.setattr(kgm.os, "walk", lambda _: [])
    
        result = kgm.index_codebase()
    
        assert result["message"] == "Indexação e análise da base de código concluídas."
    
        allowed_ops = {"ensure_index", "cleanup_code_entities", "merge_calls"}
>       assert all(op in allowed_ops for op, _ in recorded_calls)
E       assert False
E        +  where False = all(<generator object test_index_codebase_uses_only_canonical_index_operations.<locals>.<genexpr> at 0x14880d8c0>)

tests/unit/core/memory/test_knowledge_graph_manager_indexes.py:25: AssertionError
----------------------------- Captured stdout call -----------------------------
{"event": "Iniciando varredura e an\u00e1lise da base de c\u00f3digo em '/app'...", "logger": "app.core.memory.knowledge_graph_manager", "level": "info", "legacy_event": "log_info", "timestamp": "2026-04-10T18:01:13.148059Z", "trace_id": "-", "user_id": "-", "session_id": "-", "conversation_id": "-", "project_id": "-"}
{"event": "Limpando entidades de c\u00f3digo antigas do grafo...", "logger": "app.core.memory.knowledge_graph_manager", "level": "info", "timestamp": "2026-04-10T18:01:13.148112Z", "trace_id": "-", "user_id": "-", "session_id": "-", "conversation_id": "-", "project_id": "-"}
{"event": "Primeira passada: Analisando arquivos e criando n\u00f3s de entidade...", "logger": "app.core.memory.knowledge_graph_manager", "level": "info", "timestamp": "2026-04-10T18:01:13.148149Z", "trace_id": "-", "user_id": "-", "session_id": "-", "conversation_id": "-", "project_id": "-"}
{"event": "Segunda passada: Criando rela\u00e7\u00f5es de chamada entre fun\u00e7\u00f5es...", "logger": "app.core.memory.knowledge_graph_manager", "level": "info", "timestamp": "2026-04-10T18:01:13.148185Z", "trace_id": "-", "user_id": "-", "session_id": "-", "conversation_id": "-", "project_id": "-"}
{"event": "An\u00e1lise de c\u00f3digo conclu\u00edda. 0 arquivos | 0 fun\u00e7\u00f5es | 0 classes | 0 chamadas internas criadas.", "logger": "app.core.memory.knowledge_graph_manager", "level": "info", "timestamp": "2026-04-10T18:01:13.148219Z", "trace_id": "-", "user_id": "-", "session_id": "-", "conversation_id": "-", "project_id": "-"}
------------------------------ Captured log call -------------------------------
INFO     app.core.memory.knowledge_graph_manager:knowledge_graph_manager.py:254 {"event": "Iniciando varredura e an\u00e1lise da base de c\u00f3digo em '/app'...", "logger": "app.core.memory.knowledge_graph_manager", "level": "info", "legacy_event": "log_info", "timestamp": "2026-04-10T18:01:13.148059Z", "trace_id": "-", "user_id": "-", "session_id": "-", "conversation_id": "-", "project_id": "-"}
INFO     app.core.memory.knowledge_graph_manager:knowledge_graph_manager.py:275 {"event": "Limpando entidades de c\u00f3digo antigas do grafo...", "logger": "app.core.memory.knowledge_graph_manager", "level": "info", "timestamp": "2026-04-10T18:01:13.148112Z", "trace_id": "-", "user_id": "-", "session_id": "-", "conversation_id": "-", "project_id": "-"}
INFO     app.core.memory.knowledge_graph_manager:knowledge_graph_manager.py:288 {"event": "Primeira passada: Analisando arquivos e criando n\u00f3s de entidade...", "logger": "app.core.memory.knowledge_graph_manager", "level": "info", "timestamp": "2026-04-10T18:01:13.148149Z", "trace_id": "-", "user_id": "-", "session_id": "-", "conversation_id": "-", "project_id": "-"}
INFO     app.core.memory.knowledge_graph_manager:knowledge_graph_manager.py:312 {"event": "Segunda passada: Criando rela\u00e7\u00f5es de chamada entre fun\u00e7\u00f5es...", "logger": "app.core.memory.knowledge_graph_manager", "level": "info", "timestamp": "2026-04-10T18:01:13.148185Z", "trace_id": "-", "user_id": "-", "session_id": "-", "conversation_id": "-", "project_id": "-"}
INFO     app.core.memory.knowledge_graph_manager:knowledge_graph_manager.py:341 {"event": "An\u00e1lise de c\u00f3digo conclu\u00edda. 0 arquivos | 0 fun\u00e7\u00f5es | 0 classes | 0 chamadas internas criadas.", "logger": "app.core.memory.knowledge_graph_manager", "level": "info", "timestamp": "2026-04-10T18:01:13.148219Z", "trace_id": "-", "user_id": "-", "session_id": "-", "conversation_id": "-", "project_id": "-"}
_ test_build_understanding_payload_summarizes_question_without_echoing_message _

    def test_build_understanding_payload_summarizes_question_without_echoing_message():
        payload = build_understanding_payload("Consegue imaginar uma historia para Frieren")
    
        assert payload is not None
>       assert payload["intent"] == "question"
E       AssertionError: assert 'general' == 'question'
E         
E         - question
E         + general

tests/unit/services/test_chat_message_helpers.py:16: AssertionError
___ test_render_operational_answer_uses_ollama_only_and_returns_llm_response ___

    def test_render_operational_answer_uses_ollama_only_and_returns_llm_response():
        captured = {}
        service = KnowledgeSpaceService(llm_service=SimpleNamespace())
    
        async def fake_invoke_llm(**kwargs):
            captured.update(kwargs)
            return {"response": "Ficha final baseada nas evidências."}
    
        async def fake_collect_support_points(**kwargs):
            return [
                SimpleNamespace(
                    payload={
                        "content": "Trecho de apoio com escolhas e atributos.",
                        "metadata": {"doc_role": "base", "file_name": "livro.pdf", "chunk_index": 12},
                    }
                )
            ]
    
        service._llm.invoke_llm = fake_invoke_llm
        service._collect_operational_support_points = fake_collect_support_points  # type: ignore[method-assign]
    
        result = asyncio.run(
>           service._render_operational_answer(
                    selected=[
                        {
                            "doc_role": "base",
                            "title": "Capítulo Um",
                            "section_role": "core_rules",
                            "content": "Regras para construção de personagem.",
                            "section_order": 1,
                            "rerank_score": 0.8,
                        }
                    ],
                retrieval_strategy="sequence",
                knowledge_space={"knowledge_space_id": "ks-1", "name": "KS"},
                question="Crie uma ficha completa usando as regras do livro.",
                limit=4,
                active_doc_ids={"doc-1"},
            )
        )
E       TypeError: KnowledgeSpaceService._render_operational_answer() missing 1 required keyword-only argument: 'user_id'

tests/unit/services/test_knowledge_space_service.py:1231: TypeError
_ test_collect_operational_support_points_skips_conflicting_specific_option_for_target _

    def test_collect_operational_support_points_skips_conflicting_specific_option_for_target():
        service = KnowledgeSpaceService()
    
        class FakeClient:
            async def query_points(self, **kwargs):
                doc_id = None
                for condition in kwargs["query_filter"].must:
                    if getattr(condition, "key", "") == "metadata.doc_id":
                        doc_id = condition.match.value
                return SimpleNamespace(
                    points=[
                        SimpleNamespace(
                            id=f"{doc_id}-cavaleiro",
                            payload={
                                "content": "Cavaleiro Místico é uma variante de cavaleiro com poderes próprios.",
                                "metadata": {
                                    "doc_id": doc_id,
                                    "doc_role": "supplement",
                                    "file_name": "suplemento.pdf",
                                    "chunk_index": 1,
                                    "section_title": "Classes Variantes",
                                },
                            },
                            score=0.82,
                        ),
                        SimpleNamespace(
                            id=f"{doc_id}-bardo",
                            payload={
                                "content": "Bardo Marcial é uma variante de bardo com magia performática.",
                                "metadata": {
                                    "doc_id": doc_id,
                                    "doc_role": "supplement",
                                    "file_name": "suplemento.pdf",
                                    "chunk_index": 2,
                                    "section_title": "Classes Variantes",
                                },
                            },
                            score=0.86,
                        ),
                    ]
                )
    
        import app.services.knowledge_space_service as module
    
        original_get_client = module.get_async_qdrant_client
        original_get_collection = module.aget_or_create_collection
        original_embed = module.aembed_text
        try:
            module.get_async_qdrant_client = lambda: FakeClient()
    
            async def fake_get_collection(name):
                return "col"
    
            async def fake_embed(text):
                return [0.0] * 3
    
            module.aget_or_create_collection = fake_get_collection
            module.aembed_text = fake_embed
    
            result = asyncio.run(
>               service._collect_operational_support_points(
                    knowledge_space={"knowledge_space_id": "ks-1"},
                    question="Crie uma ficha de Tormenta20 nível 1 para um cavaleiro usando o suplemento.",
                    limit=4,
                    active_doc_ids={"supp-doc"},
                    selected_sections=[
                        {
                            "doc_id": "supp-doc",
                            "doc_role": "supplement",
                            "title": "Capítulo 1: Campeões de Arton",
                            "content": "Novas classes variantes.",
                        }
                    ],
                    support_plan={
                        "steps": [
                            {
                                "label": "extensoes do suplemento",
                                "query": "cavaleiro variantes extensoes suplemento opcoes adicionais",
                                "doc_role_hint": "supplement",
                            }
                        ]
                    },
                )
            )
E           TypeError: KnowledgeSpaceService._collect_operational_support_points() missing 1 required keyword-only argument: 'user_id'

tests/unit/services/test_knowledge_space_service.py:1342: TypeError
_ test_render_operational_answer_falls_back_when_llm_response_is_low_information _

    def test_render_operational_answer_falls_back_when_llm_response_is_low_information():
        service = KnowledgeSpaceService(llm_service=SimpleNamespace())
    
        async def fake_invoke_llm(**kwargs):
            return {
                "response": (
                    "| Seção | Conteúdo |\n"
                    "|---|---|\n"
                    "| Nome |  |\n"
                    "| Poderes |  |\n"
                    "A evidência não indica. Não detalhada. Não fornecida."
                )
            }
    
        async def fake_collect_support_points(**kwargs):
            return [
                SimpleNamespace(
                    payload={
                        "content": "Cavaleiro possui poderes e equipamentos específicos para o papel marcial.",
                        "metadata": {
                            "doc_role": "base",
                            "file_name": "livro.pdf",
                            "chunk_index": 12,
                            "_janus_support_entities": ["cavaleiro"],
                            "_janus_support_matched_entities": 1,
                            "_janus_support_conflicting_entities": 0,
                        },
                    }
                )
            ]
    
        async def fake_plan_support(**kwargs):
            return {
                "steps": [{"label": "alvo principal", "query": "cavaleiro", "doc_role_hint": "base"}],
                "user_decisions": ["Escolher raça e origem válidas."],
                "source_gaps": [],
            }
    
        service._llm.invoke_llm = fake_invoke_llm
        service._collect_operational_support_points = fake_collect_support_points  # type: ignore[method-assign]
        service._plan_operational_support = fake_plan_support  # type: ignore[method-assign]
    
        result = asyncio.run(
>           service._render_operational_answer(
                selected=[
                    {
                        "doc_role": "base",
                        "title": "Capítulo Um",
                        "section_role": "core_rules",
                        "content": "Criação de personagem e classe cavaleiro.",
                        "section_order": 1,
                        "rerank_score": 0.8,
                        "matched_entities": 1,
                        "target_term_overlap": 1,
                        "target_phrase_overlap": 1,
                    }
                ],
                retrieval_strategy="sequence",
                knowledge_space={"knowledge_space_id": "ks-1", "name": "KS"},
                question="Crie uma ficha de Tormenta20 nível 1 para um cavaleiro.",
                limit=4,
                active_doc_ids={"doc-1"},
            )
        )
E       TypeError: KnowledgeSpaceService._render_operational_answer() missing 1 required keyword-only argument: 'user_id'

tests/unit/services/test_knowledge_space_service.py:1733: TypeError
_______ test_query_canonical_returns_task_strategy_for_execution_queries _______

    def test_query_canonical_returns_task_strategy_for_execution_queries():
        service = KnowledgeSpaceService(llm_service=SimpleNamespace())
    
        async def fake_collect_support_points(**kwargs):
            return []
    
        async def fake_render_operational_answer(**kwargs):
            return "Artefato final grounded."
    
        service._collect_operational_support_points = fake_collect_support_points  # type: ignore[method-assign]
        service._render_operational_answer = fake_render_operational_answer  # type: ignore[method-assign]
        service._select_canonical_candidates = lambda **kwargs: [  # type: ignore[method-assign]
            {
                "point": SimpleNamespace(
                    id="p-1",
                    payload={
                        "content": "Regras para construção de personagem.",
                        "metadata": {
                            "doc_id": "doc-1",
                            "file_name": "livro.pdf",
                            "section_title": "Capítulo Um",
                            "doc_role": "base",
                            "section_role": "core_rules",
                        },
                    },
                    score=0.77,
                ),
                "doc_role": "base",
                "section_role": "core_rules",
                "title": "Capítulo Um",
                "content": "Regras para construção de personagem.",
                "lexical_overlap": 2,
            }
        ]
    
        class FakeClient:
            async def query_points(self, **kwargs):
                return SimpleNamespace(points=[])
    
        import app.services.knowledge_space_service as module
    
        original_get_client = module.get_async_qdrant_client
        original_get_collection = module.aget_or_create_collection
        original_embed = module.aembed_text
        try:
            module.get_async_qdrant_client = lambda: FakeClient()
            async def fake_get_collection(name):
                return "col"
            async def fake_embed(text):
                return [0.0] * 3
            module.aget_or_create_collection = fake_get_collection
            module.aembed_text = fake_embed
            service._scroll_points = fake_collect_support_points  # type: ignore[method-assign]
    
            result = asyncio.run(
>               service._query_canonical(
                    knowledge_space={"knowledge_space_id": "ks-1", "name": "KS"},
                    question="Crie uma ficha completa usando as regras do livro.",
                    limit=4,
                    active_doc_ids={"doc-1"},
                )
            )
E           TypeError: KnowledgeSpaceService._query_canonical() missing 1 required keyword-only argument: 'user_id'

tests/unit/services/test_knowledge_space_service.py:1868: TypeError
_ test_collect_operational_support_points_targets_selected_docs_without_scroll_for_tasks _

    def test_collect_operational_support_points_targets_selected_docs_without_scroll_for_tasks():
        service = KnowledgeSpaceService()
    
        class FakeClient:
            def __init__(self):
                self.calls = []
    
            async def query_points(self, **kwargs):
                self.calls.append(kwargs)
                doc_id = None
                for condition in kwargs["query_filter"].must:
                    if getattr(condition, "key", "") == "metadata.doc_id":
                        doc_id = condition.match.value
                return SimpleNamespace(
                    points=[
                        SimpleNamespace(
                            id=f"p-{doc_id}",
                            payload={
                                "content": f"Trecho do documento {doc_id}",
                                "metadata": {
                                    "doc_id": doc_id,
                                    "doc_role": "base" if doc_id == "base-doc" else "supplement",
                                    "file_name": f"{doc_id}.pdf",
                                    "chunk_index": 1,
                                },
                            },
                            score=0.8,
                        )
                    ]
                )
    
        import app.services.knowledge_space_service as module
    
        original_get_client = module.get_async_qdrant_client
        original_get_collection = module.aget_or_create_collection
        original_embed = module.aembed_text
        try:
            fake_client = FakeClient()
            module.get_async_qdrant_client = lambda: fake_client
    
            async def fake_get_collection(name):
                return "col"
    
            async def fake_embed(text):
                return [0.0] * 3
    
            module.aget_or_create_collection = fake_get_collection
            module.aembed_text = fake_embed
    
            async def fail_scroll(**kwargs):
                raise AssertionError("scroll should not be used for targeted task support")
    
            service._scroll_points = fail_scroll  # type: ignore[method-assign]
    
            result = asyncio.run(
>               service._collect_operational_support_points(
                    knowledge_space={"knowledge_space_id": "ks-1"},
                    question="Crie uma ficha completa com base nas regras do livro.",
                    limit=4,
                    active_doc_ids={"base-doc", "supp-doc"},
                    selected_sections=[
                        {"doc_id": "base-doc", "doc_role": "base", "title": "Capítulo Um", "content": "Criação."},
                        {"doc_id": "supp-doc", "doc_role": "supplement", "title": "Campeões de Arton", "content": "Novas opções."},
                    ],
                )
            )
E           TypeError: KnowledgeSpaceService._collect_operational_support_points() missing 1 required keyword-only argument: 'user_id'

tests/unit/services/test_knowledge_space_service.py:1939: TypeError
_ test_query_space_skips_auto_canonical_when_ready_space_has_no_canonical_metrics _

    def test_query_space_skips_auto_canonical_when_ready_space_has_no_canonical_metrics():
        service = KnowledgeSpaceService()
        service.get_space = lambda **kwargs: {  # type: ignore[method-assign]
            "knowledge_space_id": "ks-1",
            "consolidation_status": "ready",
            "canonical_frames_total": 0,
            "sections_indexed": 0,
        }
        service._manifest_repo = SimpleNamespace(list_manifests=lambda **kwargs: [])
        called = {"canonical": False}
    
        async def fake_canonical(**kwargs):
            called["canonical"] = True
            return {"mode_used": "canonical_answer", "citations": [{"doc_id": "doc-1"}]}
    
        async def fake_quick(**kwargs):
            return {
                "answer": "quick",
                "mode_used": "quick_lookup",
                "base_used": "chunk_only",
                "answer_strategy": "locator",
                "source_scope": {"knowledge_space_id": "ks-1"},
                "citations": [],
                "confidence": 0.4,
                "gaps_or_conflicts": [],
            }
    
        service._query_canonical = fake_canonical  # type: ignore[method-assign]
        service._query_quick_lookup = fake_quick  # type: ignore[method-assign]
    
        result = asyncio.run(
>           service.query_space(
                knowledge_space_id="ks-1",
                question="Como o suplemento amplia a regra base",
                mode="auto",
                limit=5,
            )
        )
E       TypeError: KnowledgeSpaceService.query_space() missing 1 required keyword-only argument: 'user_id'

tests/unit/services/test_knowledge_space_service.py:1997: TypeError
_____________ test_query_space_falls_back_when_canonical_times_out _____________

    def test_query_space_falls_back_when_canonical_times_out():
        service = KnowledgeSpaceService()
        service.get_space = lambda **kwargs: {  # type: ignore[method-assign]
            "knowledge_space_id": "ks-1",
            "consolidation_status": "ready",
            "canonical_frames_total": 4,
            "sections_indexed": 8,
        }
        service._manifest_repo = SimpleNamespace(list_manifests=lambda **kwargs: [])
    
        async def fake_canonical(**kwargs):
            await asyncio.sleep(0.05)
            return {"mode_used": "canonical_answer", "citations": [{"doc_id": "doc-1"}]}
    
        async def fake_quick(**kwargs):
            return {
                "answer": "quick",
                "mode_used": "quick_lookup",
                "base_used": "chunk_only",
                "answer_strategy": "locator",
                "source_scope": {"knowledge_space_id": "ks-1"},
                "citations": [],
                "confidence": 0.4,
                "gaps_or_conflicts": [],
            }
    
        service._query_canonical = fake_canonical  # type: ignore[method-assign]
        service._query_quick_lookup = fake_quick  # type: ignore[method-assign]
    
        previous = os.environ.get("KNOWLEDGE_SPACE_CANONICAL_TIMEOUT_SECONDS")
        os.environ["KNOWLEDGE_SPACE_CANONICAL_TIMEOUT_SECONDS"] = "0.01"
        try:
            result = asyncio.run(
>               service.query_space(
                    knowledge_space_id="ks-1",
                    question="Modo canônico explícito",
                    mode="canonical_answer",
                    limit=5,
                )
            )
E           TypeError: KnowledgeSpaceService.query_space() missing 1 required keyword-only argument: 'user_id'

tests/unit/services/test_knowledge_space_service.py:2042: TypeError
______ test_query_space_uses_extended_timeout_for_task_execution_queries _______

    def test_query_space_uses_extended_timeout_for_task_execution_queries():
        service = KnowledgeSpaceService()
        service.get_space = lambda **kwargs: {  # type: ignore[method-assign]
            "knowledge_space_id": "ks-1",
            "consolidation_status": "ready",
            "canonical_frames_total": 4,
            "sections_indexed": 8,
        }
        service._manifest_repo = SimpleNamespace(list_manifests=lambda **kwargs: [])
    
        async def fake_canonical(**kwargs):
            await asyncio.sleep(0.05)
            return {
                "answer": "artefato grounded",
                "mode_used": "canonical_answer",
                "base_used": "consolidated",
                "answer_strategy": "task",
                "source_scope": {"knowledge_space_id": "ks-1"},
                "citations": [{"doc_id": "doc-1"}],
                "confidence": 0.8,
                "gaps_or_conflicts": [],
                "evidence_count": 1,
                "source_roles_used": ["base"],
            }
    
        async def fake_quick(**kwargs):
            return {
                "answer": "quick",
                "mode_used": "quick_lookup",
                "base_used": "chunk_only",
                "answer_strategy": "locator",
                "source_scope": {"knowledge_space_id": "ks-1"},
                "citations": [],
                "confidence": 0.4,
                "gaps_or_conflicts": [],
            }
    
        service._query_canonical = fake_canonical  # type: ignore[method-assign]
        service._query_quick_lookup = fake_quick  # type: ignore[method-assign]
    
        previous_timeout = os.environ.get("KNOWLEDGE_SPACE_CANONICAL_TIMEOUT_SECONDS")
        previous_task_timeout = os.environ.get("KNOWLEDGE_SPACE_TASK_TIMEOUT_SECONDS")
        os.environ["KNOWLEDGE_SPACE_CANONICAL_TIMEOUT_SECONDS"] = "0.01"
        os.environ["KNOWLEDGE_SPACE_TASK_TIMEOUT_SECONDS"] = "0.2"
        try:
            result = asyncio.run(
>               service.query_space(
                    knowledge_space_id="ks-1",
                    question="Crie uma ficha completa usando as regras do livro.",
                    mode="canonical_answer",
                    limit=5,
                )
            )
E           TypeError: KnowledgeSpaceService.query_space() missing 1 required keyword-only argument: 'user_id'

tests/unit/services/test_knowledge_space_service.py:2105: TypeError
________ test_estimate_query_timing_marks_task_queries_as_deep_and_slow ________

    def test_estimate_query_timing_marks_task_queries_as_deep_and_slow():
        service = KnowledgeSpaceService()
        service.get_space = lambda **kwargs: {  # type: ignore[method-assign]
            "knowledge_space_id": "ks-1",
            "name": "KS",
            "sections_indexed": 580,
            "documents_indexed": 2,
        }
    
>       hint = service.estimate_query_timing(
            knowledge_space_id="ks-1",
            question="Crie uma ficha completa usando o livro base e o suplemento.",
            mode="auto",
        )
E       TypeError: KnowledgeSpaceService.estimate_query_timing() missing 1 required keyword-only argument: 'user_id'

tests/unit/services/test_knowledge_space_service.py:2132: TypeError
________________ test_active_memory_prioritizes_secret_capture _________________

monkeypatch = <_pytest.monkeypatch.MonkeyPatch object at 0x14889c530>

    @pytest.mark.asyncio
    async def test_active_memory_prioritizes_secret_capture(monkeypatch):
        svc = ActiveMemoryService()
    
        async def _secret(**kwargs):
            return {"status": "created", "id": "sec-1"}
    
        async def _procedural(**kwargs):
            raise AssertionError("procedural should not run after secret capture")
    
        async def _semantic(**kwargs):
            raise AssertionError("semantic should not run after secret capture")
    
        monkeypatch.setattr(
            "app.services.active_memory_service.secret_memory_service.maybe_capture_from_message",
            _secret,
        )
        monkeypatch.setattr(
            "app.services.active_memory_service.procedural_memory_service.maybe_capture_from_message",
            _procedural,
        )
        monkeypatch.setattr(
            "app.services.active_memory_service.user_preference_memory_service.maybe_capture_from_message",
            _semantic,
        )
    
>       result = await svc.maybe_capture_from_message(
            message="Minha senha do Wi-Fi é Abc12345",
            conversation_id="c-1",
        )
E       TypeError: ActiveMemoryService.maybe_capture_from_message() missing 1 required keyword-only argument: 'user_id'

tests/unit/test_active_memory_service.py:32: TypeError
____________ test_ingest_file_includes_semantic_metadata_in_payload ____________

monkeypatch = <_pytest.monkeypatch.MonkeyPatch object at 0x14882bef0>

    @pytest.mark.asyncio
    async def test_ingest_file_includes_semantic_metadata_in_payload(monkeypatch):
        monkeypatch.setattr(settings, "AI_DOC_ENRICHMENT_ENABLED", True)
    
        fake_client = _FakeQdrantClient()
    
        async def _fake_embed_texts(chunks):
            return [[0.1, 0.2, 0.3] for _ in chunks]
    
        async def _fake_get_collection(_name):
            return "user_u-1"
    
        monkeypatch.setattr(document_module, "aembed_texts", _fake_embed_texts)
        monkeypatch.setattr(document_module, "aget_or_create_collection", _fake_get_collection)
        monkeypatch.setattr(document_module, "get_async_qdrant_client", lambda: fake_client)
    
        service = DocumentIngestionService(memory_service=object())
        service._parser.parse = lambda *_args, **_kwargs: (
            "Privacy policy objetivo: explicar uso de dados e conformidade LGPD. "
            "Contato legal@janus.ai. URL https://janus.ai/privacy."
        )
    
>       result = await service.ingest_file(
            filename="privacy.txt",
            content_type="text/plain",
            data=b"fake",
            conversation_id="c-1",
        )
E       TypeError: DocumentIngestionService.ingest_file() missing 1 required positional argument: 'user_id'

tests/unit/test_ai016_document_semantic_enrichment.py:93: TypeError
_________________ test_autonomy_admin_requires_authentication __________________

monkeypatch = <_pytest.monkeypatch.MonkeyPatch object at 0x1495318b0>

    def test_autonomy_admin_requires_authentication(monkeypatch):
>       client = _build_client(monkeypatch, admin_ids={1})
                 ^^^^^^^^^^^^^^^^^^^^^^^^^^^^^^^^^^^^^^^^^

tests/unit/test_autonomy_admin_authz.py:65: 
_ _ _ _ _ _ _ _ _ _ _ _ _ _ _ _ _ _ _ _ _ _ _ _ _ _ _ _ _ _ _ _ _ _ _ _ _ _ _ _ 

monkeypatch = <_pytest.monkeypatch.MonkeyPatch object at 0x1495318b0>
admin_ids = {1}

    def _build_client(monkeypatch, admin_ids: set[int] | None = None) -> TestClient:
        admin_ids = admin_ids or set()
        app = FastAPI()
        app.include_router(autonomy_admin_router, prefix="/api/v1/autonomy/admin")
        app.dependency_overrides[get_autonomy_admin_service] = lambda: _AdminServiceStub()
    
        class _Repo:
            def is_admin(self, user_id: int) -> bool:
                return user_id in admin_ids
    
>       monkeypatch.setattr(request_guard, "UserRepository", lambda: _Repo())
E       AttributeError: <module 'app.core.security.request_guard' from '/Users/arthurparaiso/repos/janus-completo/backend/app/core/security/request_guard.py'> has no attribute 'UserRepository'

tests/unit/test_autonomy_admin_authz.py:52: AttributeError
___________________ test_autonomy_admin_requires_admin_role ____________________

monkeypatch = <_pytest.monkeypatch.MonkeyPatch object at 0x149810650>

    def test_autonomy_admin_requires_admin_role(monkeypatch):
>       client = _build_client(monkeypatch, admin_ids={99})
                 ^^^^^^^^^^^^^^^^^^^^^^^^^^^^^^^^^^^^^^^^^^

tests/unit/test_autonomy_admin_authz.py:71: 
_ _ _ _ _ _ _ _ _ _ _ _ _ _ _ _ _ _ _ _ _ _ _ _ _ _ _ _ _ _ _ _ _ _ _ _ _ _ _ _ 

monkeypatch = <_pytest.monkeypatch.MonkeyPatch object at 0x149810650>
admin_ids = {99}

    def _build_client(monkeypatch, admin_ids: set[int] | None = None) -> TestClient:
        admin_ids = admin_ids or set()
        app = FastAPI()
        app.include_router(autonomy_admin_router, prefix="/api/v1/autonomy/admin")
        app.dependency_overrides[get_autonomy_admin_service] = lambda: _AdminServiceStub()
    
        class _Repo:
            def is_admin(self, user_id: int) -> bool:
                return user_id in admin_ids
    
>       monkeypatch.setattr(request_guard, "UserRepository", lambda: _Repo())
E       AttributeError: <module 'app.core.security.request_guard' from '/Users/arthurparaiso/repos/janus-completo/backend/app/core/security/request_guard.py'> has no attribute 'UserRepository'

tests/unit/test_autonomy_admin_authz.py:52: AttributeError
_______________________ test_autonomy_admin_allows_admin _______________________

monkeypatch = <_pytest.monkeypatch.MonkeyPatch object at 0x14983cb30>

    def test_autonomy_admin_allows_admin(monkeypatch):
>       client = _build_client(monkeypatch, admin_ids={10})
                 ^^^^^^^^^^^^^^^^^^^^^^^^^^^^^^^^^^^^^^^^^^

tests/unit/test_autonomy_admin_authz.py:80: 
_ _ _ _ _ _ _ _ _ _ _ _ _ _ _ _ _ _ _ _ _ _ _ _ _ _ _ _ _ _ _ _ _ _ _ _ _ _ _ _ 

monkeypatch = <_pytest.monkeypatch.MonkeyPatch object at 0x14983cb30>
admin_ids = {10}

    def _build_client(monkeypatch, admin_ids: set[int] | None = None) -> TestClient:
        admin_ids = admin_ids or set()
        app = FastAPI()
        app.include_router(autonomy_admin_router, prefix="/api/v1/autonomy/admin")
        app.dependency_overrides[get_autonomy_admin_service] = lambda: _AdminServiceStub()
    
        class _Repo:
            def is_admin(self, user_id: int) -> bool:
                return user_id in admin_ids
    
>       monkeypatch.setattr(request_guard, "UserRepository", lambda: _Repo())
E       AttributeError: <module 'app.core.security.request_guard' from '/Users/arthurparaiso/repos/janus-completo/backend/app/core/security/request_guard.py'> has no attribute 'UserRepository'

tests/unit/test_autonomy_admin_authz.py:52: AttributeError
_________ test_recall_self_study_memories_prefers_linked_code_summary __________

monkeypatch = <_pytest.monkeypatch.MonkeyPatch object at 0x149812450>

    @pytest.mark.asyncio
    async def test_recall_self_study_memories_prefers_linked_code_summary(monkeypatch):
        service = _new_service(citations=[])
        filters_seen: list[dict[str, object]] = []
    
        class _MemoryDb:
            async def arecall_filtered(self, *, query, filters, limit, min_score):
                del query, limit, min_score
                filters_seen.append(filters)
                if filters.get("neo4j_sync_status") == "linked":
                    return []
                return [
                    SimpleNamespace(
                        content="Resumo forte",
                        metadata={
                            "file_path": "backend/app/services/example.py",
                            "captured_at": 123,
                        },
                        score=0.8,
                    )
                ]
    
        async def _fake_get_memory_db():
            return _MemoryDb()
    
        monkeypatch.setattr(autonomy_admin_module, "get_memory_db", _fake_get_memory_db)
    
        rows = await service._recall_self_study_memories(question="example")
    
>       assert len(rows) == 1
E       assert 0 == 1
E        +  where 0 = len([])

tests/unit/test_autonomy_admin_service_scope.py:746: AssertionError
----------------------------- Captured stdout call -----------------------------
{"error": "KnowledgeRoutingPolicy.resolve() got an unexpected keyword argument 'user_id'", "event": "admin_code_qa_self_study_qdrant_failed", "logger": "app.services.autonomy_admin_service", "level": "warning", "timestamp": "2026-04-10T18:01:13.900278Z", "trace_id": "-", "user_id": "-", "session_id": "-", "conversation_id": "-", "project_id": "-"}
------------------------------ Captured log call -------------------------------
WARNING  app.services.autonomy_admin_service:autonomy_admin_service.py:1707 {"error": "KnowledgeRoutingPolicy.resolve() got an unexpected keyword argument 'user_id'", "event": "admin_code_qa_self_study_qdrant_failed", "logger": "app.services.autonomy_admin_service", "level": "warning", "timestamp": "2026-04-10T18:01:13.900278Z", "trace_id": "-", "user_id": "-", "session_id": "-", "conversation_id": "-", "project_id": "-"}
_________________________ test_make_scope_key_variants _________________________

    def test_make_scope_key_variants():
>       assert AutonomyLockService.make_scope_key(project_id=None) == "global"
               ^^^^^^^^^^^^^^^^^^^^^^^^^^^^^^^^^^^^^^^^^^^^^^^^^^^
E       TypeError: AutonomyLockService.make_scope_key() missing 1 required keyword-only argument: 'user_id'

tests/unit/test_autonomy_lock_service.py:58: TypeError
_________ test_build_confirmation_payload_requires_real_pending_action _________

    def test_build_confirmation_payload_requires_real_pending_action() -> None:
        assert build_confirmation_payload(pending_action_id=None, reason=None) is None
        assert build_confirmation_payload(pending_action_id=None, reason="None") is None
>       assert build_confirmation_payload(pending_action_id=None, reason="high_risk") is None
E       AssertionError: assert {'reason': 'high_risk', 'required': True, 'source': 'heuristic'} is None
E        +  where {'reason': 'high_risk', 'required': True, 'source': 'heuristic'} = build_confirmation_payload(pending_action_id=None, reason='high_risk')

tests/unit/test_chat_contracts_confirmation.py:13: AssertionError
________ test_maybe_create_fallback_pending_action_from_pending_marker _________

monkeypatch = <_pytest.monkeypatch.MonkeyPatch object at 0x149655940>

    def test_maybe_create_fallback_pending_action_from_pending_marker(monkeypatch) -> None:
        class FakePending:
            id = 42
    
        class FakeRepo:
            def create(self, **kwargs):
                assert kwargs["user_id"] == "9"
                assert kwargs["tool_name"] == "chat_high_risk_request"
                assert "chat_confirmation_fallback" in kwargs["args_json"]
                return FakePending()
    
        monkeypatch.setattr(
            "app.repositories.pending_action_repository.PendingActionRepository",
            lambda: FakeRepo(),
        )
    
        pending_id, reason = maybe_create_fallback_pending_action(
            message="gere uma acao pendente",
            assistant_response="pending_action_id: clean_tmp_001",
            conversation_id="conv-123",
            existing_pending_action_id=None,
            understanding={"intent": "action_request"},
        )
    
>       assert pending_id == 42
E       assert None == 42

tests/unit/test_chat_contracts_confirmation.py:70: AssertionError
_________ test_resolve_authenticated_user_context_strict_requires_auth _________

monkeypatch = <_pytest.monkeypatch.MonkeyPatch object at 0x14967bb30>

    def test_resolve_authenticated_user_context_strict_requires_auth(monkeypatch):
        monkeypatch.setenv("CHAT_AUTH_ENFORCE_REQUIRED", "1")
        http = _DummyRequest(actor_user_id=None, headers={})
    
>       ctx = chat_deps.resolve_authenticated_user_context(
            http,
            explicit_user_id=None,
            allow_anonymous_fallback=True,
            endpoint_label="/api/v1/chat/message",
        )

tests/unit/test_chat_deps_identity.py:24: 
_ _ _ _ _ _ _ _ _ _ _ _ _ _ _ _ _ _ _ _ _ _ _ _ _ _ _ _ _ _ _ _ _ _ _ _ _ _ _ _ 

http = <test_chat_deps_identity._DummyRequest object at 0x14967bd10>
explicit_user_id = None

    def resolve_authenticated_user_context(
        http: Request | None,
        explicit_user_id: str | None,
        *,
        allow_anonymous_fallback: bool = False,
        endpoint_label: str = "/api/v1/chat",
    ) -> ChatIdentityResolution:
        """Resolve chat identity with support for transition mode and enforcement mode.
    
        identity_source:
        - explicit: explicit user_id param/body accepted
        - actor: authenticated actor (bearer)
        - header: X-User-Id fallback accepted in transition
        - anonymous: anonymous fallback accepted in transition
        - unknown: unresolved
        """
        enforce = _chat_auth_enforced()
        warn = _chat_transition_warn()
        auth_present = _auth_header_present(http)
        actor = actor_user_id(http)
        xuid = _x_user_id_header(http)
        explicit = str(explicit_user_id).strip() if explicit_user_id else None
    
        # Strict mode: require authenticated actor (Authorization-derived)
        if enforce:
            if actor and auth_present:
                if explicit and explicit != actor:
                    # Ignore mismatched client-claimed user and trust authenticated actor.
                    return ChatIdentityResolution(
                        user_id=actor,
                        identity_source="actor",
                        auth_present=True,
                        authenticated=True,
                    )
                if explicit and explicit == actor:
                    return ChatIdentityResolution(
                        user_id=actor,
                        identity_source="explicit",
                        auth_present=True,
                        authenticated=True,
                    )
                return ChatIdentityResolution(
                    user_id=actor,
                    identity_source="actor",
                    auth_present=True,
                    authenticated=True,
                )
>           return ChatIdentityResolution(
                user_id=None,
                identity_source="unknown",
                auth_present=auth_present or bool(xuid),
                authenticated=False,
            )
E           TypeError: ChatIdentityResolution.__init__() got an unexpected keyword argument 'user_id'

app/api/v1/endpoints/chat/deps.py:160: TypeError
______ test_resolve_authenticated_user_context_transition_accepts_header _______

monkeypatch = <_pytest.monkeypatch.MonkeyPatch object at 0x14967ae40>

    def test_resolve_authenticated_user_context_transition_accepts_header(monkeypatch):
        monkeypatch.setenv("CHAT_AUTH_ENFORCE_REQUIRED", "0")
        monkeypatch.setenv("CHAT_AUTH_TRANSITION_WARN", "0")
        http = _DummyRequest(actor_user_id="u-123", headers={"X-User-Id": "u-123"})
    
>       ctx = chat_deps.resolve_authenticated_user_context(
            http,
            explicit_user_id=None,
            allow_anonymous_fallback=False,
            endpoint_label="/api/v1/chat/stream",
        )

tests/unit/test_chat_deps_identity.py:41: 
_ _ _ _ _ _ _ _ _ _ _ _ _ _ _ _ _ _ _ _ _ _ _ _ _ _ _ _ _ _ _ _ _ _ _ _ _ _ _ _ 

http = <test_chat_deps_identity._DummyRequest object at 0x14967a420>
explicit_user_id = None

    def resolve_authenticated_user_context(
        http: Request | None,
        explicit_user_id: str | None,
        *,
        allow_anonymous_fallback: bool = False,
        endpoint_label: str = "/api/v1/chat",
    ) -> ChatIdentityResolution:
        """Resolve chat identity with support for transition mode and enforcement mode.
    
        identity_source:
        - explicit: explicit user_id param/body accepted
        - actor: authenticated actor (bearer)
        - header: X-User-Id fallback accepted in transition
        - anonymous: anonymous fallback accepted in transition
        - unknown: unresolved
        """
        enforce = _chat_auth_enforced()
        warn = _chat_transition_warn()
        auth_present = _auth_header_present(http)
        actor = actor_user_id(http)
        xuid = _x_user_id_header(http)
        explicit = str(explicit_user_id).strip() if explicit_user_id else None
    
        # Strict mode: require authenticated actor (Authorization-derived)
        if enforce:
            if actor and auth_present:
                if explicit and explicit != actor:
                    # Ignore mismatched client-claimed user and trust authenticated actor.
                    return ChatIdentityResolution(
                        user_id=actor,
                        identity_source="actor",
                        auth_present=True,
                        authenticated=True,
                    )
                if explicit and explicit == actor:
                    return ChatIdentityResolution(
                        user_id=actor,
                        identity_source="explicit",
                        auth_present=True,
                        authenticated=True,
                    )
                return ChatIdentityResolution(
                    user_id=actor,
                    identity_source="actor",
                    auth_present=True,
                    authenticated=True,
                )
            return ChatIdentityResolution(
                user_id=None,
                identity_source="unknown",
                auth_present=auth_present or bool(xuid),
                authenticated=False,
            )
    
        # Transition mode: preserve compatibility, but emit deprecation-worthy resolutions.
        if actor and auth_present:
            if explicit and explicit == actor:
                return ChatIdentityResolution(
                    user_id=actor,
                    identity_source="explicit",
                    auth_present=True,
                    authenticated=True,
                )
            return ChatIdentityResolution(
                user_id=actor,
                identity_source="actor",
                auth_present=True,
                authenticated=True,
            )
    
        if explicit:
            if warn:
                import structlog
    
                structlog.get_logger(__name__).warning(
                    "chat_identity_deprecated_explicit_user_id",
                    endpoint=endpoint_label,
                )
            return ChatIdentityResolution(
                user_id=explicit,
                identity_source="explicit",
                auth_present=auth_present,
                authenticated=False,
            )
    
        if actor:
            # actor set without auth header usually means dev X-User-Id trust path.
            source = "header" if xuid else "actor"
            if warn and source == "header":
                import structlog
    
                structlog.get_logger(__name__).warning(
                    "chat_identity_deprecated_x_user_id_header",
                    endpoint=endpoint_label,
                )
>           return ChatIdentityResolution(
                user_id=actor,
                identity_source=source,
                auth_present=auth_present or bool(xuid),
                authenticated=False,
            )
E           TypeError: ChatIdentityResolution.__init__() got an unexpected keyword argument 'user_id'

app/api/v1/endpoints/chat/deps.py:208: TypeError
___________________ test_stream_message_emits_token_and_done ___________________

    @pytest.mark.asyncio
    async def test_stream_message_emits_token_and_done():
        repo = ChatRepositorySQL()
        svc = ChatService(repo, DummyLLM(), None)
>       cid = svc.start_conversation("assistant", None, None)
              ^^^^^^^^^^^^^^^^^^^^^^^^^^^^^^^^^^^^^^^^^^^^^^^
E       TypeError: ChatService.start_conversation() takes 3 positional arguments but 4 were given

tests/unit/test_chat_service_stream.py:28: TypeError
__________________ test_stream_message_rejects_large_message ___________________

    @pytest.mark.asyncio
    async def test_stream_message_rejects_large_message():
        import os
        os.environ["CHAT_MAX_MESSAGE_BYTES"] = "10240"
        repo = ChatRepositorySQL()
        svc = ChatService(repo, DummyLLM(), None)
>       cid = svc.start_conversation("assistant", None, None)
              ^^^^^^^^^^^^^^^^^^^^^^^^^^^^^^^^^^^^^^^^^^^^^^^
E       TypeError: ChatService.start_conversation() takes 3 positional arguments but 4 were given

tests/unit/test_chat_service_stream.py:41: TypeError
_______________________ test_utf8_and_heartbeat_emission _______________________

    @pytest.mark.asyncio
    async def test_utf8_and_heartbeat_emission():
        os.environ["CHAT_HEARTBEAT_INTERVAL_SECONDS"] = "1"
        repo = ChatRepositorySQL()
        svc = ChatService(repo, DummyLLM(), None)
>       cid = svc.start_conversation("assistant", None, None)
              ^^^^^^^^^^^^^^^^^^^^^^^^^^^^^^^^^^^^^^^^^^^^^^^
E       TypeError: ChatService.start_conversation() takes 3 positional arguments but 4 were given

tests/unit/test_chat_service_utf8_heartbeat.py:27: TypeError
____________ test_streaming_service_emits_protocol_partial_and_done ____________

    @pytest.mark.asyncio
    async def test_streaming_service_emits_protocol_partial_and_done():
        repo = _FakeRepo()
        convo_service = ConversationService(repo)
        msg_orch = _FakeMessageOrchestration()
        streaming = StreamingService(
            repo=repo,
            llm_service=_FakeLLM(),
            tool_service=None,
            prompt_service=_FakePromptService(),
            rag_service=None,
            conversation_service=convo_service,
            message_orchestration_service=msg_orch,
        )
    
>       lines = [
            line
            async for line in streaming.stream_message(
                conversation_id="conv-1",
                message="hello",
                role=ModelRole.ORCHESTRATOR,
                priority=ModelPriority.FAST_AND_CHEAP,
            )
        ]

tests/unit/test_chat_streaming_service.py:169: 
_ _ _ _ _ _ _ _ _ _ _ _ _ _ _ _ _ _ _ _ _ _ _ _ _ _ _ _ _ _ _ _ _ _ _ _ _ _ _ _ 

self = <app.services.chat.streaming_service.StreamingService object at 0x1495e2510>
conversation_id = 'conv-1', message = 'hello'
role = <ModelRole.ORCHESTRATOR: 'orchestrator'>
priority = <ModelPriority.FAST_AND_CHEAP: 'fast_and_cheap'>
timeout_seconds = None, user_id = None, project_id = None
knowledge_space_id = None, identity_source = 'unknown', requested_role = None
routing_decision = None, route_applied = None

    async def stream_message(
        self,
        conversation_id: str,
        message: str,
        role: ModelRole | None = None,
        priority: ModelPriority | None = None,
        timeout_seconds: int | None = None,
        user_id: str | None = None,
        project_id: str | None = None,
        knowledge_space_id: str | None = None,
        identity_source: str = "unknown",
        requested_role: str | None = None,
        routing_decision: Any | None = None,
        route_applied: bool | None = None,
    ):
        role = role or ModelRole.ORCHESTRATOR
        priority = priority or ModelPriority.HIGH_QUALITY
    
        max_bytes = int(os.getenv("CHAT_MAX_MESSAGE_BYTES", str(10 * 1024)))
        default_timeout = int(os.getenv("CHAT_DEFAULT_TIMEOUT_SECONDS", "30"))
        heartbeat_interval = int(os.getenv("CHAT_HEARTBEAT_INTERVAL_SECONDS", "30"))
        protocol_version = os.getenv("CHAT_SSE_PROTOCOL_VERSION", "2025-11.v1")
        deprecate_partial_at = os.getenv("CHAT_SSE_PARTIAL_DEPRECATE_AT", "2026-03-01")
    
        try:
            if message and len(message.encode("utf-8")) > max_bytes:
                err = json.dumps(
                    chat_sse_error_payload(
                        code="CHAT_MESSAGE_TOO_LARGE",
                        message="Message too large",
                        category="validation",
                        retryable=False,
                        http_status=413,
                    ),
                    ensure_ascii=False,
                )
                yield f"event: error\ndata: {err}\n\n"
                return
        except Exception:
            pass
    
        understanding = build_understanding_payload(message)
        try:
            conv = self._repo.get_conversation(conversation_id)
>           self._conversation_service.validate_conversation_access(
                conversation_id, conv, user_id, project_id
            )
E           TypeError: ConversationService.validate_conversation_access() takes 4 positional arguments but 5 were given

app/services/chat/streaming_service.py:110: TypeError
__ test_streaming_service_sse_high_risk_emits_confirmation_and_waiting_state ___

monkeypatch = <_pytest.monkeypatch.MonkeyPatch object at 0x149678800>

    @pytest.mark.asyncio
    async def test_streaming_service_sse_high_risk_emits_confirmation_and_waiting_state(monkeypatch):
        repo = _FakeRepo()
        convo_service = ConversationService(repo)
        msg_orch = _FakeMessageOrchestration()
        streaming = StreamingService(
            repo=repo,
            llm_service=_FakeLLM(),
            tool_service=None,
            prompt_service=_FakePromptService(),
            rag_service=None,
            conversation_service=convo_service,
            message_orchestration_service=msg_orch,
        )
    
        def _fake_fallback_pending_action(**kwargs):
            understanding = kwargs.get("understanding") or {}
            assert understanding.get("requires_confirmation") is True
            assert understanding.get("confirmation_reason") == "high_risk"
            return 999, "high_risk"
    
        monkeypatch.setattr(
            "app.services.chat.streaming_service.maybe_create_fallback_pending_action",
            _fake_fallback_pending_action,
        )
    
>       chunks = [
            line
            async for line in streaming.stream_message(
                conversation_id="conv-1",
                message="execute deploy in production now",
                role=ModelRole.ORCHESTRATOR,
                priority=ModelPriority.FAST_AND_CHEAP,
                requested_role="auto",
                routing_decision=_FakeRoutingDecision(risk_level="high"),
                route_applied=True,
            )
        ]

tests/unit/test_chat_streaming_service.py:212: 
_ _ _ _ _ _ _ _ _ _ _ _ _ _ _ _ _ _ _ _ _ _ _ _ _ _ _ _ _ _ _ _ _ _ _ _ _ _ _ _ 

self = <app.services.chat.streaming_service.StreamingService object at 0x149679b20>
conversation_id = 'conv-1', message = 'execute deploy in production now'
role = <ModelRole.ORCHESTRATOR: 'orchestrator'>
priority = <ModelPriority.FAST_AND_CHEAP: 'fast_and_cheap'>
timeout_seconds = None, user_id = None, project_id = None
knowledge_space_id = None, identity_source = 'unknown', requested_role = 'auto'
routing_decision = <test_chat_streaming_service._FakeRoutingDecision object at 0x1496785f0>
route_applied = True

    async def stream_message(
        self,
        conversation_id: str,
        message: str,
        role: ModelRole | None = None,
        priority: ModelPriority | None = None,
        timeout_seconds: int | None = None,
        user_id: str | None = None,
        project_id: str | None = None,
        knowledge_space_id: str | None = None,
        identity_source: str = "unknown",
        requested_role: str | None = None,
        routing_decision: Any | None = None,
        route_applied: bool | None = None,
    ):
        role = role or ModelRole.ORCHESTRATOR
        priority = priority or ModelPriority.HIGH_QUALITY
    
        max_bytes = int(os.getenv("CHAT_MAX_MESSAGE_BYTES", str(10 * 1024)))
        default_timeout = int(os.getenv("CHAT_DEFAULT_TIMEOUT_SECONDS", "30"))
        heartbeat_interval = int(os.getenv("CHAT_HEARTBEAT_INTERVAL_SECONDS", "30"))
        protocol_version = os.getenv("CHAT_SSE_PROTOCOL_VERSION", "2025-11.v1")
        deprecate_partial_at = os.getenv("CHAT_SSE_PARTIAL_DEPRECATE_AT", "2026-03-01")
    
        try:
            if message and len(message.encode("utf-8")) > max_bytes:
                err = json.dumps(
                    chat_sse_error_payload(
                        code="CHAT_MESSAGE_TOO_LARGE",
                        message="Message too large",
                        category="validation",
                        retryable=False,
                        http_status=413,
                    ),
                    ensure_ascii=False,
                )
                yield f"event: error\ndata: {err}\n\n"
                return
        except Exception:
            pass
    
        understanding = build_understanding_payload(message)
        try:
            conv = self._repo.get_conversation(conversation_id)
>           self._conversation_service.validate_conversation_access(
                conversation_id, conv, user_id, project_id
            )
E           TypeError: ConversationService.validate_conversation_access() takes 4 positional arguments but 5 were given

app/services/chat/streaming_service.py:110: TypeError
________ test_streaming_service_sse_non_risk_does_not_emit_confirmation ________

monkeypatch = <_pytest.monkeypatch.MonkeyPatch object at 0x149654800>

    @pytest.mark.asyncio
    async def test_streaming_service_sse_non_risk_does_not_emit_confirmation(monkeypatch):
        repo = _FakeRepo()
        convo_service = ConversationService(repo)
        msg_orch = _FakeMessageOrchestration()
        streaming = StreamingService(
            repo=repo,
            llm_service=_FakeLLM(),
            tool_service=None,
            prompt_service=_FakePromptService(),
            rag_service=None,
            conversation_service=convo_service,
            message_orchestration_service=msg_orch,
        )
    
        monkeypatch.setattr(
            "app.services.chat.streaming_service.maybe_create_fallback_pending_action",
            lambda **kwargs: (None, None),
        )
    
>       chunks = [
            line
            async for line in streaming.stream_message(
                conversation_id="conv-1",
                message="hello docs",
                role=ModelRole.ORCHESTRATOR,
                priority=ModelPriority.FAST_AND_CHEAP,
                requested_role="auto",
                routing_decision=_FakeRoutingDecision(risk_level="low"),
                route_applied=True,
            )
        ]

tests/unit/test_chat_streaming_service.py:263: 
_ _ _ _ _ _ _ _ _ _ _ _ _ _ _ _ _ _ _ _ _ _ _ _ _ _ _ _ _ _ _ _ _ _ _ _ _ _ _ _ 

self = <app.services.chat.streaming_service.StreamingService object at 0x1496542f0>
conversation_id = 'conv-1', message = 'hello docs'
role = <ModelRole.ORCHESTRATOR: 'orchestrator'>
priority = <ModelPriority.FAST_AND_CHEAP: 'fast_and_cheap'>
timeout_seconds = None, user_id = None, project_id = None
knowledge_space_id = None, identity_source = 'unknown', requested_role = 'auto'
routing_decision = <test_chat_streaming_service._FakeRoutingDecision object at 0x149655910>
route_applied = True

    async def stream_message(
        self,
        conversation_id: str,
        message: str,
        role: ModelRole | None = None,
        priority: ModelPriority | None = None,
        timeout_seconds: int | None = None,
        user_id: str | None = None,
        project_id: str | None = None,
        knowledge_space_id: str | None = None,
        identity_source: str = "unknown",
        requested_role: str | None = None,
        routing_decision: Any | None = None,
        route_applied: bool | None = None,
    ):
        role = role or ModelRole.ORCHESTRATOR
        priority = priority or ModelPriority.HIGH_QUALITY
    
        max_bytes = int(os.getenv("CHAT_MAX_MESSAGE_BYTES", str(10 * 1024)))
        default_timeout = int(os.getenv("CHAT_DEFAULT_TIMEOUT_SECONDS", "30"))
        heartbeat_interval = int(os.getenv("CHAT_HEARTBEAT_INTERVAL_SECONDS", "30"))
        protocol_version = os.getenv("CHAT_SSE_PROTOCOL_VERSION", "2025-11.v1")
        deprecate_partial_at = os.getenv("CHAT_SSE_PARTIAL_DEPRECATE_AT", "2026-03-01")
    
        try:
            if message and len(message.encode("utf-8")) > max_bytes:
                err = json.dumps(
                    chat_sse_error_payload(
                        code="CHAT_MESSAGE_TOO_LARGE",
                        message="Message too large",
                        category="validation",
                        retryable=False,
                        http_status=413,
                    ),
                    ensure_ascii=False,
                )
                yield f"event: error\ndata: {err}\n\n"
                return
        except Exception:
            pass
    
        understanding = build_understanding_payload(message)
        try:
            conv = self._repo.get_conversation(conversation_id)
>           self._conversation_service.validate_conversation_access(
                conversation_id, conv, user_id, project_id
            )
E           TypeError: ConversationService.validate_conversation_access() takes 4 positional arguments but 5 were given

app/services/chat/streaming_service.py:110: TypeError
__ test_streaming_service_missing_required_citations_emits_and_persists_guard __

monkeypatch = <_pytest.monkeypatch.MonkeyPatch object at 0x1496542c0>

    @pytest.mark.asyncio
    async def test_streaming_service_missing_required_citations_emits_and_persists_guard(monkeypatch):
        repo = _FakeRepo()
        convo_service = ConversationService(repo)
        msg_orch = _FakeMessageOrchestration()
        streaming = StreamingService(
            repo=repo,
            llm_service=_FakeLLM(),
            tool_service=None,
            prompt_service=_FakePromptService(),
            rag_service=None,
            conversation_service=convo_service,
            message_orchestration_service=msg_orch,
        )
    
        monkeypatch.setattr(
            "app.services.chat.streaming_service.build_citation_status",
            lambda **kwargs: {
                "mode": "required",
                "status": "missing_required",
                "count": 0,
                "reason": "no_retrievable_sources",
            },
        )
    
>       chunks = [
            line
            async for line in streaming.stream_message(
                conversation_id="conv-1",
                message="Onde está a documentação da API",
                role=ModelRole.ORCHESTRATOR,
                priority=ModelPriority.FAST_AND_CHEAP,
            )
        ]

tests/unit/test_chat_streaming_service.py:306: 
_ _ _ _ _ _ _ _ _ _ _ _ _ _ _ _ _ _ _ _ _ _ _ _ _ _ _ _ _ _ _ _ _ _ _ _ _ _ _ _ 

self = <app.services.chat.streaming_service.StreamingService object at 0x149657f80>
conversation_id = 'conv-1', message = 'Onde está a documentação da API'
role = <ModelRole.ORCHESTRATOR: 'orchestrator'>
priority = <ModelPriority.FAST_AND_CHEAP: 'fast_and_cheap'>
timeout_seconds = None, user_id = None, project_id = None
knowledge_space_id = None, identity_source = 'unknown', requested_role = None
routing_decision = None, route_applied = None

    async def stream_message(
        self,
        conversation_id: str,
        message: str,
        role: ModelRole | None = None,
        priority: ModelPriority | None = None,
        timeout_seconds: int | None = None,
        user_id: str | None = None,
        project_id: str | None = None,
        knowledge_space_id: str | None = None,
        identity_source: str = "unknown",
        requested_role: str | None = None,
        routing_decision: Any | None = None,
        route_applied: bool | None = None,
    ):
        role = role or ModelRole.ORCHESTRATOR
        priority = priority or ModelPriority.HIGH_QUALITY
    
        max_bytes = int(os.getenv("CHAT_MAX_MESSAGE_BYTES", str(10 * 1024)))
        default_timeout = int(os.getenv("CHAT_DEFAULT_TIMEOUT_SECONDS", "30"))
        heartbeat_interval = int(os.getenv("CHAT_HEARTBEAT_INTERVAL_SECONDS", "30"))
        protocol_version = os.getenv("CHAT_SSE_PROTOCOL_VERSION", "2025-11.v1")
        deprecate_partial_at = os.getenv("CHAT_SSE_PARTIAL_DEPRECATE_AT", "2026-03-01")
    
        try:
            if message and len(message.encode("utf-8")) > max_bytes:
                err = json.dumps(
                    chat_sse_error_payload(
                        code="CHAT_MESSAGE_TOO_LARGE",
                        message="Message too large",
                        category="validation",
                        retryable=False,
                        http_status=413,
                    ),
                    ensure_ascii=False,
                )
                yield f"event: error\ndata: {err}\n\n"
                return
        except Exception:
            pass
    
        understanding = build_understanding_payload(message)
        try:
            conv = self._repo.get_conversation(conversation_id)
>           self._conversation_service.validate_conversation_access(
                conversation_id, conv, user_id, project_id
            )
E           TypeError: ConversationService.validate_conversation_access() takes 4 positional arguments but 5 were given

app/services/chat/streaming_service.py:110: TypeError
_ test_streaming_service_missing_required_citations_with_knowledge_space_skips_repo_study _

monkeypatch = <_pytest.monkeypatch.MonkeyPatch object at 0x1496552e0>

    @pytest.mark.asyncio
    async def test_streaming_service_missing_required_citations_with_knowledge_space_skips_repo_study(monkeypatch):
        repo = _FakeRepo()
        convo_service = ConversationService(repo)
        msg_orch = _FakeMessageOrchestration()
        streaming = StreamingService(
            repo=repo,
            llm_service=_FakeLLM(),
            tool_service=None,
            prompt_service=_FakePromptService(),
            rag_service=None,
            conversation_service=convo_service,
            message_orchestration_service=msg_orch,
        )
    
        monkeypatch.setattr(
            "app.services.chat.streaming_service.build_citation_status",
            lambda **kwargs: {
                "mode": "required",
                "status": "missing_required",
                "count": 0,
                "reason": "no_retrievable_sources",
            },
        )
    
        async def _explode(*args, **kwargs):
            raise AssertionError("repo study fallback should not run when knowledge space is active")
    
        monkeypatch.setattr(
            "app.services.chat.streaming_service.ChatStudyService.answer_with_study",
            _explode,
        )
    
>       chunks = [
            line
            async for line in streaming.stream_message(
                conversation_id="conv-1",
                message="Monte uma ficha usando o livro",
                role=ModelRole.ORCHESTRATOR,
                priority=ModelPriority.FAST_AND_CHEAP,
                knowledge_space_id="ks-1",
            )
        ]

tests/unit/test_chat_streaming_service.py:368: 
_ _ _ _ _ _ _ _ _ _ _ _ _ _ _ _ _ _ _ _ _ _ _ _ _ _ _ _ _ _ _ _ _ _ _ _ _ _ _ _ 

self = <app.services.chat.streaming_service.StreamingService object at 0x149657e60>
conversation_id = 'conv-1', message = 'Monte uma ficha usando o livro'
role = <ModelRole.ORCHESTRATOR: 'orchestrator'>
priority = <ModelPriority.FAST_AND_CHEAP: 'fast_and_cheap'>
timeout_seconds = None, user_id = None, project_id = None
knowledge_space_id = 'ks-1', identity_source = 'unknown', requested_role = None
routing_decision = None, route_applied = None

    async def stream_message(
        self,
        conversation_id: str,
        message: str,
        role: ModelRole | None = None,
        priority: ModelPriority | None = None,
        timeout_seconds: int | None = None,
        user_id: str | None = None,
        project_id: str | None = None,
        knowledge_space_id: str | None = None,
        identity_source: str = "unknown",
        requested_role: str | None = None,
        routing_decision: Any | None = None,
        route_applied: bool | None = None,
    ):
        role = role or ModelRole.ORCHESTRATOR
        priority = priority or ModelPriority.HIGH_QUALITY
    
        max_bytes = int(os.getenv("CHAT_MAX_MESSAGE_BYTES", str(10 * 1024)))
        default_timeout = int(os.getenv("CHAT_DEFAULT_TIMEOUT_SECONDS", "30"))
        heartbeat_interval = int(os.getenv("CHAT_HEARTBEAT_INTERVAL_SECONDS", "30"))
        protocol_version = os.getenv("CHAT_SSE_PROTOCOL_VERSION", "2025-11.v1")
        deprecate_partial_at = os.getenv("CHAT_SSE_PARTIAL_DEPRECATE_AT", "2026-03-01")
    
        try:
            if message and len(message.encode("utf-8")) > max_bytes:
                err = json.dumps(
                    chat_sse_error_payload(
                        code="CHAT_MESSAGE_TOO_LARGE",
                        message="Message too large",
                        category="validation",
                        retryable=False,
                        http_status=413,
                    ),
                    ensure_ascii=False,
                )
                yield f"event: error\ndata: {err}\n\n"
                return
        except Exception:
            pass
    
        understanding = build_understanding_payload(message)
        try:
            conv = self._repo.get_conversation(conversation_id)
>           self._conversation_service.validate_conversation_access(
                conversation_id, conv, user_id, project_id
            )
E           TypeError: ConversationService.validate_conversation_access() takes 4 positional arguments but 5 were given

app/services/chat/streaming_service.py:110: TypeError
_________ test_streaming_service_document_grounding_short_circuits_llm _________

    @pytest.mark.asyncio
    async def test_streaming_service_document_grounding_short_circuits_llm():
        repo = _FakeRepo()
        convo_service = ConversationService(repo)
        msg_orch = _FakeMessageOrchestration()
        msg_orch.grounded_result = {
            "response": "Do documento:\n- O texto menciona facial droop.",
            "provider": "janus",
            "model": "document_grounding",
            "citations": [
                {
                    "doc_id": "doc-1",
                    "title": "stroke.txt",
                    "source_type": "document",
                    "snippet": "facial droop",
                }
            ],
            "citation_status": {"mode": "optional", "status": "present", "count": 1, "reason": None},
        }
        streaming = StreamingService(
            repo=repo,
            llm_service=_FakeLLM(),
            tool_service=None,
            prompt_service=_FakePromptService(),
            rag_service=None,
            conversation_service=convo_service,
            message_orchestration_service=msg_orch,
        )
    
        events = _parse_sse_chunks(
>           [
                line
                async for line in streaming.stream_message(
                    conversation_id="conv-1",
                    message="Quais sinais o documento cita",
                    role=ModelRole.ORCHESTRATOR,
                    priority=ModelPriority.HIGH_QUALITY,
                )
            ]
        )

tests/unit/test_chat_streaming_service.py:426: 
_ _ _ _ _ _ _ _ _ _ _ _ _ _ _ _ _ _ _ _ _ _ _ _ _ _ _ _ _ _ _ _ _ _ _ _ _ _ _ _ 

self = <app.services.chat.streaming_service.StreamingService object at 0x1495e2a80>
conversation_id = 'conv-1', message = 'Quais sinais o documento cita'
role = <ModelRole.ORCHESTRATOR: 'orchestrator'>
priority = <ModelPriority.HIGH_QUALITY: 'high_quality'>, timeout_seconds = None
user_id = None, project_id = None, knowledge_space_id = None
identity_source = 'unknown', requested_role = None, routing_decision = None
route_applied = None

    async def stream_message(
        self,
        conversation_id: str,
        message: str,
        role: ModelRole | None = None,
        priority: ModelPriority | None = None,
        timeout_seconds: int | None = None,
        user_id: str | None = None,
        project_id: str | None = None,
        knowledge_space_id: str | None = None,
        identity_source: str = "unknown",
        requested_role: str | None = None,
        routing_decision: Any | None = None,
        route_applied: bool | None = None,
    ):
        role = role or ModelRole.ORCHESTRATOR
        priority = priority or ModelPriority.HIGH_QUALITY
    
        max_bytes = int(os.getenv("CHAT_MAX_MESSAGE_BYTES", str(10 * 1024)))
        default_timeout = int(os.getenv("CHAT_DEFAULT_TIMEOUT_SECONDS", "30"))
        heartbeat_interval = int(os.getenv("CHAT_HEARTBEAT_INTERVAL_SECONDS", "30"))
        protocol_version = os.getenv("CHAT_SSE_PROTOCOL_VERSION", "2025-11.v1")
        deprecate_partial_at = os.getenv("CHAT_SSE_PARTIAL_DEPRECATE_AT", "2026-03-01")
    
        try:
            if message and len(message.encode("utf-8")) > max_bytes:
                err = json.dumps(
                    chat_sse_error_payload(
                        code="CHAT_MESSAGE_TOO_LARGE",
                        message="Message too large",
                        category="validation",
                        retryable=False,
                        http_status=413,
                    ),
                    ensure_ascii=False,
                )
                yield f"event: error\ndata: {err}\n\n"
                return
        except Exception:
            pass
    
        understanding = build_understanding_payload(message)
        try:
            conv = self._repo.get_conversation(conversation_id)
>           self._conversation_service.validate_conversation_access(
                conversation_id, conv, user_id, project_id
            )
E           TypeError: ConversationService.validate_conversation_access() takes 4 positional arguments but 5 were given

app/services/chat/streaming_service.py:110: TypeError
_____ TestCircuitBreakerMonitoring.test_analytics_detects_failure_patterns _____

self = <test_circuit_breaker_comprehensive.TestCircuitBreakerMonitoring object at 0x146757b00>

    def test_analytics_detects_failure_patterns(self):
        """Test failure pattern detection."""
        analytics = CircuitBreakerAnalytics()
    
        # Record some metrics with increasing error rate
        now = datetime.now()
    
        # Older metrics with low error rate (20 minutes ago)
        old_time = now.replace(minute=(now.minute - 20) % 60)
        old_metrics = CircuitBreakerMetricsSnapshot(
            timestamp=old_time,
            total_calls=100,
            successful_calls=95,
            failed_calls=5,
            rejected_calls=0,
            state="CLOSED",
            failure_count=0,
            average_response_time=0.5,
            p95_response_time=1.0,
            error_rate=0.05,
            success_rate=0.95
        )
    
        # Recent metrics with high error rate (5 minutes ago)
        recent_time = now.replace(minute=(now.minute - 5) % 60)
        recent_metrics = CircuitBreakerMetricsSnapshot(
            timestamp=recent_time,
            total_calls=100,
            successful_calls=70,
            failed_calls=30,
            rejected_calls=10,
            state="OPEN",
            failure_count=3,
            average_response_time=2.0,
            p95_response_time=5.0,
            error_rate=0.3,
            success_rate=0.7
        )
    
        analytics.record_metrics("test_cb", old_metrics)
        analytics.record_metrics("test_cb", recent_metrics)
    
        # Analyze failure patterns
        analysis = analytics.analyze_failure_patterns("test_cb")
>       assert analysis["error_rate_trend"] == "increasing"
               ^^^^^^^^^^^^^^^^^^^^^^^^^^^^
E       KeyError: 'error_rate_trend'

tests/unit/test_circuit_breaker_comprehensive.py:325: KeyError
----------------------------- Captured stdout call -----------------------------
{"event": "circuit_breaker_analytics_initialized max_history_minutes=60", "logger": "app.core.memory.circuit_breaker_monitoring", "level": "info", "timestamp": "2026-04-10T18:01:14.227767Z", "trace_id": "-", "user_id": "-", "session_id": "-", "conversation_id": "-", "project_id": "-"}
------------------------------ Captured log call -------------------------------
INFO     app.core.memory.circuit_breaker_monitoring:circuit_breaker_monitoring.py:250 {"event": "circuit_breaker_analytics_initialized max_history_minutes=60", "logger": "app.core.memory.circuit_breaker_monitoring", "level": "info", "timestamp": "2026-04-10T18:01:14.227767Z", "trace_id": "-", "user_id": "-", "session_id": "-", "conversation_id": "-", "project_id": "-"}
______________ test_maybe_finalize_autonomy_goal_marks_completed _______________

monkeypatch = <_pytest.monkeypatch.MonkeyPatch object at 0x14997ea80>

    def test_maybe_finalize_autonomy_goal_marks_completed(monkeypatch):
        fake_goal_manager = _FakeGoalManager()
        import app.services.collaboration_service as collaboration_module
        monkeypatch.setattr(collaboration_module, "AutonomyGoalRepository", lambda: fake_goal_manager)
    
        service = CollaborationService(CollaborationRepository())
        state = _make_state(status="success", goal_id="goal-1")
        service.maybe_finalize_autonomy_goal(state)
    
>       assert fake_goal_manager.calls == [("goal-1", GoalStatus.COMPLETED)]
E       AssertionError: assert [] == [('goal-1', 'completed')]
E         
E         Right contains one more item: ('goal-1', 'completed')
E         
E         Full diff:
E         + []
E         - [
E         -     (
E         -         'goal-1',
E         -         'completed',
E         -     ),
E         - ]

tests/unit/test_collaboration_service_autonomy_hook.py:50: AssertionError
----------------------------- Captured stdout call -----------------------------
{"task_id": "36bcca8f-1f28-4631-ba45-025aa427b887", "error": "'_FakeGoalManager' object has no attribute 'get_goal'", "event": "autonomy_goal_completion_hook_failed", "logger": "app.services.collaboration_service", "level": "warning", "timestamp": "2026-04-10T18:01:14.366481Z", "trace_id": "-", "user_id": "-", "session_id": "-", "conversation_id": "-", "project_id": "-", "exception": "Traceback (most recent call last):\n  File \"/Users/arthurparaiso/repos/janus-completo/backend/app/services/collaboration_service.py\", line 352, in maybe_finalize_autonomy_goal\n    self._try_finalize_autonomy_goal_from_taskstate(task_state)\n  File \"/Users/arthurparaiso/repos/janus-completo/backend/app/services/collaboration_service.py\", line 391, in _try_finalize_autonomy_goal_from_taskstate\n    existing_goal = goal_repo.get_goal(goal_id)\n                    ^^^^^^^^^^^^^^^^^^\nAttributeError: '_FakeGoalManager' object has no attribute 'get_goal'"}
------------------------------ Captured log call -------------------------------
WARNING  app.services.collaboration_service:collaboration_service.py:354 {"task_id": "36bcca8f-1f28-4631-ba45-025aa427b887", "error": "'_FakeGoalManager' object has no attribute 'get_goal'", "event": "autonomy_goal_completion_hook_failed", "logger": "app.services.collaboration_service", "level": "warning", "timestamp": "2026-04-10T18:01:14.366481Z", "trace_id": "-", "user_id": "-", "session_id": "-", "conversation_id": "-", "project_id": "-", "exception": "Traceback (most recent call last):\n  File \"/Users/arthurparaiso/repos/janus-completo/backend/app/services/collaboration_service.py\", line 352, in maybe_finalize_autonomy_goal\n    self._try_finalize_autonomy_goal_from_taskstate(task_state)\n  File \"/Users/arthurparaiso/repos/janus-completo/backend/app/services/collaboration_service.py\", line 391, in _try_finalize_autonomy_goal_from_taskstate\n    existing_goal = goal_repo.get_goal(goal_id)\n                    ^^^^^^^^^^^^^^^^^^\nAttributeError: '_FakeGoalManager' object has no attribute 'get_goal'"}
______ test_maybe_finalize_autonomy_goal_marks_failed_for_terminal_error _______

monkeypatch = <_pytest.monkeypatch.MonkeyPatch object at 0x14997c740>

    def test_maybe_finalize_autonomy_goal_marks_failed_for_terminal_error(monkeypatch):
        fake_goal_manager = _FakeGoalManager()
        import app.services.collaboration_service as collaboration_module
        monkeypatch.setattr(collaboration_module, "AutonomyGoalRepository", lambda: fake_goal_manager)
    
        service = CollaborationService(CollaborationRepository())
        state = _make_state(status="error", goal_id="goal-2")
        service.maybe_finalize_autonomy_goal(state)
    
>       assert fake_goal_manager.calls == [("goal-2", GoalStatus.FAILED)]
E       AssertionError: assert [] == [('goal-2', 'failed')]
E         
E         Right contains one more item: ('goal-2', 'failed')
E         
E         Full diff:
E         + []
E         - [
E         -     (
E         -         'goal-2',
E         -         'failed',
E         -     ),
E         - ]

tests/unit/test_collaboration_service_autonomy_hook.py:64: AssertionError
----------------------------- Captured stdout call -----------------------------
{"task_id": "76780908-53ea-4ab7-b22b-5ab0fe3c730c", "error": "'_FakeGoalManager' object has no attribute 'get_goal'", "event": "autonomy_goal_completion_hook_failed", "logger": "app.services.collaboration_service", "level": "warning", "timestamp": "2026-04-10T18:01:14.369441Z", "trace_id": "-", "user_id": "-", "session_id": "-", "conversation_id": "-", "project_id": "-", "exception": "Traceback (most recent call last):\n  File \"/Users/arthurparaiso/repos/janus-completo/backend/app/services/collaboration_service.py\", line 352, in maybe_finalize_autonomy_goal\n    self._try_finalize_autonomy_goal_from_taskstate(task_state)\n  File \"/Users/arthurparaiso/repos/janus-completo/backend/app/services/collaboration_service.py\", line 391, in _try_finalize_autonomy_goal_from_taskstate\n    existing_goal = goal_repo.get_goal(goal_id)\n                    ^^^^^^^^^^^^^^^^^^\nAttributeError: '_FakeGoalManager' object has no attribute 'get_goal'"}
------------------------------ Captured log call -------------------------------
WARNING  app.services.collaboration_service:collaboration_service.py:354 {"task_id": "76780908-53ea-4ab7-b22b-5ab0fe3c730c", "error": "'_FakeGoalManager' object has no attribute 'get_goal'", "event": "autonomy_goal_completion_hook_failed", "logger": "app.services.collaboration_service", "level": "warning", "timestamp": "2026-04-10T18:01:14.369441Z", "trace_id": "-", "user_id": "-", "session_id": "-", "conversation_id": "-", "project_id": "-", "exception": "Traceback (most recent call last):\n  File \"/Users/arthurparaiso/repos/janus-completo/backend/app/services/collaboration_service.py\", line 352, in maybe_finalize_autonomy_goal\n    self._try_finalize_autonomy_goal_from_taskstate(task_state)\n  File \"/Users/arthurparaiso/repos/janus-completo/backend/app/services/collaboration_service.py\", line 391, in _try_finalize_autonomy_goal_from_taskstate\n    existing_goal = goal_repo.get_goal(goal_id)\n                    ^^^^^^^^^^^^^^^^^^\nAttributeError: '_FakeGoalManager' object has no attribute 'get_goal'"}
______ test_maybe_finalize_autonomy_goal_is_idempotent_on_same_taskstate _______

monkeypatch = <_pytest.monkeypatch.MonkeyPatch object at 0x14990d280>

    def test_maybe_finalize_autonomy_goal_is_idempotent_on_same_taskstate(monkeypatch):
        fake_goal_manager = _FakeGoalManager()
        import app.services.collaboration_service as collaboration_module
        monkeypatch.setattr(collaboration_module, "AutonomyGoalRepository", lambda: fake_goal_manager)
    
        service = CollaborationService(CollaborationRepository())
        state = _make_state(status="completed", goal_id="goal-4")
        service.maybe_finalize_autonomy_goal(state)
        service.maybe_finalize_autonomy_goal(state)
    
>       assert fake_goal_manager.calls == [("goal-4", GoalStatus.COMPLETED)]
E       AssertionError: assert [] == [('goal-4', 'completed')]
E         
E         Right contains one more item: ('goal-4', 'completed')
E         
E         Full diff:
E         + []
E         - [
E         -     (
E         -         'goal-4',
E         -         'completed',
E         -     ),
E         - ]

tests/unit/test_collaboration_service_autonomy_hook.py:89: AssertionError
----------------------------- Captured stdout call -----------------------------
{"task_id": "caf92841-6bd4-40a9-abf3-0e9e348bf05f", "error": "'_FakeGoalManager' object has no attribute 'get_goal'", "event": "autonomy_goal_completion_hook_failed", "logger": "app.services.collaboration_service", "level": "warning", "timestamp": "2026-04-10T18:01:14.371936Z", "trace_id": "-", "user_id": "-", "session_id": "-", "conversation_id": "-", "project_id": "-", "exception": "Traceback (most recent call last):\n  File \"/Users/arthurparaiso/repos/janus-completo/backend/app/services/collaboration_service.py\", line 352, in maybe_finalize_autonomy_goal\n    self._try_finalize_autonomy_goal_from_taskstate(task_state)\n  File \"/Users/arthurparaiso/repos/janus-completo/backend/app/services/collaboration_service.py\", line 391, in _try_finalize_autonomy_goal_from_taskstate\n    existing_goal = goal_repo.get_goal(goal_id)\n                    ^^^^^^^^^^^^^^^^^^\nAttributeError: '_FakeGoalManager' object has no attribute 'get_goal'"}
{"task_id": "caf92841-6bd4-40a9-abf3-0e9e348bf05f", "error": "'_FakeGoalManager' object has no attribute 'get_goal'", "event": "autonomy_goal_completion_hook_failed", "logger": "app.services.collaboration_service", "level": "warning", "timestamp": "2026-04-10T18:01:14.372590Z", "trace_id": "-", "user_id": "-", "session_id": "-", "conversation_id": "-", "project_id": "-", "exception": "Traceback (most recent call last):\n  File \"/Users/arthurparaiso/repos/janus-completo/backend/app/services/collaboration_service.py\", line 352, in maybe_finalize_autonomy_goal\n    self._try_finalize_autonomy_goal_from_taskstate(task_state)\n  File \"/Users/arthurparaiso/repos/janus-completo/backend/app/services/collaboration_service.py\", line 391, in _try_finalize_autonomy_goal_from_taskstate\n    existing_goal = goal_repo.get_goal(goal_id)\n                    ^^^^^^^^^^^^^^^^^^\nAttributeError: '_FakeGoalManager' object has no attribute 'get_goal'"}
------------------------------ Captured log call -------------------------------
WARNING  app.services.collaboration_service:collaboration_service.py:354 {"task_id": "caf92841-6bd4-40a9-abf3-0e9e348bf05f", "error": "'_FakeGoalManager' object has no attribute 'get_goal'", "event": "autonomy_goal_completion_hook_failed", "logger": "app.services.collaboration_service", "level": "warning", "timestamp": "2026-04-10T18:01:14.371936Z", "trace_id": "-", "user_id": "-", "session_id": "-", "conversation_id": "-", "project_id": "-", "exception": "Traceback (most recent call last):\n  File \"/Users/arthurparaiso/repos/janus-completo/backend/app/services/collaboration_service.py\", line 352, in maybe_finalize_autonomy_goal\n    self._try_finalize_autonomy_goal_from_taskstate(task_state)\n  File \"/Users/arthurparaiso/repos/janus-completo/backend/app/services/collaboration_service.py\", line 391, in _try_finalize_autonomy_goal_from_taskstate\n    existing_goal = goal_repo.get_goal(goal_id)\n                    ^^^^^^^^^^^^^^^^^^\nAttributeError: '_FakeGoalManager' object has no attribute 'get_goal'"}
WARNING  app.services.collaboration_service:collaboration_service.py:354 {"task_id": "caf92841-6bd4-40a9-abf3-0e9e348bf05f", "error": "'_FakeGoalManager' object has no attribute 'get_goal'", "event": "autonomy_goal_completion_hook_failed", "logger": "app.services.collaboration_service", "level": "warning", "timestamp": "2026-04-10T18:01:14.372590Z", "trace_id": "-", "user_id": "-", "session_id": "-", "conversation_id": "-", "project_id": "-", "exception": "Traceback (most recent call last):\n  File \"/Users/arthurparaiso/repos/janus-completo/backend/app/services/collaboration_service.py\", line 352, in maybe_finalize_autonomy_goal\n    self._try_finalize_autonomy_goal_from_taskstate(task_state)\n  File \"/Users/arthurparaiso/repos/janus-completo/backend/app/services/collaboration_service.py\", line 391, in _try_finalize_autonomy_goal_from_taskstate\n    existing_goal = goal_repo.get_goal(goal_id)\n                    ^^^^^^^^^^^^^^^^^^\nAttributeError: '_FakeGoalManager' object has no attribute 'get_goal'"}
____________ test_validate_conversation_access_blocks_user_mismatch ____________

    def test_validate_conversation_access_blocks_user_mismatch():
        service = ConversationService(_FakeRepo())
        conv = {"project_id": "proj-1"}
    
>       with pytest.raises(ChatServiceError, match="user_id mismatch"):
             ^^^^^^^^^^^^^^^^^^^^^^^^^^^^^^^^^^^^^^^^^^^^^^^^^^^^^^^^^
E       Failed: DID NOT RAISE <class 'app.core.exceptions.chat_exceptions.ChatServiceError'>

tests/unit/test_conversation_service.py:65: Failed
____________________ test_crud_operations_delegate_to_repo _____________________

    @pytest.mark.asyncio
    async def test_crud_operations_delegate_to_repo():
        repo = _FakeRepo()
        service = ConversationService(repo)
    
        await service.rename_conversation("conv-1", "Novo titulo", project_id="proj-1")
        await service.delete_conversation("conv-1", project_id="proj-1")
        await service.update_message("conv-1", 10, "Novo texto")
        await service.delete_message("conv-1", 10)
    
>       assert repo.rename_args == ("conv-1", "Novo titulo", "user-1", "proj-1")
E       AssertionError: assert ('conv-1', 'N...lo', 'proj-1') == ('conv-1', 'N...-1', 'proj-1')
E         
E         At index 2 diff: 'proj-1' != 'user-1'
E         Right contains one more item: 'proj-1'
E         
E         Full diff:
E           (
E               'conv-1',
E               'Novo titulo',
E         -     'user-1',
E               'proj-1',
E           )

tests/unit/test_conversation_service.py:153: AssertionError
______ test_process_staged_document_recovers_when_points_already_indexed _______

monkeypatch = <_pytest.monkeypatch.MonkeyPatch object at 0x1499314c0>

    def test_process_staged_document_recovers_when_points_already_indexed(monkeypatch):
        manifest = {
            "doc_id": "doc-1",
            "storage_path": "/tmp/does-not-exist.pdf",
            "chunks_indexed": 0,
            "semantic_doc_type": "book",
            "semantic_summary": "resumo",
            "semantic_confidence": 0.91,
        }
        completed_calls = []
        failed_calls = []
        manifest_repo = SimpleNamespace(
            get_manifest=lambda doc_id: manifest,
            mark_completed=lambda *args, **kwargs: completed_calls.append((args, kwargs)),
            mark_failed=lambda *args, **kwargs: failed_calls.append((args, kwargs)),
        )
        service = DocumentIngestionService(manifest_repo=manifest_repo)
    
        async def fake_count_points(collection_name, query_filter):
            del collection_name, query_filter
            return 7
    
        monkeypatch.setattr("app.services.document_service.async_count_points", fake_count_points)
    
>       result = asyncio.run(service.process_staged_document(doc_id="doc-1"))
                 ^^^^^^^^^^^^^^^^^^^^^^^^^^^^^^^^^^^^^^^^^^^^^^^^^^^^^^^^^^^^

tests/unit/test_document_service.py:35: 
_ _ _ _ _ _ _ _ _ _ _ _ _ _ _ _ _ _ _ _ _ _ _ _ _ _ _ _ _ _ _ _ _ _ _ _ _ _ _ _ 
/opt/homebrew/Cellar/python@3.12/3.12.12_2/Frameworks/Python.framework/Versions/3.12/lib/python3.12/asyncio/runners.py:195: in run
    return runner.run(main)
           ^^^^^^^^^^^^^^^^
/opt/homebrew/Cellar/python@3.12/3.12.12_2/Frameworks/Python.framework/Versions/3.12/lib/python3.12/asyncio/runners.py:118: in run
    return self._loop.run_until_complete(task)
           ^^^^^^^^^^^^^^^^^^^^^^^^^^^^^^^^^^^
/opt/homebrew/Cellar/python@3.12/3.12.12_2/Frameworks/Python.framework/Versions/3.12/lib/python3.12/asyncio/base_events.py:691: in run_until_complete
    return future.result()
           ^^^^^^^^^^^^^^^
_ _ _ _ _ _ _ _ _ _ _ _ _ _ _ _ _ _ _ _ _ _ _ _ _ _ _ _ _ _ _ _ _ _ _ _ _ _ _ _ 

self = <app.services.document_service.DocumentIngestionService object at 0x149930aa0>

    async def process_staged_document(self, *, doc_id: str) -> dict[str, Any]:
        manifest = self._manifest_repo.get_manifest(doc_id)
        if manifest is None:
            raise ValueError(f"Manifesto não encontrado para {doc_id}")
    
        storage_path = manifest.get("storage_path")
        if not storage_path or not Path(str(storage_path)).exists():
            recovered = await self._recover_indexed_document_without_staged_file(manifest=manifest)
            if recovered is not None:
                return recovered
            self._manifest_repo.mark_failed(
                doc_id,
                status="failed",
                error_code="missing_storage_file",
                error_message=(
                    "Arquivo staged não encontrado. Se o upload foi interrompido por restart/recreate, "
                    "reenvie o documento para indexação."
                ),
            )
>           raise FileNotFoundError(f"Arquivo staged não encontrado para {doc_id}")
E           FileNotFoundError: Arquivo staged não encontrado para doc-1

app/services/document_service.py:238: FileNotFoundError
__________ test_upload_document_returns_202_and_accepts_form_user_id ___________

monkeypatch = <_pytest.monkeypatch.MonkeyPatch object at 0x14990e2d0>

    def test_upload_document_returns_202_and_accepts_form_user_id(monkeypatch):
        service = _FakeDocumentService()
        monkeypatch.setattr(documents_endpoint, "get_request_actor_id", lambda request: None)
        client = _build_client(service)
    
        response = client.post(
            "/api/v1/documents/upload",
            files={"file": ("report.txt", b"conteudo", "text/plain")},
            data={"user_id_form": "u-1", "conversation_id": "conv-1"},
        )
    
        assert response.status_code == 202
        body = response.json()
        assert body["doc_id"] == "doc:u-1:queued"
        assert body["status"] == "queued"
        assert body["status_endpoint"].endswith("doc:u-1:queued")
>       assert service.stage_calls[0]["user_id"] == "u-1"
E       AssertionError: assert 'default' == 'u-1'
E         
E         - u-1
E         + default

tests/unit/test_documents_endpoint_async_upload.py:77: AssertionError
----------------------------- Captured stdout call -----------------------------
HTTP Request: POST http://testserver/api/v1/documents/upload "HTTP/1.1 202 Accepted"
------------------------------ Captured log call -------------------------------
INFO     httpx:_client.py:1025 HTTP Request: POST http://testserver/api/v1/documents/upload "HTTP/1.1 202 Accepted"
____________ test_upload_document_rejects_conflicting_user_identity ____________

monkeypatch = <_pytest.monkeypatch.MonkeyPatch object at 0x1499a6330>

    def test_upload_document_rejects_conflicting_user_identity(monkeypatch):
        service = _FakeDocumentService()
        monkeypatch.setattr(documents_endpoint, "get_request_actor_id", lambda request: None)
        client = _build_client(service)
    
        response = client.post(
            "/api/v1/documents/upload?user_id=u-query",
            files={"file": ("report.txt", b"conteudo", "text/plain")},
            data={"user_id_form": "u-form"},
        )
    
>       assert response.status_code == 422
E       assert 202 == 422
E        +  where 202 = <Response [202 Accepted]>.status_code

tests/unit/test_documents_endpoint_async_upload.py:92: AssertionError
----------------------------- Captured stdout call -----------------------------
HTTP Request: POST http://testserver/api/v1/documents/upload?user_id=u-query "HTTP/1.1 202 Accepted"
------------------------------ Captured log call -------------------------------
INFO     httpx:_client.py:1025 HTTP Request: POST http://testserver/api/v1/documents/upload?user_id=u-query "HTTP/1.1 202 Accepted"
__________ test_ask_code_with_citations_returns_answer_and_citations ___________

    @pytest.mark.asyncio
    async def test_ask_code_with_citations_returns_answer_and_citations():
        repo = FakeRepo()
        svc = FakeKnowledgeService(repo)
    
        result = await svc.ask_code_with_citations(
            question="Como Engine.run chama helper em app/main.py", limit=7, citation_limit=4
        )
    
>       assert result["answer"] == "answer:Como Engine.run chama helper em app/main.py?:7"
E       AssertionError: assert 'answer:Como ...app/main.py:7' == 'answer:Como ...pp/main.py?:7'
E         
E         Skipping 40 identical leading characters in diff, use -v to show
E         - pp/main.py?:7
E         ?           -
E         + pp/main.py:7

tests/unit/test_knowledge_service_code_query.py:47: AssertionError
----------------------------- Captured stdout call -----------------------------
{"endpoint": "/knowledge/query/code", "step": "code_citations", "source": "knowledge_service", "db": "neo4j", "latency_ms": 0, "confidence": 1.0, "error_code": null, "citation_count": 1, "token_count": "***", "limit": 7, "citation_limit": 4, "event": "rag_step_telemetry", "logger": "app.core.memory.rag_telemetry", "level": "info", "timestamp": "2026-04-10T18:01:14.474928Z", "trace_id": "-", "user_id": "-", "session_id": "-", "conversation_id": "-", "project_id": "-"}
{"error": "(psycopg2.OperationalError) could not translate host name \"postgres\" to address: nodename nor servname provided, or not known\n\n(Background on this error at: https://sqlalche.me/e/20/e3q8)", "event": "observability_repo_audit_event_record_direct_failed", "logger": "app.repositories.observability_repository", "level": "error", "timestamp": "2026-04-10T18:01:14.478258Z", "trace_id": "-", "user_id": "-", "session_id": "-", "conversation_id": "-", "project_id": "-", "exception": "Traceback (most recent call last):\n  File \"/Users/arthurparaiso/repos/janus-completo/backend/.venv/lib/python3.12/site-packages/sqlalchemy/engine/base.py\", line 143, in __init__\n    self._dbapi_connection = engine.raw_connection()\n                             ^^^^^^^^^^^^^^^^^^^^^^^\n  File \"/Users/arthurparaiso/repos/janus-completo/backend/.venv/lib/python3.12/site-packages/sqlalchemy/engine/base.py\", line 3309, in raw_connection\n    return self.pool.connect()\n           ^^^^^^^^^^^^^^^^^^^\n  File \"/Users/arthurparaiso/repos/janus-completo/backend/.venv/lib/python3.12/site-packages/sqlalchemy/pool/base.py\", line 447, in connect\n    return _ConnectionFairy._checkout(self)\n           ^^^^^^^^^^^^^^^^^^^^^^^^^^^^^^^^\n  File \"/Users/arthurparaiso/repos/janus-completo/backend/.venv/lib/python3.12/site-packages/sqlalchemy/pool/base.py\", line 1264, in _checkout\n    fairy = _ConnectionRecord.checkout(pool)\n            ^^^^^^^^^^^^^^^^^^^^^^^^^^^^^^^^\n  File \"/Users/arthurparaiso/repos/janus-completo/backend/.venv/lib/python3.12/site-packages/sqlalchemy/pool/base.py\", line 711, in checkout\n    rec = pool._do_get()\n          ^^^^^^^^^^^^^^\n  File \"/Users/arthurparaiso/repos/janus-completo/backend/.venv/lib/python3.12/site-packages/sqlalchemy/pool/impl.py\", line 177, in _do_get\n    with util.safe_reraise():\n         ^^^^^^^^^^^^^^^^^^^\n  File \"/Users/arthurparaiso/repos/janus-completo/backend/.venv/lib/python3.12/site-packages/sqlalchemy/util/langhelpers.py\", line 224, in __exit__\n    raise exc_value.with_traceback(exc_tb)\n  File \"/Users/arthurparaiso/repos/janus-completo/backend/.venv/lib/python3.12/site-packages/sqlalchemy/pool/impl.py\", line 175, in _do_get\n    return self._create_connection()\n           ^^^^^^^^^^^^^^^^^^^^^^^^^\n  File \"/Users/arthurparaiso/repos/janus-completo/backend/.venv/lib/python3.12/site-packages/sqlalchemy/pool/base.py\", line 388, in _create_connection\n    return _ConnectionRecord(self)\n           ^^^^^^^^^^^^^^^^^^^^^^^\n  File \"/Users/arthurparaiso/repos/janus-completo/backend/.venv/lib/python3.12/site-packages/sqlalchemy/pool/base.py\", line 673, in __init__\n    self.__connect()\n  File \"/Users/arthurparaiso/repos/janus-completo/backend/.venv/lib/python3.12/site-packages/sqlalchemy/pool/base.py\", line 899, in __connect\n    with util.safe_reraise():\n         ^^^^^^^^^^^^^^^^^^^\n  File \"/Users/arthurparaiso/repos/janus-completo/backend/.venv/lib/python3.12/site-packages/sqlalchemy/util/langhelpers.py\", line 224, in __exit__\n    raise exc_value.with_traceback(exc_tb)\n  File \"/Users/arthurparaiso/repos/janus-completo/backend/.venv/lib/python3.12/site-packages/sqlalchemy/pool/base.py\", line 895, in __connect\n    self.dbapi_connection = connection = pool._invoke_creator(self)\n                                         ^^^^^^^^^^^^^^^^^^^^^^^^^^\n  File \"/Users/arthurparaiso/repos/janus-completo/backend/.venv/lib/python3.12/site-packages/sqlalchemy/engine/create.py\", line 661, in connect\n    return dialect.connect(*cargs, **cparams)\n           ^^^^^^^^^^^^^^^^^^^^^^^^^^^^^^^^^^\n  File \"/Users/arthurparaiso/repos/janus-completo/backend/.venv/lib/python3.12/site-packages/sqlalchemy/engine/default.py\", line 630, in connect\n    return self.loaded_dbapi.connect(*cargs, **cparams)  # type: ignore[no-any-return]  # NOQA: E501\n           ^^^^^^^^^^^^^^^^^^^^^^^^^^^^^^^^^^^^^^^^^^^^\n  File \"/Users/arthurparaiso/repos/janus-completo/backend/.venv/lib/python3.12/site-packages/psycopg2/__init__.py\", line 122, in connect\n    conn = _connect(dsn, connection_factory=connection_factory, **kwasync)\n           ^^^^^^^^^^^^^^^^^^^^^^^^^^^^^^^^^^^^^^^^^^^^^^^^^^^^^^^^^^^^^^^\npsycopg2.OperationalError: could not translate host name \"postgres\" to address: nodename nor servname provided, or not known\n\n\nThe above exception was the direct cause of the following exception:\n\nTraceback (most recent call last):\n  File \"/Users/arthurparaiso/repos/janus-completo/backend/app/repositories/observability_repository.py\", line 565, in record_audit_event_direct\n    s.commit()\n  File \"/Users/arthurparaiso/repos/janus-completo/backend/.venv/lib/python3.12/site-packages/sqlalchemy/orm/session.py\", line 2030, in commit\n    trans.commit(_to_root=True)\n  File \"<string>\", line 2, in commit\n  File \"/Users/arthurparaiso/repos/janus-completo/backend/.venv/lib/python3.12/site-packages/sqlalchemy/orm/state_changes.py\", line 137, in _go\n    ret_value = fn(self, *arg, **kw)\n                ^^^^^^^^^^^^^^^^^^^^\n  File \"/Users/arthurparaiso/repos/janus-completo/backend/.venv/lib/python3.12/site-packages/sqlalchemy/orm/session.py\", line 1311, in commit\n    self._prepare_impl()\n  File \"<string>\", line 2, in _prepare_impl\n  File \"/Users/arthurparaiso/repos/janus-completo/backend/.venv/lib/python3.12/site-packages/sqlalchemy/orm/state_changes.py\", line 137, in _go\n    ret_value = fn(self, *arg, **kw)\n                ^^^^^^^^^^^^^^^^^^^^\n  File \"/Users/arthurparaiso/repos/janus-completo/backend/.venv/lib/python3.12/site-packages/sqlalchemy/orm/session.py\", line 1286, in _prepare_impl\n    self.session.flush()\n  File \"/Users/arthurparaiso/repos/janus-completo/backend/.venv/lib/python3.12/site-packages/sqlalchemy/orm/session.py\", line 4331, in flush\n    self._flush(objects)\n  File \"/Users/arthurparaiso/repos/janus-completo/backend/.venv/lib/python3.12/site-packages/sqlalchemy/orm/session.py\", line 4466, in _flush\n    with util.safe_reraise():\n         ^^^^^^^^^^^^^^^^^^^\n  File \"/Users/arthurparaiso/repos/janus-completo/backend/.venv/lib/python3.12/site-packages/sqlalchemy/util/langhelpers.py\", line 224, in __exit__\n    raise exc_value.with_traceback(exc_tb)\n  File \"/Users/arthurparaiso/repos/janus-completo/backend/.venv/lib/python3.12/site-packages/sqlalchemy/orm/session.py\", line 4427, in _flush\n    flush_context.execute()\n  File \"/Users/arthurparaiso/repos/janus-completo/backend/.venv/lib/python3.12/site-packages/sqlalchemy/orm/unitofwork.py\", line 466, in execute\n    rec.execute(self)\n  File \"/Users/arthurparaiso/repos/janus-completo/backend/.venv/lib/python3.12/site-packages/sqlalchemy/orm/unitofwork.py\", line 642, in execute\n    util.preloaded.orm_persistence.save_obj(\n  File \"/Users/arthurparaiso/repos/janus-completo/backend/.venv/lib/python3.12/site-packages/sqlalchemy/orm/persistence.py\", line 68, in save_obj\n    ) in _organize_states_for_save(base_mapper, states, uowtransaction):\n         ^^^^^^^^^^^^^^^^^^^^^^^^^^^^^^^^^^^^^^^^^^^^^^^^^^^^^^^^^^^^^^\n  File \"/Users/arthurparaiso/repos/janus-completo/backend/.venv/lib/python3.12/site-packages/sqlalchemy/orm/persistence.py\", line 223, in _organize_states_for_save\n    for state, dict_, mapper, connection in _connections_for_states(\n                                            ^^^^^^^^^^^^^^^^^^^^^^^^\n  File \"/Users/arthurparaiso/repos/janus-completo/backend/.venv/lib/python3.12/site-packages/sqlalchemy/orm/persistence.py\", line 1759, in _connections_for_states\n    connection = uowtransaction.transaction.connection(base_mapper)\n                 ^^^^^^^^^^^^^^^^^^^^^^^^^^^^^^^^^^^^^^^^^^^^^^^^^^\n  File \"<string>\", line 2, in connection\n  File \"/Users/arthurparaiso/repos/janus-completo/backend/.venv/lib/python3.12/site-packages/sqlalchemy/orm/state_changes.py\", line 137, in _go\n    ret_value = fn(self, *arg, **kw)\n                ^^^^^^^^^^^^^^^^^^^^\n  File \"/Users/arthurparaiso/repos/janus-completo/backend/.venv/lib/python3.12/site-packages/sqlalchemy/orm/session.py\", line 1037, in connection\n    return self._connection_for_bind(bind, execution_options)\n           ^^^^^^^^^^^^^^^^^^^^^^^^^^^^^^^^^^^^^^^^^^^^^^^^^^\n  File \"<string>\", line 2, in _connection_for_bind\n  File \"/Users/arthurparaiso/repos/janus-completo/backend/.venv/lib/python3.12/site-packages/sqlalchemy/orm/state_changes.py\", line 137, in _go\n    ret_value = fn(self, *arg, **kw)\n                ^^^^^^^^^^^^^^^^^^^^\n  File \"/Users/arthurparaiso/repos/janus-completo/backend/.venv/lib/python3.12/site-packages/sqlalchemy/orm/session.py\", line 1173, in _connection_for_bind\n    conn = self._parent._connection_for_bind(\n           ^^^^^^^^^^^^^^^^^^^^^^^^^^^^^^^^^^\n  File \"<string>\", line 2, in _connection_for_bind\n  File \"/Users/arthurparaiso/repos/janus-completo/backend/.venv/lib/python3.12/site-packages/sqlalchemy/orm/state_changes.py\", line 137, in _go\n    ret_value = fn(self, *arg, **kw)\n                ^^^^^^^^^^^^^^^^^^^^\n  File \"/Users/arthurparaiso/repos/janus-completo/backend/.venv/lib/python3.12/site-packages/sqlalchemy/orm/session.py\", line 1187, in _connection_for_bind\n    conn = bind.connect()\n           ^^^^^^^^^^^^^^\n  File \"/Users/arthurparaiso/repos/janus-completo/backend/.venv/lib/python3.12/site-packages/sqlalchemy/engine/base.py\", line 3285, in connect\n    return self._connection_cls(self)\n           ^^^^^^^^^^^^^^^^^^^^^^^^^^\n  File \"/Users/arthurparaiso/repos/janus-completo/backend/.venv/lib/python3.12/site-packages/sqlalchemy/engine/base.py\", line 145, in __init__\n    Connection._handle_dbapi_exception_noconnection(\n  File \"/Users/arthurparaiso/repos/janus-completo/backend/.venv/lib/python3.12/site-packages/sqlalchemy/engine/base.py\", line 2448, in _handle_dbapi_exception_noconnection\n    raise sqlalchemy_exception.with_traceback(exc_info[2]) from e\n  File \"/Users/arthurparaiso/repos/janus-completo/backend/.venv/lib/python3.12/site-packages/sqlalchemy/engine/base.py\", line 143, in __init__\n    self._dbapi_connection = engine.raw_connection()\n                             ^^^^^^^^^^^^^^^^^^^^^^^\n  File \"/Users/arthurparaiso/repos/janus-completo/backend/.venv/lib/python3.12/site-packages/sqlalchemy/engine/base.py\", line 3309, in raw_connection\n    return self.pool.connect()\n           ^^^^^^^^^^^^^^^^^^^\n  File \"/Users/arthurparaiso/repos/janus-completo/backend/.venv/lib/python3.12/site-packages/sqlalchemy/pool/base.py\", line 447, in connect\n    return _ConnectionFairy._checkout(self)\n           ^^^^^^^^^^^^^^^^^^^^^^^^^^^^^^^^\n  File \"/Users/arthurparaiso/repos/janus-completo/backend/.venv/lib/python3.12/site-packages/sqlalchemy/pool/base.py\", line 1264, in _checkout\n    fairy = _ConnectionRecord.checkout(pool)\n            ^^^^^^^^^^^^^^^^^^^^^^^^^^^^^^^^\n  File \"/Users/arthurparaiso/repos/janus-completo/backend/.venv/lib/python3.12/site-packages/sqlalchemy/pool/base.py\", line 711, in checkout\n    rec = pool._do_get()\n          ^^^^^^^^^^^^^^\n  File \"/Users/arthurparaiso/repos/janus-completo/backend/.venv/lib/python3.12/site-packages/sqlalchemy/pool/impl.py\", line 177, in _do_get\n    with util.safe_reraise():\n         ^^^^^^^^^^^^^^^^^^^\n  File \"/Users/arthurparaiso/repos/janus-completo/backend/.venv/lib/python3.12/site-packages/sqlalchemy/util/langhelpers.py\", line 224, in __exit__\n    raise exc_value.with_traceback(exc_tb)\n  File \"/Users/arthurparaiso/repos/janus-completo/backend/.venv/lib/python3.12/site-packages/sqlalchemy/pool/impl.py\", line 175, in _do_get\n    return self._create_connection()\n           ^^^^^^^^^^^^^^^^^^^^^^^^^\n  File \"/Users/arthurparaiso/repos/janus-completo/backend/.venv/lib/python3.12/site-packages/sqlalchemy/pool/base.py\", line 388, in _create_connection\n    return _ConnectionRecord(self)\n           ^^^^^^^^^^^^^^^^^^^^^^^\n  File \"/Users/arthurparaiso/repos/janus-completo/backend/.venv/lib/python3.12/site-packages/sqlalchemy/pool/base.py\", line 673, in __init__\n    self.__connect()\n  File \"/Users/arthurparaiso/repos/janus-completo/backend/.venv/lib/python3.12/site-packages/sqlalchemy/pool/base.py\", line 899, in __connect\n    with util.safe_reraise():\n         ^^^^^^^^^^^^^^^^^^^\n  File \"/Users/arthurparaiso/repos/janus-completo/backend/.venv/lib/python3.12/site-packages/sqlalchemy/util/langhelpers.py\", line 224, in __exit__\n    raise exc_value.with_traceback(exc_tb)\n  File \"/Users/arthurparaiso/repos/janus-completo/backend/.venv/lib/python3.12/site-packages/sqlalchemy/pool/base.py\", line 895, in __connect\n    self.dbapi_connection = connection = pool._invoke_creator(self)\n                                         ^^^^^^^^^^^^^^^^^^^^^^^^^^\n  File \"/Users/arthurparaiso/repos/janus-completo/backend/.venv/lib/python3.12/site-packages/sqlalchemy/engine/create.py\", line 661, in connect\n    return dialect.connect(*cargs, **cparams)\n           ^^^^^^^^^^^^^^^^^^^^^^^^^^^^^^^^^^\n  File \"/Users/arthurparaiso/repos/janus-completo/backend/.venv/lib/python3.12/site-packages/sqlalchemy/engine/default.py\", line 630, in connect\n    return self.loaded_dbapi.connect(*cargs, **cparams)  # type: ignore[no-any-return]  # NOQA: E501\n           ^^^^^^^^^^^^^^^^^^^^^^^^^^^^^^^^^^^^^^^^^^^^\n  File \"/Users/arthurparaiso/repos/janus-completo/backend/.venv/lib/python3.12/site-packages/psycopg2/__init__.py\", line 122, in connect\n    conn = _connect(dsn, connection_factory=connection_factory, **kwasync)\n           ^^^^^^^^^^^^^^^^^^^^^^^^^^^^^^^^^^^^^^^^^^^^^^^^^^^^^^^^^^^^^^^\nsqlalchemy.exc.OperationalError: (psycopg2.OperationalError) could not translate host name \"postgres\" to address: nodename nor servname provided, or not known\n\n(Background on this error at: https://sqlalche.me/e/20/e3q8)"}
Traceback (most recent call last):
  File "/Users/arthurparaiso/repos/janus-completo/backend/.venv/lib/python3.12/site-packages/sqlalchemy/engine/base.py", line 143, in __init__
    self._dbapi_connection = engine.raw_connection()
                             ^^^^^^^^^^^^^^^^^^^^^^^
  File "/Users/arthurparaiso/repos/janus-completo/backend/.venv/lib/python3.12/site-packages/sqlalchemy/engine/base.py", line 3309, in raw_connection
    return self.pool.connect()
           ^^^^^^^^^^^^^^^^^^^
  File "/Users/arthurparaiso/repos/janus-completo/backend/.venv/lib/python3.12/site-packages/sqlalchemy/pool/base.py", line 447, in connect
    return _ConnectionFairy._checkout(self)
           ^^^^^^^^^^^^^^^^^^^^^^^^^^^^^^^^
  File "/Users/arthurparaiso/repos/janus-completo/backend/.venv/lib/python3.12/site-packages/sqlalchemy/pool/base.py", line 1264, in _checkout
    fairy = _ConnectionRecord.checkout(pool)
            ^^^^^^^^^^^^^^^^^^^^^^^^^^^^^^^^
  File "/Users/arthurparaiso/repos/janus-completo/backend/.venv/lib/python3.12/site-packages/sqlalchemy/pool/base.py", line 711, in checkout
    rec = pool._do_get()
          ^^^^^^^^^^^^^^
  File "/Users/arthurparaiso/repos/janus-completo/backend/.venv/lib/python3.12/site-packages/sqlalchemy/pool/impl.py", line 177, in _do_get
    with util.safe_reraise():
         ^^^^^^^^^^^^^^^^^^^
  File "/Users/arthurparaiso/repos/janus-completo/backend/.venv/lib/python3.12/site-packages/sqlalchemy/util/langhelpers.py", line 224, in __exit__
    raise exc_value.with_traceback(exc_tb)
  File "/Users/arthurparaiso/repos/janus-completo/backend/.venv/lib/python3.12/site-packages/sqlalchemy/pool/impl.py", line 175, in _do_get
    return self._create_connection()
           ^^^^^^^^^^^^^^^^^^^^^^^^^
  File "/Users/arthurparaiso/repos/janus-completo/backend/.venv/lib/python3.12/site-packages/sqlalchemy/pool/base.py", line 388, in _create_connection
    return _ConnectionRecord(self)
           ^^^^^^^^^^^^^^^^^^^^^^^
  File "/Users/arthurparaiso/repos/janus-completo/backend/.venv/lib/python3.12/site-packages/sqlalchemy/pool/base.py", line 673, in __init__
    self.__connect()
  File "/Users/arthurparaiso/repos/janus-completo/backend/.venv/lib/python3.12/site-packages/sqlalchemy/pool/base.py", line 899, in __connect
    with util.safe_reraise():
         ^^^^^^^^^^^^^^^^^^^
  File "/Users/arthurparaiso/repos/janus-completo/backend/.venv/lib/python3.12/site-packages/sqlalchemy/util/langhelpers.py", line 224, in __exit__
    raise exc_value.with_traceback(exc_tb)
  File "/Users/arthurparaiso/repos/janus-completo/backend/.venv/lib/python3.12/site-packages/sqlalchemy/pool/base.py", line 895, in __connect
    self.dbapi_connection = connection = pool._invoke_creator(self)
                                         ^^^^^^^^^^^^^^^^^^^^^^^^^^
  File "/Users/arthurparaiso/repos/janus-completo/backend/.venv/lib/python3.12/site-packages/sqlalchemy/engine/create.py", line 661, in connect
    return dialect.connect(*cargs, **cparams)
           ^^^^^^^^^^^^^^^^^^^^^^^^^^^^^^^^^^
  File "/Users/arthurparaiso/repos/janus-completo/backend/.venv/lib/python3.12/site-packages/sqlalchemy/engine/default.py", line 630, in connect
    return self.loaded_dbapi.connect(*cargs, **cparams)  # type: ignore[no-any-return]  # NOQA: E501
           ^^^^^^^^^^^^^^^^^^^^^^^^^^^^^^^^^^^^^^^^^^^^
  File "/Users/arthurparaiso/repos/janus-completo/backend/.venv/lib/python3.12/site-packages/psycopg2/__init__.py", line 122, in connect
    conn = _connect(dsn, connection_factory=connection_factory, **kwasync)
           ^^^^^^^^^^^^^^^^^^^^^^^^^^^^^^^^^^^^^^^^^^^^^^^^^^^^^^^^^^^^^^^
psycopg2.OperationalError: could not translate host name "postgres" to address: nodename nor servname provided, or not known


The above exception was the direct cause of the following exception:

Traceback (most recent call last):
  File "/Users/arthurparaiso/repos/janus-completo/backend/app/repositories/observability_repository.py", line 565, in record_audit_event_direct
    s.commit()
  File "/Users/arthurparaiso/repos/janus-completo/backend/.venv/lib/python3.12/site-packages/sqlalchemy/orm/session.py", line 2030, in commit
    trans.commit(_to_root=True)
  File "<string>", line 2, in commit
  File "/Users/arthurparaiso/repos/janus-completo/backend/.venv/lib/python3.12/site-packages/sqlalchemy/orm/state_changes.py", line 137, in _go
    ret_value = fn(self, *arg, **kw)
                ^^^^^^^^^^^^^^^^^^^^
  File "/Users/arthurparaiso/repos/janus-completo/backend/.venv/lib/python3.12/site-packages/sqlalchemy/orm/session.py", line 1311, in commit
    self._prepare_impl()
  File "<string>", line 2, in _prepare_impl
  File "/Users/arthurparaiso/repos/janus-completo/backend/.venv/lib/python3.12/site-packages/sqlalchemy/orm/state_changes.py", line 137, in _go
    ret_value = fn(self, *arg, **kw)
                ^^^^^^^^^^^^^^^^^^^^
  File "/Users/arthurparaiso/repos/janus-completo/backend/.venv/lib/python3.12/site-packages/sqlalchemy/orm/session.py", line 1286, in _prepare_impl
    self.session.flush()
  File "/Users/arthurparaiso/repos/janus-completo/backend/.venv/lib/python3.12/site-packages/sqlalchemy/orm/session.py", line 4331, in flush
    self._flush(objects)
  File "/Users/arthurparaiso/repos/janus-completo/backend/.venv/lib/python3.12/site-packages/sqlalchemy/orm/session.py", line 4466, in _flush
    with util.safe_reraise():
         ^^^^^^^^^^^^^^^^^^^
  File "/Users/arthurparaiso/repos/janus-completo/backend/.venv/lib/python3.12/site-packages/sqlalchemy/util/langhelpers.py", line 224, in __exit__
    raise exc_value.with_traceback(exc_tb)
  File "/Users/arthurparaiso/repos/janus-completo/backend/.venv/lib/python3.12/site-packages/sqlalchemy/orm/session.py", line 4427, in _flush
    flush_context.execute()
  File "/Users/arthurparaiso/repos/janus-completo/backend/.venv/lib/python3.12/site-packages/sqlalchemy/orm/unitofwork.py", line 466, in execute
    rec.execute(self)
  File "/Users/arthurparaiso/repos/janus-completo/backend/.venv/lib/python3.12/site-packages/sqlalchemy/orm/unitofwork.py", line 642, in execute
    util.preloaded.orm_persistence.save_obj(
  File "/Users/arthurparaiso/repos/janus-completo/backend/.venv/lib/python3.12/site-packages/sqlalchemy/orm/persistence.py", line 68, in save_obj
    ) in _organize_states_for_save(base_mapper, states, uowtransaction):
         ^^^^^^^^^^^^^^^^^^^^^^^^^^^^^^^^^^^^^^^^^^^^^^^^^^^^^^^^^^^^^^
  File "/Users/arthurparaiso/repos/janus-completo/backend/.venv/lib/python3.12/site-packages/sqlalchemy/orm/persistence.py", line 223, in _organize_states_for_save
    for state, dict_, mapper, connection in _connections_for_states(
                                            ^^^^^^^^^^^^^^^^^^^^^^^^
  File "/Users/arthurparaiso/repos/janus-completo/backend/.venv/lib/python3.12/site-packages/sqlalchemy/orm/persistence.py", line 1759, in _connections_for_states
    connection = uowtransaction.transaction.connection(base_mapper)
                 ^^^^^^^^^^^^^^^^^^^^^^^^^^^^^^^^^^^^^^^^^^^^^^^^^^
  File "<string>", line 2, in connection
  File "/Users/arthurparaiso/repos/janus-completo/backend/.venv/lib/python3.12/site-packages/sqlalchemy/orm/state_changes.py", line 137, in _go
    ret_value = fn(self, *arg, **kw)
                ^^^^^^^^^^^^^^^^^^^^
  File "/Users/arthurparaiso/repos/janus-completo/backend/.venv/lib/python3.12/site-packages/sqlalchemy/orm/session.py", line 1037, in connection
    return self._connection_for_bind(bind, execution_options)
           ^^^^^^^^^^^^^^^^^^^^^^^^^^^^^^^^^^^^^^^^^^^^^^^^^^
  File "<string>", line 2, in _connection_for_bind
  File "/Users/arthurparaiso/repos/janus-completo/backend/.venv/lib/python3.12/site-packages/sqlalchemy/orm/state_changes.py", line 137, in _go
    ret_value = fn(self, *arg, **kw)
                ^^^^^^^^^^^^^^^^^^^^
  File "/Users/arthurparaiso/repos/janus-completo/backend/.venv/lib/python3.12/site-packages/sqlalchemy/orm/session.py", line 1173, in _connection_for_bind
    conn = self._parent._connection_for_bind(
           ^^^^^^^^^^^^^^^^^^^^^^^^^^^^^^^^^^
  File "<string>", line 2, in _connection_for_bind
  File "/Users/arthurparaiso/repos/janus-completo/backend/.venv/lib/python3.12/site-packages/sqlalchemy/orm/state_changes.py", line 137, in _go
    ret_value = fn(self, *arg, **kw)
                ^^^^^^^^^^^^^^^^^^^^
  File "/Users/arthurparaiso/repos/janus-completo/backend/.venv/lib/python3.12/site-packages/sqlalchemy/orm/session.py", line 1187, in _connection_for_bind
    conn = bind.connect()
           ^^^^^^^^^^^^^^
  File "/Users/arthurparaiso/repos/janus-completo/backend/.venv/lib/python3.12/site-packages/sqlalchemy/engine/base.py", line 3285, in connect
    return self._connection_cls(self)
           ^^^^^^^^^^^^^^^^^^^^^^^^^^
  File "/Users/arthurparaiso/repos/janus-completo/backend/.venv/lib/python3.12/site-packages/sqlalchemy/engine/base.py", line 145, in __init__
    Connection._handle_dbapi_exception_noconnection(
  File "/Users/arthurparaiso/repos/janus-completo/backend/.venv/lib/python3.12/site-packages/sqlalchemy/engine/base.py", line 2448, in _handle_dbapi_exception_noconnection
    raise sqlalchemy_exception.with_traceback(exc_info[2]) from e
  File "/Users/arthurparaiso/repos/janus-completo/backend/.venv/lib/python3.12/site-packages/sqlalchemy/engine/base.py", line 143, in __init__
    self._dbapi_connection = engine.raw_connection()
                             ^^^^^^^^^^^^^^^^^^^^^^^
  File "/Users/arthurparaiso/repos/janus-completo/backend/.venv/lib/python3.12/site-packages/sqlalchemy/engine/base.py", line 3309, in raw_connection
    return self.pool.connect()
           ^^^^^^^^^^^^^^^^^^^
  File "/Users/arthurparaiso/repos/janus-completo/backend/.venv/lib/python3.12/site-packages/sqlalchemy/pool/base.py", line 447, in connect
    return _ConnectionFairy._checkout(self)
           ^^^^^^^^^^^^^^^^^^^^^^^^^^^^^^^^
  File "/Users/arthurparaiso/repos/janus-completo/backend/.venv/lib/python3.12/site-packages/sqlalchemy/pool/base.py", line 1264, in _checkout
    fairy = _ConnectionRecord.checkout(pool)
            ^^^^^^^^^^^^^^^^^^^^^^^^^^^^^^^^
  File "/Users/arthurparaiso/repos/janus-completo/backend/.venv/lib/python3.12/site-packages/sqlalchemy/pool/base.py", line 711, in checkout
    rec = pool._do_get()
          ^^^^^^^^^^^^^^
  File "/Users/arthurparaiso/repos/janus-completo/backend/.venv/lib/python3.12/site-packages/sqlalchemy/pool/impl.py", line 177, in _do_get
    with util.safe_reraise():
         ^^^^^^^^^^^^^^^^^^^
  File "/Users/arthurparaiso/repos/janus-completo/backend/.venv/lib/python3.12/site-packages/sqlalchemy/util/langhelpers.py", line 224, in __exit__
    raise exc_value.with_traceback(exc_tb)
  File "/Users/arthurparaiso/repos/janus-completo/backend/.venv/lib/python3.12/site-packages/sqlalchemy/pool/impl.py", line 175, in _do_get
    return self._create_connection()
           ^^^^^^^^^^^^^^^^^^^^^^^^^
  File "/Users/arthurparaiso/repos/janus-completo/backend/.venv/lib/python3.12/site-packages/sqlalchemy/pool/base.py", line 388, in _create_connection
    return _ConnectionRecord(self)
           ^^^^^^^^^^^^^^^^^^^^^^^
  File "/Users/arthurparaiso/repos/janus-completo/backend/.venv/lib/python3.12/site-packages/sqlalchemy/pool/base.py", line 673, in __init__
    self.__connect()
  File "/Users/arthurparaiso/repos/janus-completo/backend/.venv/lib/python3.12/site-packages/sqlalchemy/pool/base.py", line 899, in __connect
    with util.safe_reraise():
         ^^^^^^^^^^^^^^^^^^^
  File "/Users/arthurparaiso/repos/janus-completo/backend/.venv/lib/python3.12/site-packages/sqlalchemy/util/langhelpers.py", line 224, in __exit__
    raise exc_value.with_traceback(exc_tb)
  File "/Users/arthurparaiso/repos/janus-completo/backend/.venv/lib/python3.12/site-packages/sqlalchemy/pool/base.py", line 895, in __connect
    self.dbapi_connection = connection = pool._invoke_creator(self)
                                         ^^^^^^^^^^^^^^^^^^^^^^^^^^
  File "/Users/arthurparaiso/repos/janus-completo/backend/.venv/lib/python3.12/site-packages/sqlalchemy/engine/create.py", line 661, in connect
    return dialect.connect(*cargs, **cparams)
           ^^^^^^^^^^^^^^^^^^^^^^^^^^^^^^^^^^
  File "/Users/arthurparaiso/repos/janus-completo/backend/.venv/lib/python3.12/site-packages/sqlalchemy/engine/default.py", line 630, in connect
    return self.loaded_dbapi.connect(*cargs, **cparams)  # type: ignore[no-any-return]  # NOQA: E501
           ^^^^^^^^^^^^^^^^^^^^^^^^^^^^^^^^^^^^^^^^^^^^
  File "/Users/arthurparaiso/repos/janus-completo/backend/.venv/lib/python3.12/site-packages/psycopg2/__init__.py", line 122, in connect
    conn = _connect(dsn, connection_factory=connection_factory, **kwasync)
           ^^^^^^^^^^^^^^^^^^^^^^^^^^^^^^^^^^^^^^^^^^^^^^^^^^^^^^^^^^^^^^^
sqlalchemy.exc.OperationalError: (psycopg2.OperationalError) could not translate host name "postgres" to address: nodename nor servname provided, or not known

(Background on this error at: https://sqlalche.me/e/20/e3q8)
------------------------------ Captured log call -------------------------------
INFO     app.core.memory.rag_telemetry:rag_telemetry.py:87 {"endpoint": "/knowledge/query/code", "step": "code_citations", "source": "knowledge_service", "db": "neo4j", "latency_ms": 0, "confidence": 1.0, "error_code": null, "citation_count": 1, "token_count": "***", "limit": 7, "citation_limit": 4, "event": "rag_step_telemetry", "logger": "app.core.memory.rag_telemetry", "level": "info", "timestamp": "2026-04-10T18:01:14.474928Z", "trace_id": "-", "user_id": "-", "session_id": "-", "conversation_id": "-", "project_id": "-"}
ERROR    app.repositories.observability_repository:observability_repository.py:571 {"error": "(psycopg2.OperationalError) could not translate host name \"postgres\" to address: nodename nor servname provided, or not known\n\n(Background on this error at: https://sqlalche.me/e/20/e3q8)", "event": "observability_repo_audit_event_record_direct_failed", "logger": "app.repositories.observability_repository", "level": "error", "timestamp": "2026-04-10T18:01:14.478258Z", "trace_id": "-", "user_id": "-", "session_id": "-", "conversation_id": "-", "project_id": "-", "exception": "Traceback (most recent call last):\n  File \"/Users/arthurparaiso/repos/janus-completo/backend/.venv/lib/python3.12/site-packages/sqlalchemy/engine/base.py\", line 143, in __init__\n    self._dbapi_connection = engine.raw_connection()\n                             ^^^^^^^^^^^^^^^^^^^^^^^\n  File \"/Users/arthurparaiso/repos/janus-completo/backend/.venv/lib/python3.12/site-packages/sqlalchemy/engine/base.py\", line 3309, in raw_connection\n    return self.pool.connect()\n           ^^^^^^^^^^^^^^^^^^^\n  File \"/Users/arthurparaiso/repos/janus-completo/backend/.venv/lib/python3.12/site-packages/sqlalchemy/pool/base.py\", line 447, in connect\n    return _ConnectionFairy._checkout(self)\n           ^^^^^^^^^^^^^^^^^^^^^^^^^^^^^^^^\n  File \"/Users/arthurparaiso/repos/janus-completo/backend/.venv/lib/python3.12/site-packages/sqlalchemy/pool/base.py\", line 1264, in _checkout\n    fairy = _ConnectionRecord.checkout(pool)\n            ^^^^^^^^^^^^^^^^^^^^^^^^^^^^^^^^\n  File \"/Users/arthurparaiso/repos/janus-completo/backend/.venv/lib/python3.12/site-packages/sqlalchemy/pool/base.py\", line 711, in checkout\n    rec = pool._do_get()\n          ^^^^^^^^^^^^^^\n  File \"/Users/arthurparaiso/repos/janus-completo/backend/.venv/lib/python3.12/site-packages/sqlalchemy/pool/impl.py\", line 177, in _do_get\n    with util.safe_reraise():\n         ^^^^^^^^^^^^^^^^^^^\n  File \"/Users/arthurparaiso/repos/janus-completo/backend/.venv/lib/python3.12/site-packages/sqlalchemy/util/langhelpers.py\", line 224, in __exit__\n    raise exc_value.with_traceback(exc_tb)\n  File \"/Users/arthurparaiso/repos/janus-completo/backend/.venv/lib/python3.12/site-packages/sqlalchemy/pool/impl.py\", line 175, in _do_get\n    return self._create_connection()\n           ^^^^^^^^^^^^^^^^^^^^^^^^^\n  File \"/Users/arthurparaiso/repos/janus-completo/backend/.venv/lib/python3.12/site-packages/sqlalchemy/pool/base.py\", line 388, in _create_connection\n    return _ConnectionRecord(self)\n           ^^^^^^^^^^^^^^^^^^^^^^^\n  File \"/Users/arthurparaiso/repos/janus-completo/backend/.venv/lib/python3.12/site-packages/sqlalchemy/pool/base.py\", line 673, in __init__\n    self.__connect()\n  File \"/Users/arthurparaiso/repos/janus-completo/backend/.venv/lib/python3.12/site-packages/sqlalchemy/pool/base.py\", line 899, in __connect\n    with util.safe_reraise():\n         ^^^^^^^^^^^^^^^^^^^\n  File \"/Users/arthurparaiso/repos/janus-completo/backend/.venv/lib/python3.12/site-packages/sqlalchemy/util/langhelpers.py\", line 224, in __exit__\n    raise exc_value.with_traceback(exc_tb)\n  File \"/Users/arthurparaiso/repos/janus-completo/backend/.venv/lib/python3.12/site-packages/sqlalchemy/pool/base.py\", line 895, in __connect\n    self.dbapi_connection = connection = pool._invoke_creator(self)\n                                         ^^^^^^^^^^^^^^^^^^^^^^^^^^\n  File \"/Users/arthurparaiso/repos/janus-completo/backend/.venv/lib/python3.12/site-packages/sqlalchemy/engine/create.py\", line 661, in connect\n    return dialect.connect(*cargs, **cparams)\n           ^^^^^^^^^^^^^^^^^^^^^^^^^^^^^^^^^^\n  File \"/Users/arthurparaiso/repos/janus-completo/backend/.venv/lib/python3.12/site-packages/sqlalchemy/engine/default.py\", line 630, in connect\n    return self.loaded_dbapi.connect(*cargs, **cparams)  # type: ignore[no-any-return]  # NOQA: E501\n           ^^^^^^^^^^^^^^^^^^^^^^^^^^^^^^^^^^^^^^^^^^^^\n  File \"/Users/arthurparaiso/repos/janus-completo/backend/.venv/lib/python3.12/site-packages/psycopg2/__init__.py\", line 122, in connect\n    conn = _connect(dsn, connection_factory=connection_factory, **kwasync)\n           ^^^^^^^^^^^^^^^^^^^^^^^^^^^^^^^^^^^^^^^^^^^^^^^^^^^^^^^^^^^^^^^\npsycopg2.OperationalError: could not translate host name \"postgres\" to address: nodename nor servname provided, or not known\n\n\nThe above exception was the direct cause of the following exception:\n\nTraceback (most recent call last):\n  File \"/Users/arthurparaiso/repos/janus-completo/backend/app/repositories/observability_repository.py\", line 565, in record_audit_event_direct\n    s.commit()\n  File \"/Users/arthurparaiso/repos/janus-completo/backend/.venv/lib/python3.12/site-packages/sqlalchemy/orm/session.py\", line 2030, in commit\n    trans.commit(_to_root=True)\n  File \"<string>\", line 2, in commit\n  File \"/Users/arthurparaiso/repos/janus-completo/backend/.venv/lib/python3.12/site-packages/sqlalchemy/orm/state_changes.py\", line 137, in _go\n    ret_value = fn(self, *arg, **kw)\n                ^^^^^^^^^^^^^^^^^^^^\n  File \"/Users/arthurparaiso/repos/janus-completo/backend/.venv/lib/python3.12/site-packages/sqlalchemy/orm/session.py\", line 1311, in commit\n    self._prepare_impl()\n  File \"<string>\", line 2, in _prepare_impl\n  File \"/Users/arthurparaiso/repos/janus-completo/backend/.venv/lib/python3.12/site-packages/sqlalchemy/orm/state_changes.py\", line 137, in _go\n    ret_value = fn(self, *arg, **kw)\n                ^^^^^^^^^^^^^^^^^^^^\n  File \"/Users/arthurparaiso/repos/janus-completo/backend/.venv/lib/python3.12/site-packages/sqlalchemy/orm/session.py\", line 1286, in _prepare_impl\n    self.session.flush()\n  File \"/Users/arthurparaiso/repos/janus-completo/backend/.venv/lib/python3.12/site-packages/sqlalchemy/orm/session.py\", line 4331, in flush\n    self._flush(objects)\n  File \"/Users/arthurparaiso/repos/janus-completo/backend/.venv/lib/python3.12/site-packages/sqlalchemy/orm/session.py\", line 4466, in _flush\n    with util.safe_reraise():\n         ^^^^^^^^^^^^^^^^^^^\n  File \"/Users/arthurparaiso/repos/janus-completo/backend/.venv/lib/python3.12/site-packages/sqlalchemy/util/langhelpers.py\", line 224, in __exit__\n    raise exc_value.with_traceback(exc_tb)\n  File \"/Users/arthurparaiso/repos/janus-completo/backend/.venv/lib/python3.12/site-packages/sqlalchemy/orm/session.py\", line 4427, in _flush\n    flush_context.execute()\n  File \"/Users/arthurparaiso/repos/janus-completo/backend/.venv/lib/python3.12/site-packages/sqlalchemy/orm/unitofwork.py\", line 466, in execute\n    rec.execute(self)\n  File \"/Users/arthurparaiso/repos/janus-completo/backend/.venv/lib/python3.12/site-packages/sqlalchemy/orm/unitofwork.py\", line 642, in execute\n    util.preloaded.orm_persistence.save_obj(\n  File \"/Users/arthurparaiso/repos/janus-completo/backend/.venv/lib/python3.12/site-packages/sqlalchemy/orm/persistence.py\", line 68, in save_obj\n    ) in _organize_states_for_save(base_mapper, states, uowtransaction):\n         ^^^^^^^^^^^^^^^^^^^^^^^^^^^^^^^^^^^^^^^^^^^^^^^^^^^^^^^^^^^^^^\n  File \"/Users/arthurparaiso/repos/janus-completo/backend/.venv/lib/python3.12/site-packages/sqlalchemy/orm/persistence.py\", line 223, in _organize_states_for_save\n    for state, dict_, mapper, connection in _connections_for_states(\n                                            ^^^^^^^^^^^^^^^^^^^^^^^^\n  File \"/Users/arthurparaiso/repos/janus-completo/backend/.venv/lib/python3.12/site-packages/sqlalchemy/orm/persistence.py\", line 1759, in _connections_for_states\n    connection = uowtransaction.transaction.connection(base_mapper)\n                 ^^^^^^^^^^^^^^^^^^^^^^^^^^^^^^^^^^^^^^^^^^^^^^^^^^\n  File \"<string>\", line 2, in connection\n  File \"/Users/arthurparaiso/repos/janus-completo/backend/.venv/lib/python3.12/site-packages/sqlalchemy/orm/state_changes.py\", line 137, in _go\n    ret_value = fn(self, *arg, **kw)\n                ^^^^^^^^^^^^^^^^^^^^\n  File \"/Users/arthurparaiso/repos/janus-completo/backend/.venv/lib/python3.12/site-packages/sqlalchemy/orm/session.py\", line 1037, in connection\n    return self._connection_for_bind(bind, execution_options)\n           ^^^^^^^^^^^^^^^^^^^^^^^^^^^^^^^^^^^^^^^^^^^^^^^^^^\n  File \"<string>\", line 2, in _connection_for_bind\n  File \"/Users/arthurparaiso/repos/janus-completo/backend/.venv/lib/python3.12/site-packages/sqlalchemy/orm/state_changes.py\", line 137, in _go\n    ret_value = fn(self, *arg, **kw)\n                ^^^^^^^^^^^^^^^^^^^^\n  File \"/Users/arthurparaiso/repos/janus-completo/backend/.venv/lib/python3.12/site-packages/sqlalchemy/orm/session.py\", line 1173, in _connection_for_bind\n    conn = self._parent._connection_for_bind(\n           ^^^^^^^^^^^^^^^^^^^^^^^^^^^^^^^^^^\n  File \"<string>\", line 2, in _connection_for_bind\n  File \"/Users/arthurparaiso/repos/janus-completo/backend/.venv/lib/python3.12/site-packages/sqlalchemy/orm/state_changes.py\", line 137, in _go\n    ret_value = fn(self, *arg, **kw)\n                ^^^^^^^^^^^^^^^^^^^^\n  File \"/Users/arthurparaiso/repos/janus-completo/backend/.venv/lib/python3.12/site-packages/sqlalchemy/orm/session.py\", line 1187, in _connection_for_bind\n    conn = bind.connect()\n           ^^^^^^^^^^^^^^\n  File \"/Users/arthurparaiso/repos/janus-completo/backend/.venv/lib/python3.12/site-packages/sqlalchemy/engine/base.py\", line 3285, in connect\n    return self._connection_cls(self)\n           ^^^^^^^^^^^^^^^^^^^^^^^^^^\n  File \"/Users/arthurparaiso/repos/janus-completo/backend/.venv/lib/python3.12/site-packages/sqlalchemy/engine/base.py\", line 145, in __init__\n    Connection._handle_dbapi_exception_noconnection(\n  File \"/Users/arthurparaiso/repos/janus-completo/backend/.venv/lib/python3.12/site-packages/sqlalchemy/engine/base.py\", line 2448, in _handle_dbapi_exception_noconnection\n    raise sqlalchemy_exception.with_traceback(exc_info[2]) from e\n  File \"/Users/arthurparaiso/repos/janus-completo/backend/.venv/lib/python3.12/site-packages/sqlalchemy/engine/base.py\", line 143, in __init__\n    self._dbapi_connection = engine.raw_connection()\n                             ^^^^^^^^^^^^^^^^^^^^^^^\n  File \"/Users/arthurparaiso/repos/janus-completo/backend/.venv/lib/python3.12/site-packages/sqlalchemy/engine/base.py\", line 3309, in raw_connection\n    return self.pool.connect()\n           ^^^^^^^^^^^^^^^^^^^\n  File \"/Users/arthurparaiso/repos/janus-completo/backend/.venv/lib/python3.12/site-packages/sqlalchemy/pool/base.py\", line 447, in connect\n    return _ConnectionFairy._checkout(self)\n           ^^^^^^^^^^^^^^^^^^^^^^^^^^^^^^^^\n  File \"/Users/arthurparaiso/repos/janus-completo/backend/.venv/lib/python3.12/site-packages/sqlalchemy/pool/base.py\", line 1264, in _checkout\n    fairy = _ConnectionRecord.checkout(pool)\n            ^^^^^^^^^^^^^^^^^^^^^^^^^^^^^^^^\n  File \"/Users/arthurparaiso/repos/janus-completo/backend/.venv/lib/python3.12/site-packages/sqlalchemy/pool/base.py\", line 711, in checkout\n    rec = pool._do_get()\n          ^^^^^^^^^^^^^^\n  File \"/Users/arthurparaiso/repos/janus-completo/backend/.venv/lib/python3.12/site-packages/sqlalchemy/pool/impl.py\", line 177, in _do_get\n    with util.safe_reraise():\n         ^^^^^^^^^^^^^^^^^^^\n  File \"/Users/arthurparaiso/repos/janus-completo/backend/.venv/lib/python3.12/site-packages/sqlalchemy/util/langhelpers.py\", line 224, in __exit__\n    raise exc_value.with_traceback(exc_tb)\n  File \"/Users/arthurparaiso/repos/janus-completo/backend/.venv/lib/python3.12/site-packages/sqlalchemy/pool/impl.py\", line 175, in _do_get\n    return self._create_connection()\n           ^^^^^^^^^^^^^^^^^^^^^^^^^\n  File \"/Users/arthurparaiso/repos/janus-completo/backend/.venv/lib/python3.12/site-packages/sqlalchemy/pool/base.py\", line 388, in _create_connection\n    return _ConnectionRecord(self)\n           ^^^^^^^^^^^^^^^^^^^^^^^\n  File \"/Users/arthurparaiso/repos/janus-completo/backend/.venv/lib/python3.12/site-packages/sqlalchemy/pool/base.py\", line 673, in __init__\n    self.__connect()\n  File \"/Users/arthurparaiso/repos/janus-completo/backend/.venv/lib/python3.12/site-packages/sqlalchemy/pool/base.py\", line 899, in __connect\n    with util.safe_reraise():\n         ^^^^^^^^^^^^^^^^^^^\n  File \"/Users/arthurparaiso/repos/janus-completo/backend/.venv/lib/python3.12/site-packages/sqlalchemy/util/langhelpers.py\", line 224, in __exit__\n    raise exc_value.with_traceback(exc_tb)\n  File \"/Users/arthurparaiso/repos/janus-completo/backend/.venv/lib/python3.12/site-packages/sqlalchemy/pool/base.py\", line 895, in __connect\n    self.dbapi_connection = connection = pool._invoke_creator(self)\n                                         ^^^^^^^^^^^^^^^^^^^^^^^^^^\n  File \"/Users/arthurparaiso/repos/janus-completo/backend/.venv/lib/python3.12/site-packages/sqlalchemy/engine/create.py\", line 661, in connect\n    return dialect.connect(*cargs, **cparams)\n           ^^^^^^^^^^^^^^^^^^^^^^^^^^^^^^^^^^\n  File \"/Users/arthurparaiso/repos/janus-completo/backend/.venv/lib/python3.12/site-packages/sqlalchemy/engine/default.py\", line 630, in connect\n    return self.loaded_dbapi.connect(*cargs, **cparams)  # type: ignore[no-any-return]  # NOQA: E501\n           ^^^^^^^^^^^^^^^^^^^^^^^^^^^^^^^^^^^^^^^^^^^^\n  File \"/Users/arthurparaiso/repos/janus-completo/backend/.venv/lib/python3.12/site-packages/psycopg2/__init__.py\", line 122, in connect\n    conn = _connect(dsn, connection_factory=connection_factory, **kwasync)\n           ^^^^^^^^^^^^^^^^^^^^^^^^^^^^^^^^^^^^^^^^^^^^^^^^^^^^^^^^^^^^^^^\nsqlalchemy.exc.OperationalError: (psycopg2.OperationalError) could not translate host name \"postgres\" to address: nodename nor servname provided, or not known\n\n(Background on this error at: https://sqlalche.me/e/20/e3q8)"}
Traceback (most recent call last):
  File "/Users/arthurparaiso/repos/janus-completo/backend/.venv/lib/python3.12/site-packages/sqlalchemy/engine/base.py", line 143, in __init__
    self._dbapi_connection = engine.raw_connection()
                             ^^^^^^^^^^^^^^^^^^^^^^^
  File "/Users/arthurparaiso/repos/janus-completo/backend/.venv/lib/python3.12/site-packages/sqlalchemy/engine/base.py", line 3309, in raw_connection
    return self.pool.connect()
           ^^^^^^^^^^^^^^^^^^^
  File "/Users/arthurparaiso/repos/janus-completo/backend/.venv/lib/python3.12/site-packages/sqlalchemy/pool/base.py", line 447, in connect
    return _ConnectionFairy._checkout(self)
           ^^^^^^^^^^^^^^^^^^^^^^^^^^^^^^^^
  File "/Users/arthurparaiso/repos/janus-completo/backend/.venv/lib/python3.12/site-packages/sqlalchemy/pool/base.py", line 1264, in _checkout
    fairy = _ConnectionRecord.checkout(pool)
            ^^^^^^^^^^^^^^^^^^^^^^^^^^^^^^^^
  File "/Users/arthurparaiso/repos/janus-completo/backend/.venv/lib/python3.12/site-packages/sqlalchemy/pool/base.py", line 711, in checkout
    rec = pool._do_get()
          ^^^^^^^^^^^^^^
  File "/Users/arthurparaiso/repos/janus-completo/backend/.venv/lib/python3.12/site-packages/sqlalchemy/pool/impl.py", line 177, in _do_get
    with util.safe_reraise():
         ^^^^^^^^^^^^^^^^^^^
  File "/Users/arthurparaiso/repos/janus-completo/backend/.venv/lib/python3.12/site-packages/sqlalchemy/util/langhelpers.py", line 224, in __exit__
    raise exc_value.with_traceback(exc_tb)
  File "/Users/arthurparaiso/repos/janus-completo/backend/.venv/lib/python3.12/site-packages/sqlalchemy/pool/impl.py", line 175, in _do_get
    return self._create_connection()
           ^^^^^^^^^^^^^^^^^^^^^^^^^
  File "/Users/arthurparaiso/repos/janus-completo/backend/.venv/lib/python3.12/site-packages/sqlalchemy/pool/base.py", line 388, in _create_connection
    return _ConnectionRecord(self)
           ^^^^^^^^^^^^^^^^^^^^^^^
  File "/Users/arthurparaiso/repos/janus-completo/backend/.venv/lib/python3.12/site-packages/sqlalchemy/pool/base.py", line 673, in __init__
    self.__connect()
  File "/Users/arthurparaiso/repos/janus-completo/backend/.venv/lib/python3.12/site-packages/sqlalchemy/pool/base.py", line 899, in __connect
    with util.safe_reraise():
         ^^^^^^^^^^^^^^^^^^^
  File "/Users/arthurparaiso/repos/janus-completo/backend/.venv/lib/python3.12/site-packages/sqlalchemy/util/langhelpers.py", line 224, in __exit__
    raise exc_value.with_traceback(exc_tb)
  File "/Users/arthurparaiso/repos/janus-completo/backend/.venv/lib/python3.12/site-packages/sqlalchemy/pool/base.py", line 895, in __connect
    self.dbapi_connection = connection = pool._invoke_creator(self)
                                         ^^^^^^^^^^^^^^^^^^^^^^^^^^
  File "/Users/arthurparaiso/repos/janus-completo/backend/.venv/lib/python3.12/site-packages/sqlalchemy/engine/create.py", line 661, in connect
    return dialect.connect(*cargs, **cparams)
           ^^^^^^^^^^^^^^^^^^^^^^^^^^^^^^^^^^
  File "/Users/arthurparaiso/repos/janus-completo/backend/.venv/lib/python3.12/site-packages/sqlalchemy/engine/default.py", line 630, in connect
    return self.loaded_dbapi.connect(*cargs, **cparams)  # type: ignore[no-any-return]  # NOQA: E501
           ^^^^^^^^^^^^^^^^^^^^^^^^^^^^^^^^^^^^^^^^^^^^
  File "/Users/arthurparaiso/repos/janus-completo/backend/.venv/lib/python3.12/site-packages/psycopg2/__init__.py", line 122, in connect
    conn = _connect(dsn, connection_factory=connection_factory, **kwasync)
           ^^^^^^^^^^^^^^^^^^^^^^^^^^^^^^^^^^^^^^^^^^^^^^^^^^^^^^^^^^^^^^^
psycopg2.OperationalError: could not translate host name "postgres" to address: nodename nor servname provided, or not known


The above exception was the direct cause of the following exception:

Traceback (most recent call last):
  File "/Users/arthurparaiso/repos/janus-completo/backend/app/repositories/observability_repository.py", line 565, in record_audit_event_direct
    s.commit()
  File "/Users/arthurparaiso/repos/janus-completo/backend/.venv/lib/python3.12/site-packages/sqlalchemy/orm/session.py", line 2030, in commit
    trans.commit(_to_root=True)
  File "<string>", line 2, in commit
  File "/Users/arthurparaiso/repos/janus-completo/backend/.venv/lib/python3.12/site-packages/sqlalchemy/orm/state_changes.py", line 137, in _go
    ret_value = fn(self, *arg, **kw)
                ^^^^^^^^^^^^^^^^^^^^
  File "/Users/arthurparaiso/repos/janus-completo/backend/.venv/lib/python3.12/site-packages/sqlalchemy/orm/session.py", line 1311, in commit
    self._prepare_impl()
  File "<string>", line 2, in _prepare_impl
  File "/Users/arthurparaiso/repos/janus-completo/backend/.venv/lib/python3.12/site-packages/sqlalchemy/orm/state_changes.py", line 137, in _go
    ret_value = fn(self, *arg, **kw)
                ^^^^^^^^^^^^^^^^^^^^
  File "/Users/arthurparaiso/repos/janus-completo/backend/.venv/lib/python3.12/site-packages/sqlalchemy/orm/session.py", line 1286, in _prepare_impl
    self.session.flush()
  File "/Users/arthurparaiso/repos/janus-completo/backend/.venv/lib/python3.12/site-packages/sqlalchemy/orm/session.py", line 4331, in flush
    self._flush(objects)
  File "/Users/arthurparaiso/repos/janus-completo/backend/.venv/lib/python3.12/site-packages/sqlalchemy/orm/session.py", line 4466, in _flush
    with util.safe_reraise():
         ^^^^^^^^^^^^^^^^^^^
  File "/Users/arthurparaiso/repos/janus-completo/backend/.venv/lib/python3.12/site-packages/sqlalchemy/util/langhelpers.py", line 224, in __exit__
    raise exc_value.with_traceback(exc_tb)
  File "/Users/arthurparaiso/repos/janus-completo/backend/.venv/lib/python3.12/site-packages/sqlalchemy/orm/session.py", line 4427, in _flush
    flush_context.execute()
  File "/Users/arthurparaiso/repos/janus-completo/backend/.venv/lib/python3.12/site-packages/sqlalchemy/orm/unitofwork.py", line 466, in execute
    rec.execute(self)
  File "/Users/arthurparaiso/repos/janus-completo/backend/.venv/lib/python3.12/site-packages/sqlalchemy/orm/unitofwork.py", line 642, in execute
    util.preloaded.orm_persistence.save_obj(
  File "/Users/arthurparaiso/repos/janus-completo/backend/.venv/lib/python3.12/site-packages/sqlalchemy/orm/persistence.py", line 68, in save_obj
    ) in _organize_states_for_save(base_mapper, states, uowtransaction):
         ^^^^^^^^^^^^^^^^^^^^^^^^^^^^^^^^^^^^^^^^^^^^^^^^^^^^^^^^^^^^^^
  File "/Users/arthurparaiso/repos/janus-completo/backend/.venv/lib/python3.12/site-packages/sqlalchemy/orm/persistence.py", line 223, in _organize_states_for_save
    for state, dict_, mapper, connection in _connections_for_states(
                                            ^^^^^^^^^^^^^^^^^^^^^^^^
  File "/Users/arthurparaiso/repos/janus-completo/backend/.venv/lib/python3.12/site-packages/sqlalchemy/orm/persistence.py", line 1759, in _connections_for_states
    connection = uowtransaction.transaction.connection(base_mapper)
                 ^^^^^^^^^^^^^^^^^^^^^^^^^^^^^^^^^^^^^^^^^^^^^^^^^^
  File "<string>", line 2, in connection
  File "/Users/arthurparaiso/repos/janus-completo/backend/.venv/lib/python3.12/site-packages/sqlalchemy/orm/state_changes.py", line 137, in _go
    ret_value = fn(self, *arg, **kw)
                ^^^^^^^^^^^^^^^^^^^^
  File "/Users/arthurparaiso/repos/janus-completo/backend/.venv/lib/python3.12/site-packages/sqlalchemy/orm/session.py", line 1037, in connection
    return self._connection_for_bind(bind, execution_options)
           ^^^^^^^^^^^^^^^^^^^^^^^^^^^^^^^^^^^^^^^^^^^^^^^^^^
  File "<string>", line 2, in _connection_for_bind
  File "/Users/arthurparaiso/repos/janus-completo/backend/.venv/lib/python3.12/site-packages/sqlalchemy/orm/state_changes.py", line 137, in _go
    ret_value = fn(self, *arg, **kw)
                ^^^^^^^^^^^^^^^^^^^^
  File "/Users/arthurparaiso/repos/janus-completo/backend/.venv/lib/python3.12/site-packages/sqlalchemy/orm/session.py", line 1173, in _connection_for_bind
    conn = self._parent._connection_for_bind(
           ^^^^^^^^^^^^^^^^^^^^^^^^^^^^^^^^^^
  File "<string>", line 2, in _connection_for_bind
  File "/Users/arthurparaiso/repos/janus-completo/backend/.venv/lib/python3.12/site-packages/sqlalchemy/orm/state_changes.py", line 137, in _go
    ret_value = fn(self, *arg, **kw)
                ^^^^^^^^^^^^^^^^^^^^
  File "/Users/arthurparaiso/repos/janus-completo/backend/.venv/lib/python3.12/site-packages/sqlalchemy/orm/session.py", line 1187, in _connection_for_bind
    conn = bind.connect()
           ^^^^^^^^^^^^^^
  File "/Users/arthurparaiso/repos/janus-completo/backend/.venv/lib/python3.12/site-packages/sqlalchemy/engine/base.py", line 3285, in connect
    return self._connection_cls(self)
           ^^^^^^^^^^^^^^^^^^^^^^^^^^
  File "/Users/arthurparaiso/repos/janus-completo/backend/.venv/lib/python3.12/site-packages/sqlalchemy/engine/base.py", line 145, in __init__
    Connection._handle_dbapi_exception_noconnection(
  File "/Users/arthurparaiso/repos/janus-completo/backend/.venv/lib/python3.12/site-packages/sqlalchemy/engine/base.py", line 2448, in _handle_dbapi_exception_noconnection
    raise sqlalchemy_exception.with_traceback(exc_info[2]) from e
  File "/Users/arthurparaiso/repos/janus-completo/backend/.venv/lib/python3.12/site-packages/sqlalchemy/engine/base.py", line 143, in __init__
    self._dbapi_connection = engine.raw_connection()
                             ^^^^^^^^^^^^^^^^^^^^^^^
  File "/Users/arthurparaiso/repos/janus-completo/backend/.venv/lib/python3.12/site-packages/sqlalchemy/engine/base.py", line 3309, in raw_connection
    return self.pool.connect()
           ^^^^^^^^^^^^^^^^^^^
  File "/Users/arthurparaiso/repos/janus-completo/backend/.venv/lib/python3.12/site-packages/sqlalchemy/pool/base.py", line 447, in connect
    return _ConnectionFairy._checkout(self)
           ^^^^^^^^^^^^^^^^^^^^^^^^^^^^^^^^
  File "/Users/arthurparaiso/repos/janus-completo/backend/.venv/lib/python3.12/site-packages/sqlalchemy/pool/base.py", line 1264, in _checkout
    fairy = _ConnectionRecord.checkout(pool)
            ^^^^^^^^^^^^^^^^^^^^^^^^^^^^^^^^
  File "/Users/arthurparaiso/repos/janus-completo/backend/.venv/lib/python3.12/site-packages/sqlalchemy/pool/base.py", line 711, in checkout
    rec = pool._do_get()
          ^^^^^^^^^^^^^^
  File "/Users/arthurparaiso/repos/janus-completo/backend/.venv/lib/python3.12/site-packages/sqlalchemy/pool/impl.py", line 177, in _do_get
    with util.safe_reraise():
         ^^^^^^^^^^^^^^^^^^^
  File "/Users/arthurparaiso/repos/janus-completo/backend/.venv/lib/python3.12/site-packages/sqlalchemy/util/langhelpers.py", line 224, in __exit__
    raise exc_value.with_traceback(exc_tb)
  File "/Users/arthurparaiso/repos/janus-completo/backend/.venv/lib/python3.12/site-packages/sqlalchemy/pool/impl.py", line 175, in _do_get
    return self._create_connection()
           ^^^^^^^^^^^^^^^^^^^^^^^^^
  File "/Users/arthurparaiso/repos/janus-completo/backend/.venv/lib/python3.12/site-packages/sqlalchemy/pool/base.py", line 388, in _create_connection
    return _ConnectionRecord(self)
           ^^^^^^^^^^^^^^^^^^^^^^^
  File "/Users/arthurparaiso/repos/janus-completo/backend/.venv/lib/python3.12/site-packages/sqlalchemy/pool/base.py", line 673, in __init__
    self.__connect()
  File "/Users/arthurparaiso/repos/janus-completo/backend/.venv/lib/python3.12/site-packages/sqlalchemy/pool/base.py", line 899, in __connect
    with util.safe_reraise():
         ^^^^^^^^^^^^^^^^^^^
  File "/Users/arthurparaiso/repos/janus-completo/backend/.venv/lib/python3.12/site-packages/sqlalchemy/util/langhelpers.py", line 224, in __exit__
    raise exc_value.with_traceback(exc_tb)
  File "/Users/arthurparaiso/repos/janus-completo/backend/.venv/lib/python3.12/site-packages/sqlalchemy/pool/base.py", line 895, in __connect
    self.dbapi_connection = connection = pool._invoke_creator(self)
                                         ^^^^^^^^^^^^^^^^^^^^^^^^^^
  File "/Users/arthurparaiso/repos/janus-completo/backend/.venv/lib/python3.12/site-packages/sqlalchemy/engine/create.py", line 661, in connect
    return dialect.connect(*cargs, **cparams)
           ^^^^^^^^^^^^^^^^^^^^^^^^^^^^^^^^^^
  File "/Users/arthurparaiso/repos/janus-completo/backend/.venv/lib/python3.12/site-packages/sqlalchemy/engine/default.py", line 630, in connect
    return self.loaded_dbapi.connect(*cargs, **cparams)  # type: ignore[no-any-return]  # NOQA: E501
           ^^^^^^^^^^^^^^^^^^^^^^^^^^^^^^^^^^^^^^^^^^^^
  File "/Users/arthurparaiso/repos/janus-completo/backend/.venv/lib/python3.12/site-packages/psycopg2/__init__.py", line 122, in connect
    conn = _connect(dsn, connection_factory=connection_factory, **kwasync)
           ^^^^^^^^^^^^^^^^^^^^^^^^^^^^^^^^^^^^^^^^^^^^^^^^^^^^^^^^^^^^^^^
sqlalchemy.exc.OperationalError: (psycopg2.OperationalError) could not translate host name "postgres" to address: nodename nor servname provided, or not known

(Background on this error at: https://sqlalche.me/e/20/e3q8)
_________ test_ask_code_with_citations_emits_code_citations_telemetry __________

monkeypatch = <_pytest.monkeypatch.MonkeyPatch object at 0x149d18b00>

    @pytest.mark.asyncio
    async def test_ask_code_with_citations_emits_code_citations_telemetry(monkeypatch):
        emitted: list[dict] = []
    
        async def _fake_query(question: str, limit: int = 10) -> str:
            return f"answer:{question}:{limit}"
    
        def _fake_emit(**kwargs):
            emitted.append(kwargs)
            return kwargs
    
        monkeypatch.setattr(knowledge_module, "query_knowledge_graph", _fake_query)
        monkeypatch.setattr(knowledge_module, "emit_step_telemetry", _fake_emit)
    
        service = KnowledgeService(_FakeRepo())
        result = await service.ask_code_with_citations(
            question="How does run call helper", limit=4, citation_limit=2
        )
    
>       assert result["answer"] == "answer:How does run call helper?:4"
E       AssertionError: assert 'answer:How d...call helper:4' == 'answer:How d...all helper?:4'
E         
E         - answer:How does run call helper?:4
E         ?                                -
E         + answer:How does run call helper:4

tests/unit/test_knowledge_service_telemetry.py:70: AssertionError
_________________ test_cb_early_block_emits_error_circuit_open _________________

    @pytest.mark.asyncio
    async def test_cb_early_block_emits_error_circuit_open():
      repo = ChatRepositorySQL()
      svc = ChatService(repo, DummyLLMService(), None)
>     cid = svc.start_conversation("assistant", None, None)
            ^^^^^^^^^^^^^^^^^^^^^^^^^^^^^^^^^^^^^^^^^^^^^^^
E     TypeError: ChatService.start_conversation() takes 3 positional arguments but 4 were given

tests/unit/test_llm_select_and_cb.py:23: TypeError
___________________ test_search_recent_failures_uses_scroll ____________________

    @pytest.mark.asyncio
    async def test_search_recent_failures_uses_scroll():
        """
        Verify that search_recent_failures calls client.scroll instead of client.search.
        """
        mock_client = MagicMock()
        mock_client.scroll = AsyncMock(return_value=([], None))
        mock_client.search = AsyncMock(return_value=[])
    
        # Explicit async side effect for robust mocking
        async def call_async_side_effect(func, *args, **kwargs):
            return await func(*args, **kwargs)
    
        mock_cb = MagicMock()
        # Mocking the decorator usage if needed (though resilient uses call_async internally usually)
        mock_cb.side_effect = lambda f: f
        mock_cb.call_async = AsyncMock(side_effect=call_async_side_effect)
    
        # Simple Config
        class MockSettings:
            MEMORY_VECTOR_SIZE = 1536
            QDRANT_HOST = "mock"
            QDRANT_PORT = 6333
    
        memory = MemoryCore(client=mock_client, circuit_breaker=mock_cb, config=MockSettings())
    
        await memory.arecall_recent_failures(limit=5)
    
        # Assert scroll was called
>       mock_client.scroll.assert_called_once()

tests/unit/test_memory_scroll_refactor.py:38: 
_ _ _ _ _ _ _ _ _ _ _ _ _ _ _ _ _ _ _ _ _ _ _ _ _ _ _ _ _ _ _ _ _ _ _ _ _ _ _ _ 

self = <AsyncMock name='mock.scroll' id='5531094336'>

    def assert_called_once(self):
        """assert that the mock was called only once.
        """
        if not self.call_count == 1:
            msg = ("Expected '%s' to have been called once. Called %s times.%s"
                   % (self._mock_name or 'mock',
                      self.call_count,
                      self._calls_repr()))
>           raise AssertionError(msg)
E           AssertionError: Expected 'scroll' to have been called once. Called 0 times.

/opt/homebrew/Cellar/python@3.12/3.12.12_2/Frameworks/Python.framework/Versions/3.12/lib/python3.12/unittest/mock.py:928: AssertionError
----------------------------- Captured stdout call -----------------------------
{"operation": "qdrant_scroll", "attempt": 1, "max_attempts": 3, "backoff_seconds": 0.739, "elapsed_ms": 0, "exception": "TypeError", "message": "resilient.<locals>.decorator.<locals>.async_wrapper.<locals>.protected_call() got an unexpected keyword argument 'operation'", "event": "resilient_attempt_retry", "logger": "app.core.infrastructure.resilience", "level": "warning", "timestamp": "2026-04-10T18:01:17.926919Z", "trace_id": "-", "user_id": "-", "session_id": "-", "conversation_id": "-", "project_id": "-"}
{"operation": "qdrant_scroll", "attempt": 2, "max_attempts": 3, "backoff_seconds": 0.976, "elapsed_ms": 0, "exception": "TypeError", "message": "resilient.<locals>.decorator.<locals>.async_wrapper.<locals>.protected_call() got an unexpected keyword argument 'operation'", "event": "resilient_attempt_retry", "logger": "app.core.infrastructure.resilience", "level": "warning", "timestamp": "2026-04-10T18:01:18.667679Z", "trace_id": "-", "user_id": "-", "session_id": "-", "conversation_id": "-", "project_id": "-"}
{"operation": "qdrant_scroll", "attempts": 3, "max_attempts": 3, "exception": "TypeError", "message": "resilient.<locals>.decorator.<locals>.async_wrapper.<locals>.protected_call() got an unexpected keyword argument 'operation'", "event": "resilient_failed_after_attempts", "logger": "app.core.infrastructure.resilience", "level": "error", "timestamp": "2026-04-10T18:01:19.644889Z", "trace_id": "-", "user_id": "-", "session_id": "-", "conversation_id": "-", "project_id": "-"}
{"event": "qdrant_scroll failed", "logger": "app.core.memory.providers.qdrant_provider", "level": "error", "timestamp": "2026-04-10T18:01:19.646072Z", "trace_id": "-", "user_id": "-", "session_id": "-", "conversation_id": "-", "project_id": "-", "exception": "Traceback (most recent call last):\n  File \"/Users/arthurparaiso/repos/janus-completo/backend/app/core/memory/providers/qdrant_provider.py\", line 226, in scroll\n    return await _execute_scroll()\n           ^^^^^^^^^^^^^^^^^^^^^^^\n  File \"/Users/arthurparaiso/repos/janus-completo/backend/app/core/infrastructure/resilience.py\", line 585, in async_wrapper\n    raise last_exception\n  File \"/Users/arthurparaiso/repos/janus-completo/backend/app/core/infrastructure/resilience.py\", line 490, in async_wrapper\n    result = await call()\n             ^^^^^^^^^^^^\n  File \"/opt/homebrew/Cellar/python@3.12/3.12.12_2/Frameworks/Python.framework/Versions/3.12/lib/python3.12/unittest/mock.py\", line 2302, in _execute_mock_call\n    result = await effect(*args, **kwargs)\n             ^^^^^^^^^^^^^^^^^^^^^^^^^^^^^\n  File \"/Users/arthurparaiso/repos/janus-completo/backend/tests/unit/test_memory_scroll_refactor.py\", line 20, in call_async_side_effect\n    return await func(*args, **kwargs)\n                 ^^^^^^^^^^^^^^^^^^^^^\nTypeError: resilient.<locals>.decorator.<locals>.async_wrapper.<locals>.protected_call() got an unexpected keyword argument 'operation'"}
------------------------------ Captured log call -------------------------------
WARNING  app.core.infrastructure.resilience:resilience.py:548 {"operation": "qdrant_scroll", "attempt": 1, "max_attempts": 3, "backoff_seconds": 0.739, "elapsed_ms": 0, "exception": "TypeError", "message": "resilient.<locals>.decorator.<locals>.async_wrapper.<locals>.protected_call() got an unexpected keyword argument 'operation'", "event": "resilient_attempt_retry", "logger": "app.core.infrastructure.resilience", "level": "warning", "timestamp": "2026-04-10T18:01:17.926919Z", "trace_id": "-", "user_id": "-", "session_id": "-", "conversation_id": "-", "project_id": "-"}
WARNING  app.core.infrastructure.resilience:resilience.py:548 {"operation": "qdrant_scroll", "attempt": 2, "max_attempts": 3, "backoff_seconds": 0.976, "elapsed_ms": 0, "exception": "TypeError", "message": "resilient.<locals>.decorator.<locals>.async_wrapper.<locals>.protected_call() got an unexpected keyword argument 'operation'", "event": "resilient_attempt_retry", "logger": "app.core.infrastructure.resilience", "level": "warning", "timestamp": "2026-04-10T18:01:18.667679Z", "trace_id": "-", "user_id": "-", "session_id": "-", "conversation_id": "-", "project_id": "-"}
ERROR    app.core.infrastructure.resilience:resilience.py:577 {"operation": "qdrant_scroll", "attempts": 3, "max_attempts": 3, "exception": "TypeError", "message": "resilient.<locals>.decorator.<locals>.async_wrapper.<locals>.protected_call() got an unexpected keyword argument 'operation'", "event": "resilient_failed_after_attempts", "logger": "app.core.infrastructure.resilience", "level": "error", "timestamp": "2026-04-10T18:01:19.644889Z", "trace_id": "-", "user_id": "-", "session_id": "-", "conversation_id": "-", "project_id": "-"}
ERROR    app.core.memory.providers.qdrant_provider:qdrant_provider.py:228 {"event": "qdrant_scroll failed", "logger": "app.core.memory.providers.qdrant_provider", "level": "error", "timestamp": "2026-04-10T18:01:19.646072Z", "trace_id": "-", "user_id": "-", "session_id": "-", "conversation_id": "-", "project_id": "-", "exception": "Traceback (most recent call last):\n  File \"/Users/arthurparaiso/repos/janus-completo/backend/app/core/memory/providers/qdrant_provider.py\", line 226, in scroll\n    return await _execute_scroll()\n           ^^^^^^^^^^^^^^^^^^^^^^^\n  File \"/Users/arthurparaiso/repos/janus-completo/backend/app/core/infrastructure/resilience.py\", line 585, in async_wrapper\n    raise last_exception\n  File \"/Users/arthurparaiso/repos/janus-completo/backend/app/core/infrastructure/resilience.py\", line 490, in async_wrapper\n    result = await call()\n             ^^^^^^^^^^^^\n  File \"/opt/homebrew/Cellar/python@3.12/3.12.12_2/Frameworks/Python.framework/Versions/3.12/lib/python3.12/unittest/mock.py\", line 2302, in _execute_mock_call\n    result = await effect(*args, **kwargs)\n             ^^^^^^^^^^^^^^^^^^^^^^^^^^^^^\n  File \"/Users/arthurparaiso/repos/janus-completo/backend/tests/unit/test_memory_scroll_refactor.py\", line 20, in call_async_side_effect\n    return await func(*args, **kwargs)\n                 ^^^^^^^^^^^^^^^^^^^^^\nTypeError: resilient.<locals>.decorator.<locals>.async_wrapper.<locals>.protected_call() got an unexpected keyword argument 'operation'"}
____________________ test_search_recent_lessons_uses_scroll ____________________

    @pytest.mark.asyncio
    async def test_search_recent_lessons_uses_scroll():
        """
        Verify that search_recent_lessons calls client.scroll instead of client.search.
        """
        mock_client = MagicMock()
        mock_client.scroll = AsyncMock(return_value=([], None))
        mock_client.search = AsyncMock(return_value=[])
    
        async def call_async_side_effect(func, *args, **kwargs):
            return await func(*args, **kwargs)
    
        mock_cb = MagicMock()
        mock_cb.side_effect = lambda f: f
        mock_cb.call_async = AsyncMock(side_effect=call_async_side_effect)
    
        class MockSettings:
            MEMORY_VECTOR_SIZE = 1536
            QDRANT_HOST = "mock"
            QDRANT_PORT = 6333
    
        memory = MemoryCore(client=mock_client, circuit_breaker=mock_cb, config=MockSettings())
    
        await memory.arecall_recent_lessons(limit=10)
    
>       mock_client.scroll.assert_called_once()

tests/unit/test_memory_scroll_refactor.py:70: 
_ _ _ _ _ _ _ _ _ _ _ _ _ _ _ _ _ _ _ _ _ _ _ _ _ _ _ _ _ _ _ _ _ _ _ _ _ _ _ _ 

self = <AsyncMock name='mock.scroll' id='5531327696'>

    def assert_called_once(self):
        """assert that the mock was called only once.
        """
        if not self.call_count == 1:
            msg = ("Expected '%s' to have been called once. Called %s times.%s"
                   % (self._mock_name or 'mock',
                      self.call_count,
                      self._calls_repr()))
>           raise AssertionError(msg)
E           AssertionError: Expected 'scroll' to have been called once. Called 0 times.

/opt/homebrew/Cellar/python@3.12/3.12.12_2/Frameworks/Python.framework/Versions/3.12/lib/python3.12/unittest/mock.py:928: AssertionError
----------------------------- Captured stdout call -----------------------------
{"operation": "qdrant_scroll", "attempt": 1, "max_attempts": 3, "backoff_seconds": 0.72, "elapsed_ms": 0, "exception": "TypeError", "message": "resilient.<locals>.decorator.<locals>.async_wrapper.<locals>.protected_call() got an unexpected keyword argument 'operation'", "event": "resilient_attempt_retry", "logger": "app.core.infrastructure.resilience", "level": "warning", "timestamp": "2026-04-10T18:01:19.666962Z", "trace_id": "-", "user_id": "-", "session_id": "-", "conversation_id": "-", "project_id": "-"}
{"operation": "qdrant_scroll", "attempt": 2, "max_attempts": 3, "backoff_seconds": 1.718, "elapsed_ms": 0, "exception": "TypeError", "message": "resilient.<locals>.decorator.<locals>.async_wrapper.<locals>.protected_call() got an unexpected keyword argument 'operation'", "event": "resilient_attempt_retry", "logger": "app.core.infrastructure.resilience", "level": "warning", "timestamp": "2026-04-10T18:01:20.388861Z", "trace_id": "-", "user_id": "-", "session_id": "-", "conversation_id": "-", "project_id": "-"}
{"operation": "qdrant_scroll", "attempts": 3, "max_attempts": 3, "exception": "TypeError", "message": "resilient.<locals>.decorator.<locals>.async_wrapper.<locals>.protected_call() got an unexpected keyword argument 'operation'", "event": "resilient_failed_after_attempts", "logger": "app.core.infrastructure.resilience", "level": "error", "timestamp": "2026-04-10T18:01:22.109605Z", "trace_id": "-", "user_id": "-", "session_id": "-", "conversation_id": "-", "project_id": "-"}
{"event": "qdrant_scroll failed", "logger": "app.core.memory.providers.qdrant_provider", "level": "error", "timestamp": "2026-04-10T18:01:22.111508Z", "trace_id": "-", "user_id": "-", "session_id": "-", "conversation_id": "-", "project_id": "-", "exception": "Traceback (most recent call last):\n  File \"/Users/arthurparaiso/repos/janus-completo/backend/app/core/memory/providers/qdrant_provider.py\", line 226, in scroll\n    return await _execute_scroll()\n           ^^^^^^^^^^^^^^^^^^^^^^^\n  File \"/Users/arthurparaiso/repos/janus-completo/backend/app/core/infrastructure/resilience.py\", line 585, in async_wrapper\n    raise last_exception\n  File \"/Users/arthurparaiso/repos/janus-completo/backend/app/core/infrastructure/resilience.py\", line 490, in async_wrapper\n    result = await call()\n             ^^^^^^^^^^^^\n  File \"/opt/homebrew/Cellar/python@3.12/3.12.12_2/Frameworks/Python.framework/Versions/3.12/lib/python3.12/unittest/mock.py\", line 2302, in _execute_mock_call\n    result = await effect(*args, **kwargs)\n             ^^^^^^^^^^^^^^^^^^^^^^^^^^^^^\n  File \"/Users/arthurparaiso/repos/janus-completo/backend/tests/unit/test_memory_scroll_refactor.py\", line 55, in call_async_side_effect\n    return await func(*args, **kwargs)\n                 ^^^^^^^^^^^^^^^^^^^^^\nTypeError: resilient.<locals>.decorator.<locals>.async_wrapper.<locals>.protected_call() got an unexpected keyword argument 'operation'"}
------------------------------ Captured log call -------------------------------
WARNING  app.core.infrastructure.resilience:resilience.py:548 {"operation": "qdrant_scroll", "attempt": 1, "max_attempts": 3, "backoff_seconds": 0.72, "elapsed_ms": 0, "exception": "TypeError", "message": "resilient.<locals>.decorator.<locals>.async_wrapper.<locals>.protected_call() got an unexpected keyword argument 'operation'", "event": "resilient_attempt_retry", "logger": "app.core.infrastructure.resilience", "level": "warning", "timestamp": "2026-04-10T18:01:19.666962Z", "trace_id": "-", "user_id": "-", "session_id": "-", "conversation_id": "-", "project_id": "-"}
WARNING  app.core.infrastructure.resilience:resilience.py:548 {"operation": "qdrant_scroll", "attempt": 2, "max_attempts": 3, "backoff_seconds": 1.718, "elapsed_ms": 0, "exception": "TypeError", "message": "resilient.<locals>.decorator.<locals>.async_wrapper.<locals>.protected_call() got an unexpected keyword argument 'operation'", "event": "resilient_attempt_retry", "logger": "app.core.infrastructure.resilience", "level": "warning", "timestamp": "2026-04-10T18:01:20.388861Z", "trace_id": "-", "user_id": "-", "session_id": "-", "conversation_id": "-", "project_id": "-"}
ERROR    app.core.infrastructure.resilience:resilience.py:577 {"operation": "qdrant_scroll", "attempts": 3, "max_attempts": 3, "exception": "TypeError", "message": "resilient.<locals>.decorator.<locals>.async_wrapper.<locals>.protected_call() got an unexpected keyword argument 'operation'", "event": "resilient_failed_after_attempts", "logger": "app.core.infrastructure.resilience", "level": "error", "timestamp": "2026-04-10T18:01:22.109605Z", "trace_id": "-", "user_id": "-", "session_id": "-", "conversation_id": "-", "project_id": "-"}
ERROR    app.core.memory.providers.qdrant_provider:qdrant_provider.py:228 {"event": "qdrant_scroll failed", "logger": "app.core.memory.providers.qdrant_provider", "level": "error", "timestamp": "2026-04-10T18:01:22.111508Z", "trace_id": "-", "user_id": "-", "session_id": "-", "conversation_id": "-", "project_id": "-", "exception": "Traceback (most recent call last):\n  File \"/Users/arthurparaiso/repos/janus-completo/backend/app/core/memory/providers/qdrant_provider.py\", line 226, in scroll\n    return await _execute_scroll()\n           ^^^^^^^^^^^^^^^^^^^^^^^\n  File \"/Users/arthurparaiso/repos/janus-completo/backend/app/core/infrastructure/resilience.py\", line 585, in async_wrapper\n    raise last_exception\n  File \"/Users/arthurparaiso/repos/janus-completo/backend/app/core/infrastructure/resilience.py\", line 490, in async_wrapper\n    result = await call()\n             ^^^^^^^^^^^^\n  File \"/opt/homebrew/Cellar/python@3.12/3.12.12_2/Frameworks/Python.framework/Versions/3.12/lib/python3.12/unittest/mock.py\", line 2302, in _execute_mock_call\n    result = await effect(*args, **kwargs)\n             ^^^^^^^^^^^^^^^^^^^^^^^^^^^^^\n  File \"/Users/arthurparaiso/repos/janus-completo/backend/tests/unit/test_memory_scroll_refactor.py\", line 55, in call_async_side_effect\n    return await func(*args, **kwargs)\n                 ^^^^^^^^^^^^^^^^^^^^^\nTypeError: resilient.<locals>.decorator.<locals>.async_wrapper.<locals>.protected_call() got an unexpected keyword argument 'operation'"}
____ test_index_interaction_uses_chat_collection_and_deterministic_point_id ____

monkeypatch = <_pytest.monkeypatch.MonkeyPatch object at 0x1520be7e0>

    @pytest.mark.asyncio
    async def test_index_interaction_uses_chat_collection_and_deterministic_point_id(monkeypatch):
        service = MemoryService(FakeMemoryRepository())
        captured: dict[str, Any] = {}
    
        class DummyClient:
            async def upsert(self, *, collection_name, points):
                captured["collection_name"] = collection_name
                captured["points"] = points
    
        async def _fake_collection(name: str, *args, **kwargs):
            return name
    
        async def _fake_count(*args, **kwargs):
            return 0
    
        async def _fake_embed(text: str):
            return [0.1, 0.2, 0.3]
    
        monkeypatch.setattr("app.services.memory_service.aget_or_create_collection", _fake_collection)
        monkeypatch.setattr("app.services.memory_service.async_count_points", _fake_count)
        monkeypatch.setattr("app.services.memory_service.aembed_text", _fake_embed)
        monkeypatch.setattr("app.services.memory_service.get_async_qdrant_client", lambda: DummyClient())
        monkeypatch.setattr("app.services.memory_service.time.time", lambda: 1234.567)
    
>       await service.index_interaction("hello", "u1", "sess-1", "user")
              ^^^^^^^^^^^^^^^^^^^^^^^^^^^^^^^^^^^^^^^^^^^^^^^^^^^^^^^^^^
E       TypeError: MemoryService.index_interaction() takes 4 positional arguments but 5 were given

tests/unit/test_memory_service.py:183: TypeError
____ test_send_message_command_shortcut_persists_and_returns_understanding _____

    @pytest.mark.asyncio
    async def test_send_message_command_shortcut_persists_and_returns_understanding():
        repo = _FakeRepo()
        prompt = _FakePromptService()
        command = _FakeCommandHandler(enabled=True, response="Use /help para comandos")
        service = _build_service(repo=repo, prompt_service=prompt, command_handler=command)
    
>       result = await service.send_message(
            conversation_id="conv-1",
            message="como usar?",
            role=ModelRole.ORCHESTRATOR,
            priority=ModelPriority.FAST_AND_CHEAP,
        )

tests/unit/test_message_orchestration_service.py:217: 
_ _ _ _ _ _ _ _ _ _ _ _ _ _ _ _ _ _ _ _ _ _ _ _ _ _ _ _ _ _ _ _ _ _ _ _ _ _ _ _ 

self = <app.services.chat.message_orchestration_service.MessageOrchestrationService object at 0x1526a8ec0>
conversation_id = 'conv-1', message = 'como usar?'
role = <ModelRole.ORCHESTRATOR: 'orchestrator'>
priority = <ModelPriority.FAST_AND_CHEAP: 'fast_and_cheap'>
timeout_seconds = None, project_id = None, knowledge_space_id = None
identity_source = 'unknown'

    async def send_message(
        self,
        conversation_id: str,
        message: str,
        role: ModelRole,
        priority: ModelPriority,
        timeout_seconds: int | None = None,
        project_id: str | None = None,
        knowledge_space_id: str | None = None,
        identity_source: str = "unknown") -> dict[str, Any]:
        try:
            conv = await asyncio.to_thread(self._repo.get_conversation, conversation_id)
        except ChatRepositoryError as e:
            raise ConversationNotFoundError(str(e)) from e
    
>       self._conversation_service.validate_conversation_access(
            conversation_id, conv, project_id
        )
E       TypeError: _FakeConversationService.validate_conversation_access() missing 1 required positional argument: 'project_id'

app/services/chat/message_orchestration_service.py:1274: TypeError
___________________ test_send_message_rejects_large_payload ____________________

monkeypatch = <_pytest.monkeypatch.MonkeyPatch object at 0x149b77170>

    @pytest.mark.asyncio
    async def test_send_message_rejects_large_payload(monkeypatch):
        repo = _FakeRepo()
        service = _build_service(repo=repo, prompt_service=_FakePromptService())
        monkeypatch.setenv("CHAT_MAX_MESSAGE_BYTES", "8")
    
        with pytest.raises(MessageTooLargeError):
>           await service.send_message(
                conversation_id="conv-1",
                message="mensagem grande demais",
                role=ModelRole.ORCHESTRATOR,
                priority=ModelPriority.FAST_AND_CHEAP,
            )

tests/unit/test_message_orchestration_service.py:239: 
_ _ _ _ _ _ _ _ _ _ _ _ _ _ _ _ _ _ _ _ _ _ _ _ _ _ _ _ _ _ _ _ _ _ _ _ _ _ _ _ 

self = <app.services.chat.message_orchestration_service.MessageOrchestrationService object at 0x149af7aa0>
conversation_id = 'conv-1', message = 'mensagem grande demais'
role = <ModelRole.ORCHESTRATOR: 'orchestrator'>
priority = <ModelPriority.FAST_AND_CHEAP: 'fast_and_cheap'>
timeout_seconds = None, project_id = None, knowledge_space_id = None
identity_source = 'unknown'

    async def send_message(
        self,
        conversation_id: str,
        message: str,
        role: ModelRole,
        priority: ModelPriority,
        timeout_seconds: int | None = None,
        project_id: str | None = None,
        knowledge_space_id: str | None = None,
        identity_source: str = "unknown") -> dict[str, Any]:
        try:
            conv = await asyncio.to_thread(self._repo.get_conversation, conversation_id)
        except ChatRepositoryError as e:
            raise ConversationNotFoundError(str(e)) from e
    
>       self._conversation_service.validate_conversation_access(
            conversation_id, conv, project_id
        )
E       TypeError: _FakeConversationService.validate_conversation_access() missing 1 required positional argument: 'project_id'

app/services/chat/message_orchestration_service.py:1274: TypeError
______ test_send_message_agent_loop_path_persists_and_enqueues_post_event ______

    @pytest.mark.asyncio
    async def test_send_message_agent_loop_path_persists_and_enqueues_post_event():
        repo = _FakeRepo()
        prompt = _FakePromptService()
        command = _FakeCommandHandler(enabled=False, response=None)
        agent_loop = _FakeAgentLoop()
        rag = _FakeRagService()
        outbox = _FakeOutboxService()
        service = _build_service(
            repo=repo,
            prompt_service=prompt,
            command_handler=command,
            agent_loop=agent_loop,
            rag_service=rag,
            outbox_service=outbox,
        )
    
>       result = await service.send_message(
            conversation_id="conv-1",
            message="Implemente uma rotina de deploy com rollback e validacao completa.",
            role=ModelRole.ORCHESTRATOR,
            priority=ModelPriority.HIGH_QUALITY,
            user_id="user-1",
            project_id="proj-1",
        )
E       TypeError: MessageOrchestrationService.send_message() got an unexpected keyword argument 'user_id'

tests/unit/test_message_orchestration_service.py:264: TypeError
____ test_send_message_light_chat_bypasses_agent_loop_and_skips_rag_lookup _____

monkeypatch = <_pytest.monkeypatch.MonkeyPatch object at 0x149adcce0>

    @pytest.mark.asyncio
    async def test_send_message_light_chat_bypasses_agent_loop_and_skips_rag_lookup(monkeypatch):
        repo = _FakeRepo()
        prompt = _FakePromptService()
        llm = _FakeLLMService(response="resposta leve")
        agent_loop = _FakeAgentLoop()
        rag = _FakeRagService()
        outbox = _FakeOutboxService()
        scheduled = []
        original_create_task = asyncio.create_task
    
        def _track_task(coro):
            task = original_create_task(coro)
            scheduled.append(task)
            return task
    
        monkeypatch.setattr(
            "app.services.chat.message_orchestration_service.asyncio.create_task",
            _track_task,
        )
    
        service = _build_service(
            repo=repo,
            llm_service=llm,
            prompt_service=prompt,
            agent_loop=agent_loop,
            rag_service=rag,
            outbox_service=outbox,
        )
    
>       result = await service.send_message(
            conversation_id="conv-1",
            message="Qual é o status do sistema?",
            role=ModelRole.ORCHESTRATOR,
            priority=ModelPriority.FAST_AND_CHEAP,
            user_id="user-1",
            project_id="proj-1",
        )
E       TypeError: MessageOrchestrationService.send_message() got an unexpected keyword argument 'user_id'

tests/unit/test_message_orchestration_service.py:314: TypeError
__ test_send_message_document_grounding_uses_evidence_and_preserves_citations __

monkeypatch = <_pytest.monkeypatch.MonkeyPatch object at 0x152677080>

    @pytest.mark.asyncio
    async def test_send_message_document_grounding_uses_evidence_and_preserves_citations(monkeypatch):
        repo = _FakeRepo()
        llm = _FakeLLMService(
            response=(
                '{"answer":"O documento cita sinais neurologicos agudos.",'
                '"supported_points":[{"statement":"O texto menciona facial droop.",'
                '"citation_ids":[1]},{"statement":"O texto menciona speech disturbance.",'
                '"citation_ids":[1]}],'
                '"missing_information":[]}'
            )
        )
        manifest_repo = _FakeManifestRepo(
            rows=[
                {
                    "doc_id": "doc-1",
                    "status": "indexed",
                    "chunks_indexed": 3,
                    "file_name": "stroke.txt",
                }
            ]
        )
        monkeypatch.setattr(
            "app.services.chat.message_orchestration_service.collect_document_citations",
            AsyncMock(
                return_value=[
                    {
                        "doc_id": "doc-1",
                        "title": "stroke.txt",
                        "file_path": "stroke.txt",
                        "source_type": "document",
                        "snippet": "Ischemic stroke warning signs include facial droop and speech disturbance.",
                    }
                ]
            ),
        )
        service = _build_service(repo=repo, llm_service=llm, manifest_repo=manifest_repo)
    
>       result = await service.send_message(
            conversation_id="conv-1",
            message="Quais sinais de AVC o documento menciona?",
            role=ModelRole.ORCHESTRATOR,
            priority=ModelPriority.HIGH_QUALITY,
            user_id="user-1",
        )
E       TypeError: MessageOrchestrationService.send_message() got an unexpected keyword argument 'user_id'

tests/unit/test_message_orchestration_service.py:370: TypeError
_ test_send_message_document_grounding_returns_processing_notice_when_no_indexed_docs _

    @pytest.mark.asyncio
    async def test_send_message_document_grounding_returns_processing_notice_when_no_indexed_docs():
        repo = _FakeRepo()
        manifest_repo = _FakeManifestRepo(
            rows=[
                {
                    "doc_id": "doc-1",
                    "status": "processing",
                    "chunks_indexed": 0,
                    "file_name": "stroke.txt",
                }
            ]
        )
        llm = _FakeLLMService()
        service = _build_service(repo=repo, llm_service=llm, manifest_repo=manifest_repo)
    
>       result = await service.send_message(
            conversation_id="conv-1",
            message="Analise o arquivo que eu mandei",
            role=ModelRole.ORCHESTRATOR,
            priority=ModelPriority.HIGH_QUALITY,
            user_id="user-1",
        )
E       TypeError: MessageOrchestrationService.send_message() got an unexpected keyword argument 'user_id'

tests/unit/test_message_orchestration_service.py:402: TypeError
______ test_send_message_document_grounding_ignores_processing_doc_chunks ______

monkeypatch = <_pytest.monkeypatch.MonkeyPatch object at 0x1526f18b0>

    @pytest.mark.asyncio
    async def test_send_message_document_grounding_ignores_processing_doc_chunks(monkeypatch):
        repo = _FakeRepo()
        llm = _FakeLLMService(
            response=(
                '{"answer":"O documento menciona facial droop e speech disturbance.",'
                '"supported_points":[{"statement":"Ha mencao a facial droop.","citation_ids":[1]}],'
                '"missing_information":[]}'
            )
        )
        manifest_repo = _FakeManifestRepo(
            rows=[
                {
                    "doc_id": "doc-indexed",
                    "status": "indexed",
                    "chunks_indexed": 1,
                    "file_name": "indexed.txt",
                },
                {
                    "doc_id": "doc-processing",
                    "status": "processing",
                    "chunks_indexed": 40,
                    "file_name": "processing.txt",
                },
            ]
        )
        monkeypatch.setattr(
            "app.services.chat.message_orchestration_service.collect_document_citations",
            AsyncMock(
                side_effect=[
                    [
                        {
                            "doc_id": "doc-processing",
                            "title": "processing.txt",
                            "file_path": "processing.txt",
                            "source_type": "document",
                            "snippet": "Trecho parcial sem a resposta correta.",
                        }
                    ],
                    [
                        {
                            "doc_id": "doc-indexed",
                            "title": "indexed.txt",
                            "file_path": "indexed.txt",
                            "source_type": "document",
                            "snippet": "Ischemic stroke signs include facial droop and speech disturbance.",
                        }
                    ],
                ]
            ),
        )
        service = _build_service(repo=repo, llm_service=llm, manifest_repo=manifest_repo)
    
>       result = await service.send_message(
            conversation_id="conv-1",
            message="No documento enviado, quais sinais de AVC aparecem?",
            role=ModelRole.ORCHESTRATOR,
            priority=ModelPriority.HIGH_QUALITY,
            user_id="user-1",
        )
E       TypeError: MessageOrchestrationService.send_message() got an unexpected keyword argument 'user_id'

tests/unit/test_message_orchestration_service.py:469: TypeError
___ test_send_message_document_grounding_rechecks_false_negative_extraction ____

monkeypatch = <_pytest.monkeypatch.MonkeyPatch object at 0x15270a3c0>

    @pytest.mark.asyncio
    async def test_send_message_document_grounding_rechecks_false_negative_extraction(monkeypatch):
        repo = _FakeRepo()
        llm = _FakeLLMService(
            response=[
                (
                    '{"answer":"Nenhum sinal especifico de AVC isquemico e mencionado.",'
                    '"supported_points":[],"missing_information":["sinais especificos de AVC isquemico"]}'
                ),
                (
                    '{"answered":true,"supported_points":[{"statement":"O documento menciona facial droop, arm weakness e speech disturbance.",'
                    '"citation_ids":[1],"quote":"common acute warning signs of ischemic stroke include facial droop, arm weakness, and speech disturbance"}],'
                    '"missing_information":[]}'
                ),
            ]
        )
        manifest_repo = _FakeManifestRepo(
            rows=[
                {
                    "doc_id": "doc-1",
                    "status": "indexed",
                    "chunks_indexed": 1,
                    "file_name": "stroke.txt",
                }
            ]
        )
        monkeypatch.setattr(
            "app.services.chat.message_orchestration_service.collect_document_citations",
            AsyncMock(
                return_value=[
                    {
                        "doc_id": "doc-1",
                        "title": "stroke.txt",
                        "file_path": "stroke.txt",
                        "source_type": "document",
                        "snippet": (
                            "The document states that common acute warning signs of ischemic stroke "
                            "include facial droop, arm weakness, and speech disturbance. Sudden "
                            "unilateral numbness can also occur."
                        ),
                    }
                ]
            ),
        )
        service = _build_service(repo=repo, llm_service=llm, manifest_repo=manifest_repo)
    
>       result = await service.send_message(
            conversation_id="conv-1",
            message="No documento enviado, quais sinais de AVC isquemico sao mencionados?",
            role=ModelRole.ORCHESTRATOR,
            priority=ModelPriority.HIGH_QUALITY,
            user_id="user-1",
        )
E       TypeError: MessageOrchestrationService.send_message() got an unexpected keyword argument 'user_id'

tests/unit/test_message_orchestration_service.py:527: TypeError
____ test_send_message_document_grounding_negative_omits_irrelevant_snippet ____

monkeypatch = <_pytest.monkeypatch.MonkeyPatch object at 0x1527095e0>

    @pytest.mark.asyncio
    async def test_send_message_document_grounding_negative_omits_irrelevant_snippet(monkeypatch):
        repo = _FakeRepo()
        llm = _FakeLLMService(
            response=(
                '{"answered":false,"answer":"","supported_points":[],"missing_information":["diabetes mellitus"]}'
            )
        )
        manifest_repo = _FakeManifestRepo(
            rows=[
                {
                    "doc_id": "doc-1",
                    "status": "indexed",
                    "chunks_indexed": 1,
                    "file_name": "stroke.txt",
                }
            ]
        )
        monkeypatch.setattr(
            "app.services.chat.message_orchestration_service.collect_document_citations",
            AsyncMock(
                return_value=[
                    {
                        "doc_id": "doc-1",
                        "title": "stroke.txt",
                        "file_path": "stroke.txt",
                        "source_type": "document",
                        "snippet": "The document states that common acute warning signs of ischemic stroke include facial droop.",
                    }
                ]
            ),
        )
        service = _build_service(repo=repo, llm_service=llm, manifest_repo=manifest_repo)
    
>       result = await service.send_message(
            conversation_id="conv-1",
            message="No documento enviado, ele fala sobre diabetes mellitus?",
            role=ModelRole.ORCHESTRATOR,
            priority=ModelPriority.HIGH_QUALITY,
            user_id="user-1",
        )
E       TypeError: MessageOrchestrationService.send_message() got an unexpected keyword argument 'user_id'

tests/unit/test_message_orchestration_service.py:575: TypeError
_ test_send_message_document_grounding_prefers_primary_source_for_operational_requests _

monkeypatch = <_pytest.monkeypatch.MonkeyPatch object at 0x1526f0500>

    @pytest.mark.asyncio
    async def test_send_message_document_grounding_prefers_primary_source_for_operational_requests(monkeypatch):
        repo = _FakeRepo()
        llm = _FakeLLMService(
            response=(
                '{"response":"O manual principal descreve o procedimento passo a passo.",'
                '"used_citation_ids":[1],'
                '"missing_user_decisions":[],'
                '"source_gaps":[],'
                '"artifact_type":"procedure"}'
            )
        )
        manifest_repo = _FakeManifestRepo(
            rows=[
                {
                    "doc_id": "doc-core",
                    "status": "indexed",
                    "chunks_indexed": 50,
                    "chunks_total": 50,
                    "file_name": "Core Handbook.pdf",
                },
                {
                    "doc_id": "doc-companion",
                    "status": "indexed",
                    "chunks_indexed": 20,
                    "chunks_total": 20,
                    "file_name": "Companion Guide.pdf",
                },
            ]
        )
        monkeypatch.setattr(
            "app.services.chat.message_orchestration_service.collect_document_citations",
            AsyncMock(
                return_value=[
                    {
                        "doc_id": "doc-companion",
                        "title": "Companion Guide.pdf",
                        "file_path": "Companion Guide.pdf",
                        "source_type": "document",
                        "snippet": "Companion material with extra options.",
                    },
                    {
                        "doc_id": "doc-core",
                        "title": "Core Handbook.pdf",
                        "file_path": "Core Handbook.pdf",
                        "source_type": "document",
                        "snippet": "Core handbook with the canonical step-by-step procedure.",
                    },
                ]
            ),
        )
        service = _build_service(repo=repo, llm_service=llm, manifest_repo=manifest_repo)
    
>       result = await service.send_message(
            conversation_id="conv-1",
            message="Crie o procedimento passo a passo usando os documentos enviados",
            role=ModelRole.ORCHESTRATOR,
            priority=ModelPriority.HIGH_QUALITY,
            user_id="user-1",
        )
E       TypeError: MessageOrchestrationService.send_message() got an unexpected keyword argument 'user_id'

tests/unit/test_message_orchestration_service.py:641: TypeError
_ test_send_message_document_grounding_allows_secondary_when_user_requests_it __

monkeypatch = <_pytest.monkeypatch.MonkeyPatch object at 0x149b16030>

    @pytest.mark.asyncio
    async def test_send_message_document_grounding_allows_secondary_when_user_requests_it(monkeypatch):
        repo = _FakeRepo()
        llm = _FakeLLMService(
            response=(
                '{"response":"O manual principal cobre a base e o Companion Guide adiciona opções extras.",'
                '"used_citation_ids":[1,2],'
                '"missing_user_decisions":[],'
                '"source_gaps":[],'
                '"artifact_type":"procedure"}'
            )
        )
        manifest_repo = _FakeManifestRepo(
            rows=[
                {
                    "doc_id": "doc-core",
                    "status": "indexed",
                    "chunks_indexed": 50,
                    "chunks_total": 50,
                    "file_name": "Core Handbook.pdf",
                },
                {
                    "doc_id": "doc-companion",
                    "status": "indexed",
                    "chunks_indexed": 20,
                    "chunks_total": 20,
                    "file_name": "Companion Guide.pdf",
                },
            ]
        )
        monkeypatch.setattr(
            "app.services.chat.message_orchestration_service.collect_document_citations",
            AsyncMock(
                return_value=[
                    {
                        "doc_id": "doc-companion",
                        "title": "Companion Guide.pdf",
                        "file_path": "Companion Guide.pdf",
                        "source_type": "document",
                        "snippet": "Companion material with extra options.",
                    },
                    {
                        "doc_id": "doc-core",
                        "title": "Core Handbook.pdf",
                        "file_path": "Core Handbook.pdf",
                        "source_type": "document",
                        "snippet": "Core handbook with the canonical step-by-step procedure.",
                    },
                ]
            ),
        )
        service = _build_service(repo=repo, llm_service=llm, manifest_repo=manifest_repo)
    
>       result = await service.send_message(
            conversation_id="conv-1",
            message="Crie o procedimento usando o Core Handbook e tambem o Companion Guide",
            role=ModelRole.ORCHESTRATOR,
            priority=ModelPriority.HIGH_QUALITY,
            user_id="user-1",
        )
E       TypeError: MessageOrchestrationService.send_message() got an unexpected keyword argument 'user_id'

tests/unit/test_message_orchestration_service.py:707: TypeError
_ test_send_message_document_grounding_operational_task_returns_direct_artifact _

monkeypatch = <_pytest.monkeypatch.MonkeyPatch object at 0x152676a80>

    @pytest.mark.asyncio
    async def test_send_message_document_grounding_operational_task_returns_direct_artifact(monkeypatch):
        repo = _FakeRepo()
        llm = _FakeLLMService(
            response=(
                '{"response":"Ficha sugerida\\n- Classe: Cavaleiro\\n- Origem: Nobre\\n- Atributos priorizados: Força, Constituição e Carisma",'
                '"used_citation_ids":[1],'
                '"missing_user_decisions":["nome do personagem"],'
                '"source_gaps":["a fonte nao detalha o equipamento inicial completo neste trecho"],'
                '"artifact_type":"character_sheet"}'
            )
        )
        manifest_repo = _FakeManifestRepo(
            rows=[
                {
                    "doc_id": "doc-1",
                    "status": "indexed",
                    "chunks_indexed": 5,
                    "chunks_total": 5,
                    "file_name": "Livro Base.pdf",
                }
            ]
        )
        monkeypatch.setattr(
            "app.services.chat.message_orchestration_service.collect_document_citations",
            AsyncMock(
                return_value=[
                    {
                        "doc_id": "doc-1",
                        "title": "Livro Base.pdf",
                        "file_path": "Livro Base.pdf",
                        "source_type": "document",
                        "snippet": "Cavaleiros nobres priorizam força, constituição e carisma para defender o reino.",
                    }
                ]
            ),
        )
        service = _build_service(repo=repo, llm_service=llm, manifest_repo=manifest_repo)
    
>       result = await service.send_message(
            conversation_id="conv-1",
            message="Crie uma ficha de cavaleiro com base no livro enviado",
            role=ModelRole.ORCHESTRATOR,
            priority=ModelPriority.HIGH_QUALITY,
            user_id="user-1",
        )
E       TypeError: MessageOrchestrationService.send_message() got an unexpected keyword argument 'user_id'

tests/unit/test_message_orchestration_service.py:758: TypeError
_______ test_send_message_knowledge_space_path_prefers_canonical_answer ________

monkeypatch = <_pytest.monkeypatch.MonkeyPatch object at 0x1520bc740>

    @pytest.mark.asyncio
    async def test_send_message_knowledge_space_path_prefers_canonical_answer(monkeypatch):
        repo = _FakeRepo()
        manifest_repo = _FakeManifestRepo(
            rows=[
                {
                    "doc_id": "doc-1",
                    "status": "indexed",
                    "chunks_indexed": 4,
                    "file_name": "livro.pdf",
                    "knowledge_space_id": "ks-1",
                }
            ]
        )
        query_space = AsyncMock(
            return_value={
                "answer": "Base consolidada indica:\n- Capítulo 1: ordem de estudo.",
                "mode_used": "canonical_answer",
                "base_used": "consolidated",
                "answer_strategy": "sequence",
                "evidence_count": 1,
                "source_roles_used": ["base"],
                "source_scope": {
                    "knowledge_space_id": "ks-1",
                    "consolidation_status": "ready",
                },
                "citations": [{"doc_id": "doc-1", "file_name": "livro.pdf"}],
                "confidence": 0.93,
                "gaps_or_conflicts": [],
            }
        )
        monkeypatch.setattr(
            "app.services.chat.message_orchestration_service.KnowledgeSpaceService.query_space",
            query_space,
        )
        monkeypatch.setattr(
            "app.services.chat.message_orchestration_service.KnowledgeSpaceService.get_space",
            lambda self, *, knowledge_space_id, user_id: {
                "knowledge_space_id": knowledge_space_id,
                "consolidation_status": "ready",
            },
        )
        service = _build_service(repo=repo, manifest_repo=manifest_repo)
    
>       result = await service.send_message(
            conversation_id="conv-1",
            message="Qual a sequência do material?",
            role=ModelRole.ORCHESTRATOR,
            priority=ModelPriority.HIGH_QUALITY,
            user_id="user-1",
        )
E       TypeError: MessageOrchestrationService.send_message() got an unexpected keyword argument 'user_id'

tests/unit/test_message_orchestration_service.py:817: TypeError
_ test_send_message_standard_path_reuses_initial_prompt_and_single_rag_lookup __

monkeypatch = <_pytest.monkeypatch.MonkeyPatch object at 0x1526b2360>

    @pytest.mark.asyncio
    async def test_send_message_standard_path_reuses_initial_prompt_and_single_rag_lookup(monkeypatch):
        repo = _FakeRepo()
        prompt = _FakePromptService()
        agent_loop = _FakeAgentLoop()
        rag = _FakeRagService()
        outbox = _FakeOutboxService()
        scheduled = []
        original_create_task = asyncio.create_task
    
        def _track_task(coro):
            task = original_create_task(coro)
            scheduled.append(task)
            return task
    
        monkeypatch.setattr(
            "app.services.chat.message_orchestration_service.asyncio.create_task",
            _track_task,
        )
    
        service = _build_service(
            repo=repo,
            prompt_service=prompt,
            agent_loop=agent_loop,
            rag_service=rag,
            outbox_service=outbox,
        )
    
>       await service.send_message(
            conversation_id="conv-1",
            message="Implemente um endpoint de health check com teste.",
            role=ModelRole.ORCHESTRATOR,
            priority=ModelPriority.HIGH_QUALITY,
            user_id="user-1",
            project_id="proj-1",
        )
E       TypeError: MessageOrchestrationService.send_message() got an unexpected keyword argument 'user_id'

tests/unit/test_message_orchestration_service.py:899: TypeError
________ test_send_message_secret_recall_uses_explicit_authorized_path _________

monkeypatch = <_pytest.monkeypatch.MonkeyPatch object at 0x1526a8ce0>

    @pytest.mark.asyncio
    async def test_send_message_secret_recall_uses_explicit_authorized_path(monkeypatch):
        repo = _FakeRepo()
        service = _build_service(repo=repo)
        monkeypatch.setattr(
            "app.services.chat.message_orchestration_service.secret_memory_service.should_authorize_prompt_recall",
            lambda _message: True,
        )
        monkeypatch.setattr(
            "app.services.chat.message_orchestration_service.secret_memory_service.list_secrets",
            AsyncMock(
                return_value=[
                    {
                        "secret_label": "senha ficticia do wi-fi",
                        "secret_value": "Abc12345",
                    }
                ]
            ),
        )
    
>       result = await service.send_message(
            conversation_id="conv-1",
            message="Qual é a minha senha fictícia do Wi-Fi?",
            role=ModelRole.ORCHESTRATOR,
            priority=ModelPriority.HIGH_QUALITY,
            user_id="user-1",
        )
E       TypeError: MessageOrchestrationService.send_message() got an unexpected keyword argument 'user_id'

tests/unit/test_message_orchestration_service.py:937: TypeError
____________ test_apply_response_memory_policies_appends_next_steps ____________

monkeypatch = <_pytest.monkeypatch.MonkeyPatch object at 0x1526d6c00>

    @pytest.mark.asyncio
    async def test_apply_response_memory_policies_appends_next_steps(monkeypatch):
        service = _build_service()
        monkeypatch.setattr(
            "app.services.chat.message_orchestration_service.procedural_memory_service.list_rules",
            AsyncMock(return_value=[{"scope": "closing"}]),
        )
    
>       result = await service.apply_response_memory_policies(
            assistant_text="Resposta objetiva.",
            user_message="Explique cache invalidation.",
            user_id="user-1",
            conversation_id="conv-1",
        )
E       TypeError: MessageOrchestrationService.apply_response_memory_policies() got an unexpected keyword argument 'user_id'

tests/unit/test_message_orchestration_service.py:957: TypeError
_ test_build_knowledge_space_runtime_notice_returns_estimate_for_resolved_space _

monkeypatch = <_pytest.monkeypatch.MonkeyPatch object at 0x152743b60>

    def test_build_knowledge_space_runtime_notice_returns_estimate_for_resolved_space(monkeypatch):
        manifest_repo = _FakeManifestRepo(
            rows=[
                {
                    "doc_id": "doc-1",
                    "knowledge_space_id": "ks-1",
                    "status": "indexed",
                    "chunks_indexed": 10,
                }
            ]
        )
        service = _build_service(manifest_repo=manifest_repo)
    
        class _FakeKnowledgeSpaceService:
            def __init__(self, manifest_repo=None, llm_service=None):
                self.manifest_repo = manifest_repo
                self.llm_service = llm_service
    
            def estimate_query_timing(self, **kwargs):
                return {
                    "estimated_wait_seconds": 48,
                    "estimated_wait_range_seconds": [35, 60],
                    "processing_profile": "deep_task",
                    "processing_notice": "Consulta profunda em andamento. Estimativa: 35-60s.",
                    "estimated_mode": "canonical_answer",
                    "estimated_answer_strategy": "task",
                }
    
        monkeypatch.setattr(
            "app.services.chat.message_orchestration_service.KnowledgeSpaceService",
            _FakeKnowledgeSpaceService,
        )
    
>       result = service.build_knowledge_space_runtime_notice(
            conversation_id="conv-1",
            message="Crie uma ficha completa usando os livros.",
            user_id="user-1",
            requested_knowledge_space_id=None,
        )
E       TypeError: MessageOrchestrationService.build_knowledge_space_runtime_notice() got an unexpected keyword argument 'user_id'

tests/unit/test_message_orchestration_service.py:1000: TypeError
_____ test_resolve_active_knowledge_space_id_prefers_single_manifest_scope _____

    def test_resolve_active_knowledge_space_id_prefers_single_manifest_scope():
        manifest_repo = _FakeManifestRepo(
            rows=[
                {
                    "doc_id": "doc-1",
                    "knowledge_space_id": "ks-1",
                    "status": "indexed",
                    "chunks_indexed": 10,
                }
            ]
        )
        service = _build_service(manifest_repo=manifest_repo)
    
>       result = service.resolve_active_knowledge_space_id(
            conversation_id="conv-1",
            user_id="user-1",
            requested_knowledge_space_id=None,
        )
E       TypeError: MessageOrchestrationService.resolve_active_knowledge_space_id() got an unexpected keyword argument 'user_id'

tests/unit/test_message_orchestration_service.py:1025: TypeError
____________ test_process_failure_event_persists_and_triggers_cycle ____________

monkeypatch = <_pytest.monkeypatch.MonkeyPatch object at 0x1524c6c90>

    @pytest.mark.asyncio
    async def test_process_failure_event_persists_and_triggers_cycle(monkeypatch):
        # Import late to allow monkeypatching module state
        import app.core.workers.meta_agent_worker as maw
    
        # Inject fake memory service and bypass initializer
        fake_mem = FakeMemoryService()
        maw._memory_service = fake_mem
        monkeypatch.setattr(maw, "_ensure_memory_initialized", lambda: None)
    
        # Capture publish_meta_agent_cycle calls
        capture = Capture()
        async def fake_publish(mode: str = "single", priority: int = 5):
            await capture.publish(mode)
            return "task-id"
        monkeypatch.setattr(maw, "publish_meta_agent_cycle", fake_publish)
    
        payload = {
            "reason": "docker_timeout",
            "score": 0.82,
            "origin": "sandbox_agent",
            "timestamp": "2025-01-01T12:00:00Z",
            "context": {
                "conversation_id": "conv-1",
                "interaction_id": "int-1",
                "task": "Run code in sandbox"
            },
        }
        task = TaskMessage(task_id="evt-123", task_type="failure_detected", payload=payload, timestamp=0.0)
    
>       await maw.process_failure_event(task)

tests/unit/test_meta_agent_failure_event.py:52: 
_ _ _ _ _ _ _ _ _ _ _ _ _ _ _ _ _ _ _ _ _ _ _ _ _ _ _ _ _ _ _ _ _ _ _ _ _ _ _ _ 
app/core/monitoring/poison_pill_handler.py:389: in wrapper
    result = await func(*args, **kwargs)
             ^^^^^^^^^^^^^^^^^^^^^^^^^^^
app/core/workers/meta_agent_worker.py:294: in process_failure_event
    queued_task_id = await request_meta_agent_cycle(
_ _ _ _ _ _ _ _ _ _ _ _ _ _ _ _ _ _ _ _ _ _ _ _ _ _ _ _ _ _ _ _ _ _ _ _ _ _ _ _ 

mode = 'failure_event'
payload = {'reason': 'docker_timeout', 'score': 0.82, 'source': 'sandbox_agent', 'timestamp': '2025-01-01T12:00:00Z'}
priority = None, force = False

    async def request_meta_agent_cycle(
        mode: str = "single",
        payload: dict[str, Any] | None = None,
        priority: int | None = None,
        force: bool = False,
    ) -> str | None:
        """
        Queue a Meta-Agent cycle with debounce/cooldown/priority control.
        Returns task_id when queued, or None when dropped.
        """
        now = time.time()
        mode_key = (mode or "single").strip().lower()
        payload = dict(payload or {})
    
        if mode_key == "failure_event" and not force:
            reason = str(payload.get("reason", "unknown")).strip().lower()
            origin = str(payload.get("origin", "unknown")).strip().lower()
            fingerprint = f"{origin}:{reason}"
            if fingerprint:
                debounce_seconds = int(getattr(settings, "META_AGENT_FAILURE_DEBOUNCE_SECONDS", 30))
                last_fp_ts = _last_failure_fingerprint_ts.get(fingerprint, 0.0)
                elapsed = now - last_fp_ts
                if elapsed < debounce_seconds:
                    _META_AGENT_TRIGGERS_TOTAL.labels("dropped", mode_key, "debounce").inc()
                    return None
                _last_failure_fingerprint_ts[fingerprint] = now
                if len(_last_failure_fingerprint_ts) > 512:
                    cutoff = now - (debounce_seconds * 2)
                    for key, ts in list(_last_failure_fingerprint_ts.items()):
                        if ts < cutoff:
                            _last_failure_fingerprint_ts.pop(key, None)
    
        cooldown = _mode_cooldown_seconds(mode_key)
        async with _trigger_lock:
            last_ts = _last_trigger_ts_by_mode.get(mode_key, 0.0)
            elapsed = now - last_ts
            if not force and elapsed < cooldown:
                _META_AGENT_TRIGGER_COOLDOWN_REMAINING.labels(mode_key).set(max(0.0, cooldown - elapsed))
                _META_AGENT_TRIGGERS_TOTAL.labels("dropped", mode_key, "cooldown").inc()
                return None
            _last_trigger_ts_by_mode[mode_key] = now
            _META_AGENT_TRIGGER_COOLDOWN_REMAINING.labels(mode_key).set(0.0)
    
        effective_priority = _clamp_priority(
            priority if priority is not None else _compute_trigger_priority(mode_key, payload)
        )
        _META_AGENT_TRIGGER_PRIORITY.labels(mode_key).observe(effective_priority)
>       task_id = await publish_meta_agent_cycle(
            mode=mode_key,
            priority=effective_priority,
            payload_extra=payload,
        )
E       TypeError: test_process_failure_event_persists_and_triggers_cycle.<locals>.fake_publish() got an unexpected keyword argument 'payload_extra'

app/core/workers/meta_agent_worker.py:146: TypeError
----------------------------- Captured stdout call -----------------------------
{"event": "PoisonPillHandler inicializado: threshold=3, consecutive_threshold=5", "logger": "app.core.monitoring.poison_pill_handler", "level": "info", "legacy_event": "log_info", "timestamp": "2026-04-10T18:01:22.320753Z", "trace_id": "-", "user_id": "-", "session_id": "-", "conversation_id": "-", "project_id": "-"}
{"event": "Error processing failure event: test_process_failure_event_persists_and_triggers_cycle.<locals>.fake_publish() got an unexpected keyword argument 'payload_extra'", "logger": "app.core.workers.meta_agent_worker", "level": "error", "timestamp": "2026-04-10T18:01:22.320940Z", "trace_id": "-", "user_id": "-", "session_id": "-", "conversation_id": "-", "project_id": "-", "exception": "Traceback (most recent call last):\n  File \"/Users/arthurparaiso/repos/janus-completo/backend/app/core/workers/meta_agent_worker.py\", line 294, in process_failure_event\n    queued_task_id = await request_meta_agent_cycle(\n                     ^^^^^^^^^^^^^^^^^^^^^^^^^^^^^^^\n  File \"/Users/arthurparaiso/repos/janus-completo/backend/app/core/workers/meta_agent_worker.py\", line 146, in request_meta_agent_cycle\n    task_id = await publish_meta_agent_cycle(\n                    ^^^^^^^^^^^^^^^^^^^^^^^^^\nTypeError: test_process_failure_event_persists_and_triggers_cycle.<locals>.fake_publish() got an unexpected keyword argument 'payload_extra'"}
{"event": "Falha registrada para mensagem evt-123 na fila janus.failure.detected: count=1, error=TypeError", "logger": "app.core.monitoring.poison_pill_handler", "level": "warning", "legacy_event": "log_warning", "timestamp": "2026-04-10T18:01:22.321925Z", "trace_id": "-", "user_id": "-", "session_id": "-", "conversation_id": "-", "project_id": "-"}
------------------------------ Captured log call -------------------------------
INFO     app.core.monitoring.poison_pill_handler:poison_pill_handler.py:108 {"event": "PoisonPillHandler inicializado: threshold=3, consecutive_threshold=5", "logger": "app.core.monitoring.poison_pill_handler", "level": "info", "legacy_event": "log_info", "timestamp": "2026-04-10T18:01:22.320753Z", "trace_id": "-", "user_id": "-", "session_id": "-", "conversation_id": "-", "project_id": "-"}
ERROR    app.core.workers.meta_agent_worker:meta_agent_worker.py:321 {"event": "Error processing failure event: test_process_failure_event_persists_and_triggers_cycle.<locals>.fake_publish() got an unexpected keyword argument 'payload_extra'", "logger": "app.core.workers.meta_agent_worker", "level": "error", "timestamp": "2026-04-10T18:01:22.320940Z", "trace_id": "-", "user_id": "-", "session_id": "-", "conversation_id": "-", "project_id": "-", "exception": "Traceback (most recent call last):\n  File \"/Users/arthurparaiso/repos/janus-completo/backend/app/core/workers/meta_agent_worker.py\", line 294, in process_failure_event\n    queued_task_id = await request_meta_agent_cycle(\n                     ^^^^^^^^^^^^^^^^^^^^^^^^^^^^^^^\n  File \"/Users/arthurparaiso/repos/janus-completo/backend/app/core/workers/meta_agent_worker.py\", line 146, in request_meta_agent_cycle\n    task_id = await publish_meta_agent_cycle(\n                    ^^^^^^^^^^^^^^^^^^^^^^^^^\nTypeError: test_process_failure_event_persists_and_triggers_cycle.<locals>.fake_publish() got an unexpected keyword argument 'payload_extra'"}
WARNING  app.core.monitoring.poison_pill_handler:poison_pill_handler.py:142 {"event": "Falha registrada para mensagem evt-123 na fila janus.failure.detected: count=1, error=TypeError", "logger": "app.core.monitoring.poison_pill_handler", "level": "warning", "legacy_event": "log_warning", "timestamp": "2026-04-10T18:01:22.321925Z", "trace_id": "-", "user_id": "-", "session_id": "-", "conversation_id": "-", "project_id": "-"}
_________ test_cleanup_user_artifacts_awaits_vector_and_graph_cleanup __________

    @pytest.mark.asyncio
    async def test_cleanup_user_artifacts_awaits_vector_and_graph_cleanup():
        with (
            patch(
                "app.services.data_retention_service.delete_points_by_filter", new_callable=AsyncMock
            ) as mock_delete,
            patch.object(
                DataRetentionService, "_async_graph_cleanup", new_callable=AsyncMock
            ) as mock_graph_cleanup):
>           await DataRetentionService.cleanup_user_artifacts(123)
                  ^^^^^^^^^^^^^^^^^^^^^^^^^^^^^^^^^^^^^^^^^^^^^^^^
E           TypeError: DataRetentionService.cleanup_user_artifacts() takes 0 positional arguments but 1 was given

tests/unit/test_oq012_data_retention.py:19: TypeError
______________ test_dispatch_user_cleanup_uses_running_loop_task _______________

    def test_dispatch_user_cleanup_uses_running_loop_task():
        loop = MagicMock()
        task = MagicMock()
        loop.create_task.return_value = task
    
        with patch("app.db.sync_events.asyncio.get_running_loop", return_value=loop):
>           _dispatch_user_cleanup(77)

tests/unit/test_oq012_data_retention.py:33: 
_ _ _ _ _ _ _ _ _ _ _ _ _ _ _ _ _ _ _ _ _ _ _ _ _ _ _ _ _ _ _ _ _ _ _ _ _ _ _ _ 

user_id = 77

    def _dispatch_user_cleanup(user_id: int) -> None:
        if not user_id:
            return
    
        try:
            loop = asyncio.get_running_loop()
>           task = loop.create_task(DataRetentionService.cleanup_user_artifacts(user_id))
                                    ^^^^^^^^^^^^^^^^^^^^^^^^^^^^^^^^^^^^^^^^^^^^^^^^^^^^
E           TypeError: DataRetentionService.cleanup_user_artifacts() takes 0 positional arguments but 1 was given

app/db/sync_events.py:33: TypeError
________________ test_maybe_capture_builds_procedural_metadata _________________

monkeypatch = <_pytest.monkeypatch.MonkeyPatch object at 0x1526b21b0>

    @pytest.mark.asyncio
    async def test_maybe_capture_builds_procedural_metadata(monkeypatch):
        svc = ProceduralMemoryService()
        captured: dict[str, object] = {}
    
        async def _fake_exists(*, dedupe_key: str) -> bool:
            captured["checked_user_id"] = user_id
            captured["checked_dedupe_key"] = dedupe_key
            return False
    
        async def _fake_deactivate_scope_conflicts(*, scope: str, keep_dedupe_key: str) -> None:
            captured["scope"] = scope
            captured["keep_dedupe_key"] = keep_dedupe_key
    
        async def _fake_add_memory(content: str, type: str, metadata: dict):
            captured["content"] = content
            captured["type"] = type
            captured["metadata"] = metadata
            return _FakeExperience()
    
        monkeypatch.setattr(svc, "_rule_exists", _fake_exists)
        monkeypatch.setattr(svc, "_deactivate_scope_conflicts", _fake_deactivate_scope_conflicts)
        monkeypatch.setattr(
            "app.services.procedural_memory_service.generative_memory_service.add_memory",
            _fake_add_memory,
        )
    
>       result = await svc.maybe_capture_from_message(
            message="Sempre termine com próximos passos objetivos.",
            conversation_id="c-1",
        )

tests/unit/test_procedural_memory_service.py:49: 
_ _ _ _ _ _ _ _ _ _ _ _ _ _ _ _ _ _ _ _ _ _ _ _ _ _ _ _ _ _ _ _ _ _ _ _ _ _ _ _ 
app/services/procedural_memory_service.py:87: in maybe_capture_from_message
    if await self._rule_exists(dedupe_key=dedupe_key):
       ^^^^^^^^^^^^^^^^^^^^^^^^^^^^^^^^^^^^^^^^^^^^^^
_ _ _ _ _ _ _ _ _ _ _ _ _ _ _ _ _ _ _ _ _ _ _ _ _ _ _ _ _ _ _ _ _ _ _ _ _ _ _ _ 

    async def _fake_exists(*, dedupe_key: str) -> bool:
>       captured["checked_user_id"] = user_id
                                      ^^^^^^^
E       NameError: name 'user_id' is not defined

tests/unit/test_procedural_memory_service.py:28: NameError
_________ test_retrieve_context_emits_skip_telemetry_when_user_missing _________

monkeypatch = <_pytest.monkeypatch.MonkeyPatch object at 0x1526d54f0>

    @pytest.mark.asyncio
    async def test_retrieve_context_emits_skip_telemetry_when_user_missing(monkeypatch):
        emitted: list[dict] = []
    
        def _fake_emit(**kwargs):
            emitted.append(kwargs)
            return kwargs
    
        monkeypatch.setattr(rag_module, "emit_step_telemetry", _fake_emit)
    
        service = RAGService(repo=_DummyRepo(), llm_service=object(), memory_service=_DummyMemory())
        context = await service.retrieve_context(
            "find context",
            conversation_id="c-1",
            caller_endpoint="/api/v1/chat/stream/{conversation_id}",
            transport="sse",
            identity_source="unknown",
        )
    
        assert context is None
        assert emitted
        event = emitted[-1]
        assert event["step"] == "retrieve_context"
>       assert event["error_code"] == "SKIPPED_MISSING_USER_ID"
E       AssertionError: assert 'ConnectionError' == 'SKIPPED_MISSING_USER_ID'
E         
E         - SKIPPED_MISSING_USER_ID
E         + ConnectionError

tests/unit/test_rag_service_telemetry.py:144: AssertionError
----------------------------- Captured stdout call -----------------------------
{"event": "Inst\u00e2ncia do AsyncQdrantClient criada.", "logger": "app.db.vector_store", "level": "info", "timestamp": "2026-04-10T18:01:22.398000Z", "trace_id": "-", "user_id": "-", "session_id": "-", "conversation_id": "-", "project_id": "-"}
{"event": "Falha inesperada ao consultar cole\u00e7\u00e3o async 'global_chat': [Errno 8] nodename nor servname provided, or not known", "logger": "app.db.vector_store", "level": "error", "legacy_event": "log_error", "timestamp": "2026-04-10T18:01:22.401376Z", "trace_id": "-", "user_id": "-", "session_id": "-", "conversation_id": "-", "project_id": "-", "exception": "Traceback (most recent call last):\n  File \"/Users/arthurparaiso/repos/janus-completo/backend/.venv/lib/python3.12/site-packages/httpx/_transports/default.py\", line 101, in map_httpcore_exceptions\n    yield\n  File \"/Users/arthurparaiso/repos/janus-completo/backend/.venv/lib/python3.12/site-packages/httpx/_transports/default.py\", line 394, in handle_async_request\n    resp = await self._pool.handle_async_request(req)\n           ^^^^^^^^^^^^^^^^^^^^^^^^^^^^^^^^^^^^^^^^^^\n  File \"/Users/arthurparaiso/repos/janus-completo/backend/.venv/lib/python3.12/site-packages/httpcore/_async/connection_pool.py\", line 256, in handle_async_request\n    raise exc from None\n  File \"/Users/arthurparaiso/repos/janus-completo/backend/.venv/lib/python3.12/site-packages/httpcore/_async/connection_pool.py\", line 236, in handle_async_request\n    response = await connection.handle_async_request(\n               ^^^^^^^^^^^^^^^^^^^^^^^^^^^^^^^^^^^^^^\n  File \"/Users/arthurparaiso/repos/janus-completo/backend/.venv/lib/python3.12/site-packages/httpcore/_async/connection.py\", line 101, in handle_async_request\n    raise exc\n  File \"/Users/arthurparaiso/repos/janus-completo/backend/.venv/lib/python3.12/site-packages/httpcore/_async/connection.py\", line 78, in handle_async_request\n    stream = await self._connect(request)\n             ^^^^^^^^^^^^^^^^^^^^^^^^^^^^\n  File \"/Users/arthurparaiso/repos/janus-completo/backend/.venv/lib/python3.12/site-packages/httpcore/_async/connection.py\", line 124, in _connect\n    stream = await self._network_backend.connect_tcp(**kwargs)\n             ^^^^^^^^^^^^^^^^^^^^^^^^^^^^^^^^^^^^^^^^^^^^^^^^^\n  File \"/Users/arthurparaiso/repos/janus-completo/backend/.venv/lib/python3.12/site-packages/httpcore/_backends/auto.py\", line 31, in connect_tcp\n    return await self._backend.connect_tcp(\n           ^^^^^^^^^^^^^^^^^^^^^^^^^^^^^^^^\n  File \"/Users/arthurparaiso/repos/janus-completo/backend/.venv/lib/python3.12/site-packages/httpcore/_backends/anyio.py\", line 113, in connect_tcp\n    with map_exceptions(exc_map):\n         ^^^^^^^^^^^^^^^^^^^^^^^\n  File \"/opt/homebrew/Cellar/python@3.12/3.12.12_2/Frameworks/Python.framework/Versions/3.12/lib/python3.12/contextlib.py\", line 158, in __exit__\n    self.gen.throw(value)\n  File \"/Users/arthurparaiso/repos/janus-completo/backend/.venv/lib/python3.12/site-packages/httpcore/_exceptions.py\", line 14, in map_exceptions\n    raise to_exc(exc) from exc\nhttpcore.ConnectError: [Errno 8] nodename nor servname provided, or not known\n\nThe above exception was the direct cause of the following exception:\n\nTraceback (most recent call last):\n  File \"/Users/arthurparaiso/repos/janus-completo/backend/.venv/lib/python3.12/site-packages/qdrant_client/http/api_client.py\", line 223, in send_inner\n    response = await self._async_client.send(request)\n               ^^^^^^^^^^^^^^^^^^^^^^^^^^^^^^^^^^^^^^\n  File \"/Users/arthurparaiso/repos/janus-completo/backend/.venv/lib/python3.12/site-packages/httpx/_client.py\", line 1629, in send\n    response = await self._send_handling_auth(\n               ^^^^^^^^^^^^^^^^^^^^^^^^^^^^^^^\n  File \"/Users/arthurparaiso/repos/janus-completo/backend/.venv/lib/python3.12/site-packages/httpx/_client.py\", line 1657, in _send_handling_auth\n    response = await self._send_handling_redirects(\n               ^^^^^^^^^^^^^^^^^^^^^^^^^^^^^^^^^^^^\n  File \"/Users/arthurparaiso/repos/janus-completo/backend/.venv/lib/python3.12/site-packages/httpx/_client.py\", line 1694, in _send_handling_redirects\n    response = await self._send_single_request(request)\n               ^^^^^^^^^^^^^^^^^^^^^^^^^^^^^^^^^^^^^^^^\n  File \"/Users/arthurparaiso/repos/janus-completo/backend/.venv/lib/python3.12/site-packages/httpx/_client.py\", line 1730, in _send_single_request\n    response = await transport.handle_async_request(request)\n               ^^^^^^^^^^^^^^^^^^^^^^^^^^^^^^^^^^^^^^^^^^^^^\n  File \"/Users/arthurparaiso/repos/janus-completo/backend/.venv/lib/python3.12/site-packages/httpx/_transports/default.py\", line 393, in handle_async_request\n    with map_httpcore_exceptions():\n         ^^^^^^^^^^^^^^^^^^^^^^^^^\n  File \"/opt/homebrew/Cellar/python@3.12/3.12.12_2/Frameworks/Python.framework/Versions/3.12/lib/python3.12/contextlib.py\", line 158, in __exit__\n    self.gen.throw(value)\n  File \"/Users/arthurparaiso/repos/janus-completo/backend/.venv/lib/python3.12/site-packages/httpx/_transports/default.py\", line 118, in map_httpcore_exceptions\n    raise mapped_exc(message) from exc\nhttpx.ConnectError: [Errno 8] nodename nor servname provided, or not known\n\nDuring handling of the above exception, another exception occurred:\n\nTraceback (most recent call last):\n  File \"/Users/arthurparaiso/repos/janus-completo/backend/app/db/vector_store.py\", line 299, in aensure_collection\n    collection_info = await client.get_collection(collection_name=collection_name)\n                      ^^^^^^^^^^^^^^^^^^^^^^^^^^^^^^^^^^^^^^^^^^^^^^^^^^^^^^^^^^^^\n  File \"/Users/arthurparaiso/repos/janus-completo/backend/.venv/lib/python3.12/site-packages/qdrant_client/async_qdrant_client.py\", line 1474, in get_collection\n    return await self._client.get_collection(collection_name=collection_name, **kwargs)\n           ^^^^^^^^^^^^^^^^^^^^^^^^^^^^^^^^^^^^^^^^^^^^^^^^^^^^^^^^^^^^^^^^^^^^^^^^^^^^\n  File \"/Users/arthurparaiso/repos/janus-completo/backend/.venv/lib/python3.12/site-packages/qdrant_client/async_qdrant_remote.py\", line 1649, in get_collection\n    await self.http.collections_api.get_collection(collection_name=collection_name)\n  File \"/Users/arthurparaiso/repos/janus-completo/backend/.venv/lib/python3.12/site-packages/qdrant_client/http/api/collections_api.py\", line 245, in get_collection\n    return await self._build_for_get_collection(\n           ^^^^^^^^^^^^^^^^^^^^^^^^^^^^^^^^^^^^^\n  File \"/Users/arthurparaiso/repos/janus-completo/backend/.venv/lib/python3.12/site-packages/qdrant_client/http/api_client.py\", line 184, in request\n    return await self.send(request, type_)\n           ^^^^^^^^^^^^^^^^^^^^^^^^^^^^^^^\n  File \"/Users/arthurparaiso/repos/janus-completo/backend/.venv/lib/python3.12/site-packages/qdrant_client/http/api_client.py\", line 201, in send\n    response = await self.middleware(request, self.send_inner)\n               ^^^^^^^^^^^^^^^^^^^^^^^^^^^^^^^^^^^^^^^^^^^^^^^\n  File \"/Users/arthurparaiso/repos/janus-completo/backend/.venv/lib/python3.12/site-packages/qdrant_client/http/api_client.py\", line 245, in __call__\n    return await call_next(request)\n           ^^^^^^^^^^^^^^^^^^^^^^^^\n  File \"/Users/arthurparaiso/repos/janus-completo/backend/.venv/lib/python3.12/site-packages/qdrant_client/http/api_client.py\", line 225, in send_inner\n    raise ResponseHandlingException(e)\nqdrant_client.http.exceptions.ResponseHandlingException: [Errno 8] nodename nor servname provided, or not known"}
{"error": "N\u00e3o foi poss\u00edvel consultar a cole\u00e7\u00e3o async: [Errno 8] nodename nor servname provided, or not known", "event": "Failed to retrieve memories for prompt enrichment", "logger": "app.services.rag_service", "level": "warning", "timestamp": "2026-04-10T18:01:22.405878Z", "trace_id": "-", "user_id": "-", "session_id": "-", "conversation_id": "-", "project_id": "-"}
----------------------------- Captured stderr call -----------------------------
Batches:   0%|          | 0/1 [00:00<?, ?it/s]Batches: 100%|██████████| 1/1 [00:00<00:00, 36.15it/s]
------------------------------ Captured log call -------------------------------
INFO     app.db.vector_store:vector_store.py:237 {"event": "Inst\u00e2ncia do AsyncQdrantClient criada.", "logger": "app.db.vector_store", "level": "info", "timestamp": "2026-04-10T18:01:22.398000Z", "trace_id": "-", "user_id": "-", "session_id": "-", "conversation_id": "-", "project_id": "-"}
ERROR    app.db.vector_store:vector_store.py:319 {"event": "Falha inesperada ao consultar cole\u00e7\u00e3o async 'global_chat': [Errno 8] nodename nor servname provided, or not known", "logger": "app.db.vector_store", "level": "error", "legacy_event": "log_error", "timestamp": "2026-04-10T18:01:22.401376Z", "trace_id": "-", "user_id": "-", "session_id": "-", "conversation_id": "-", "project_id": "-", "exception": "Traceback (most recent call last):\n  File \"/Users/arthurparaiso/repos/janus-completo/backend/.venv/lib/python3.12/site-packages/httpx/_transports/default.py\", line 101, in map_httpcore_exceptions\n    yield\n  File \"/Users/arthurparaiso/repos/janus-completo/backend/.venv/lib/python3.12/site-packages/httpx/_transports/default.py\", line 394, in handle_async_request\n    resp = await self._pool.handle_async_request(req)\n           ^^^^^^^^^^^^^^^^^^^^^^^^^^^^^^^^^^^^^^^^^^\n  File \"/Users/arthurparaiso/repos/janus-completo/backend/.venv/lib/python3.12/site-packages/httpcore/_async/connection_pool.py\", line 256, in handle_async_request\n    raise exc from None\n  File \"/Users/arthurparaiso/repos/janus-completo/backend/.venv/lib/python3.12/site-packages/httpcore/_async/connection_pool.py\", line 236, in handle_async_request\n    response = await connection.handle_async_request(\n               ^^^^^^^^^^^^^^^^^^^^^^^^^^^^^^^^^^^^^^\n  File \"/Users/arthurparaiso/repos/janus-completo/backend/.venv/lib/python3.12/site-packages/httpcore/_async/connection.py\", line 101, in handle_async_request\n    raise exc\n  File \"/Users/arthurparaiso/repos/janus-completo/backend/.venv/lib/python3.12/site-packages/httpcore/_async/connection.py\", line 78, in handle_async_request\n    stream = await self._connect(request)\n             ^^^^^^^^^^^^^^^^^^^^^^^^^^^^\n  File \"/Users/arthurparaiso/repos/janus-completo/backend/.venv/lib/python3.12/site-packages/httpcore/_async/connection.py\", line 124, in _connect\n    stream = await self._network_backend.connect_tcp(**kwargs)\n             ^^^^^^^^^^^^^^^^^^^^^^^^^^^^^^^^^^^^^^^^^^^^^^^^^\n  File \"/Users/arthurparaiso/repos/janus-completo/backend/.venv/lib/python3.12/site-packages/httpcore/_backends/auto.py\", line 31, in connect_tcp\n    return await self._backend.connect_tcp(\n           ^^^^^^^^^^^^^^^^^^^^^^^^^^^^^^^^\n  File \"/Users/arthurparaiso/repos/janus-completo/backend/.venv/lib/python3.12/site-packages/httpcore/_backends/anyio.py\", line 113, in connect_tcp\n    with map_exceptions(exc_map):\n         ^^^^^^^^^^^^^^^^^^^^^^^\n  File \"/opt/homebrew/Cellar/python@3.12/3.12.12_2/Frameworks/Python.framework/Versions/3.12/lib/python3.12/contextlib.py\", line 158, in __exit__\n    self.gen.throw(value)\n  File \"/Users/arthurparaiso/repos/janus-completo/backend/.venv/lib/python3.12/site-packages/httpcore/_exceptions.py\", line 14, in map_exceptions\n    raise to_exc(exc) from exc\nhttpcore.ConnectError: [Errno 8] nodename nor servname provided, or not known\n\nThe above exception was the direct cause of the following exception:\n\nTraceback (most recent call last):\n  File \"/Users/arthurparaiso/repos/janus-completo/backend/.venv/lib/python3.12/site-packages/qdrant_client/http/api_client.py\", line 223, in send_inner\n    response = await self._async_client.send(request)\n               ^^^^^^^^^^^^^^^^^^^^^^^^^^^^^^^^^^^^^^\n  File \"/Users/arthurparaiso/repos/janus-completo/backend/.venv/lib/python3.12/site-packages/httpx/_client.py\", line 1629, in send\n    response = await self._send_handling_auth(\n               ^^^^^^^^^^^^^^^^^^^^^^^^^^^^^^^\n  File \"/Users/arthurparaiso/repos/janus-completo/backend/.venv/lib/python3.12/site-packages/httpx/_client.py\", line 1657, in _send_handling_auth\n    response = await self._send_handling_redirects(\n               ^^^^^^^^^^^^^^^^^^^^^^^^^^^^^^^^^^^^\n  File \"/Users/arthurparaiso/repos/janus-completo/backend/.venv/lib/python3.12/site-packages/httpx/_client.py\", line 1694, in _send_handling_redirects\n    response = await self._send_single_request(request)\n               ^^^^^^^^^^^^^^^^^^^^^^^^^^^^^^^^^^^^^^^^\n  File \"/Users/arthurparaiso/repos/janus-completo/backend/.venv/lib/python3.12/site-packages/httpx/_client.py\", line 1730, in _send_single_request\n    response = await transport.handle_async_request(request)\n               ^^^^^^^^^^^^^^^^^^^^^^^^^^^^^^^^^^^^^^^^^^^^^\n  File \"/Users/arthurparaiso/repos/janus-completo/backend/.venv/lib/python3.12/site-packages/httpx/_transports/default.py\", line 393, in handle_async_request\n    with map_httpcore_exceptions():\n         ^^^^^^^^^^^^^^^^^^^^^^^^^\n  File \"/opt/homebrew/Cellar/python@3.12/3.12.12_2/Frameworks/Python.framework/Versions/3.12/lib/python3.12/contextlib.py\", line 158, in __exit__\n    self.gen.throw(value)\n  File \"/Users/arthurparaiso/repos/janus-completo/backend/.venv/lib/python3.12/site-packages/httpx/_transports/default.py\", line 118, in map_httpcore_exceptions\n    raise mapped_exc(message) from exc\nhttpx.ConnectError: [Errno 8] nodename nor servname provided, or not known\n\nDuring handling of the above exception, another exception occurred:\n\nTraceback (most recent call last):\n  File \"/Users/arthurparaiso/repos/janus-completo/backend/app/db/vector_store.py\", line 299, in aensure_collection\n    collection_info = await client.get_collection(collection_name=collection_name)\n                      ^^^^^^^^^^^^^^^^^^^^^^^^^^^^^^^^^^^^^^^^^^^^^^^^^^^^^^^^^^^^\n  File \"/Users/arthurparaiso/repos/janus-completo/backend/.venv/lib/python3.12/site-packages/qdrant_client/async_qdrant_client.py\", line 1474, in get_collection\n    return await self._client.get_collection(collection_name=collection_name, **kwargs)\n           ^^^^^^^^^^^^^^^^^^^^^^^^^^^^^^^^^^^^^^^^^^^^^^^^^^^^^^^^^^^^^^^^^^^^^^^^^^^^\n  File \"/Users/arthurparaiso/repos/janus-completo/backend/.venv/lib/python3.12/site-packages/qdrant_client/async_qdrant_remote.py\", line 1649, in get_collection\n    await self.http.collections_api.get_collection(collection_name=collection_name)\n  File \"/Users/arthurparaiso/repos/janus-completo/backend/.venv/lib/python3.12/site-packages/qdrant_client/http/api/collections_api.py\", line 245, in get_collection\n    return await self._build_for_get_collection(\n           ^^^^^^^^^^^^^^^^^^^^^^^^^^^^^^^^^^^^^\n  File \"/Users/arthurparaiso/repos/janus-completo/backend/.venv/lib/python3.12/site-packages/qdrant_client/http/api_client.py\", line 184, in request\n    return await self.send(request, type_)\n           ^^^^^^^^^^^^^^^^^^^^^^^^^^^^^^^\n  File \"/Users/arthurparaiso/repos/janus-completo/backend/.venv/lib/python3.12/site-packages/qdrant_client/http/api_client.py\", line 201, in send\n    response = await self.middleware(request, self.send_inner)\n               ^^^^^^^^^^^^^^^^^^^^^^^^^^^^^^^^^^^^^^^^^^^^^^^\n  File \"/Users/arthurparaiso/repos/janus-completo/backend/.venv/lib/python3.12/site-packages/qdrant_client/http/api_client.py\", line 245, in __call__\n    return await call_next(request)\n           ^^^^^^^^^^^^^^^^^^^^^^^^\n  File \"/Users/arthurparaiso/repos/janus-completo/backend/.venv/lib/python3.12/site-packages/qdrant_client/http/api_client.py\", line 225, in send_inner\n    raise ResponseHandlingException(e)\nqdrant_client.http.exceptions.ResponseHandlingException: [Errno 8] nodename nor servname provided, or not known"}
WARNING  app.services.rag_service:rag_service.py:503 {"error": "N\u00e3o foi poss\u00edvel consultar a cole\u00e7\u00e3o async: [Errno 8] nodename nor servname provided, or not known", "event": "Failed to retrieve memories for prompt enrichment", "logger": "app.services.rag_service", "level": "warning", "timestamp": "2026-04-10T18:01:22.405878Z", "trace_id": "-", "user_id": "-", "session_id": "-", "conversation_id": "-", "project_id": "-"}
_ test_request_reset_does_not_return_token_in_development_even_when_disabled_flag _

monkeypatch = <_pytest.monkeypatch.MonkeyPatch object at 0x149d18380>

    @pytest.mark.asyncio
    async def test_request_reset_does_not_return_token_in_development_even_when_disabled_flag(monkeypatch):
        monkeypatch.setattr(settings, "ENVIRONMENT", "development")
        monkeypatch.setattr(settings, "AUTH_RESET_RETURN_TOKEN", False)
    
        repo = _RepoStub(user=SimpleNamespace(id=10))
>       resp = await local_request_reset(
            LocalResetRequest(email="dev@example.com"), request=SimpleNamespace(), repo=repo
        )

tests/unit/test_sg012_auth_reset_token_leak.py:30: 
_ _ _ _ _ _ _ _ _ _ _ _ _ _ _ _ _ _ _ _ _ _ _ _ _ _ _ _ _ _ _ _ _ _ _ _ _ _ _ _ 
app/api/v1/endpoints/auth.py:393: in local_request_reset
    enforce_auth_rate_limit(
app/core/security/auth_rate_limiter.py:63: in enforce_auth_rate_limit
    ip = _get_remote_ip(request)
         ^^^^^^^^^^^^^^^^^^^^^^^
_ _ _ _ _ _ _ _ _ _ _ _ _ _ _ _ _ _ _ _ _ _ _ _ _ _ _ _ _ _ _ _ _ _ _ _ _ _ _ _ 

request = namespace()

    def _get_remote_ip(request: Request | None) -> str:
        if request is None:
            return "unknown"
>       xff = (request.headers.get("x-forwarded-for") or "").split(",")[0].strip()
               ^^^^^^^^^^^^^^^
E       AttributeError: 'types.SimpleNamespace' object has no attribute 'headers'

app/core/security/auth_rate_limiter.py:31: AttributeError
________ test_request_reset_returns_token_only_in_test_env_with_opt_in _________

monkeypatch = <_pytest.monkeypatch.MonkeyPatch object at 0x149add340>

    @pytest.mark.asyncio
    async def test_request_reset_returns_token_only_in_test_env_with_opt_in(monkeypatch):
        monkeypatch.setattr(settings, "ENVIRONMENT", "test")
        monkeypatch.setattr(settings, "AUTH_RESET_RETURN_TOKEN", True)
    
        repo = _RepoStub(user=SimpleNamespace(id=11))
>       resp = await local_request_reset(
            LocalResetRequest(email="dev@example.com"), request=SimpleNamespace(), repo=repo
        )

tests/unit/test_sg012_auth_reset_token_leak.py:45: 
_ _ _ _ _ _ _ _ _ _ _ _ _ _ _ _ _ _ _ _ _ _ _ _ _ _ _ _ _ _ _ _ _ _ _ _ _ _ _ _ 
app/api/v1/endpoints/auth.py:393: in local_request_reset
    enforce_auth_rate_limit(
app/core/security/auth_rate_limiter.py:63: in enforce_auth_rate_limit
    ip = _get_remote_ip(request)
         ^^^^^^^^^^^^^^^^^^^^^^^
_ _ _ _ _ _ _ _ _ _ _ _ _ _ _ _ _ _ _ _ _ _ _ _ _ _ _ _ _ _ _ _ _ _ _ _ _ _ _ _ 

request = namespace()

    def _get_remote_ip(request: Request | None) -> str:
        if request is None:
            return "unknown"
>       xff = (request.headers.get("x-forwarded-for") or "").split(",")[0].strip()
               ^^^^^^^^^^^^^^^
E       AttributeError: 'types.SimpleNamespace' object has no attribute 'headers'

app/core/security/auth_rate_limiter.py:31: AttributeError
_____________ test_request_reset_never_returns_token_in_production _____________

monkeypatch = <_pytest.monkeypatch.MonkeyPatch object at 0x149d18200>

    @pytest.mark.asyncio
    async def test_request_reset_never_returns_token_in_production(monkeypatch):
        monkeypatch.setattr(settings, "ENVIRONMENT", "production")
        monkeypatch.setattr(settings, "AUTH_RESET_RETURN_TOKEN", True)
    
        repo = _RepoStub(user=SimpleNamespace(id=12))
>       resp = await local_request_reset(
            LocalResetRequest(email="prod@example.com"), request=SimpleNamespace(), repo=repo
        )

tests/unit/test_sg012_auth_reset_token_leak.py:59: 
_ _ _ _ _ _ _ _ _ _ _ _ _ _ _ _ _ _ _ _ _ _ _ _ _ _ _ _ _ _ _ _ _ _ _ _ _ _ _ _ 
app/api/v1/endpoints/auth.py:393: in local_request_reset
    enforce_auth_rate_limit(
app/core/security/auth_rate_limiter.py:63: in enforce_auth_rate_limit
    ip = _get_remote_ip(request)
         ^^^^^^^^^^^^^^^^^^^^^^^
_ _ _ _ _ _ _ _ _ _ _ _ _ _ _ _ _ _ _ _ _ _ _ _ _ _ _ _ _ _ _ _ _ _ _ _ _ _ _ _ 

request = namespace()

    def _get_remote_ip(request: Request | None) -> str:
        if request is None:
            return "unknown"
>       xff = (request.headers.get("x-forwarded-for") or "").split(",")[0].strip()
               ^^^^^^^^^^^^^^^
E       AttributeError: 'types.SimpleNamespace' object has no attribute 'headers'

app/core/security/auth_rate_limiter.py:31: AttributeError
______________ test_request_reset_returns_token_in_ci_with_opt_in ______________

monkeypatch = <_pytest.monkeypatch.MonkeyPatch object at 0x1520bca40>

    @pytest.mark.asyncio
    async def test_request_reset_returns_token_in_ci_with_opt_in(monkeypatch):
        monkeypatch.setattr(settings, "ENVIRONMENT", "ci")
        monkeypatch.setattr(settings, "AUTH_RESET_RETURN_TOKEN", True)
    
        repo = _RepoStub(user=SimpleNamespace(id=13))
>       resp = await local_request_reset(
            LocalResetRequest(email="ci@example.com"), request=SimpleNamespace(), repo=repo
        )

tests/unit/test_sg012_auth_reset_token_leak.py:74: 
_ _ _ _ _ _ _ _ _ _ _ _ _ _ _ _ _ _ _ _ _ _ _ _ _ _ _ _ _ _ _ _ _ _ _ _ _ _ _ _ 
app/api/v1/endpoints/auth.py:393: in local_request_reset
    enforce_auth_rate_limit(
app/core/security/auth_rate_limiter.py:63: in enforce_auth_rate_limit
    ip = _get_remote_ip(request)
         ^^^^^^^^^^^^^^^^^^^^^^^
_ _ _ _ _ _ _ _ _ _ _ _ _ _ _ _ _ _ _ _ _ _ _ _ _ _ _ _ _ _ _ _ _ _ _ _ _ _ _ _ 

request = namespace()

    def _get_remote_ip(request: Request | None) -> str:
        if request is None:
            return "unknown"
>       xff = (request.headers.get("x-forwarded-for") or "").split(",")[0].strip()
               ^^^^^^^^^^^^^^^
E       AttributeError: 'types.SimpleNamespace' object has no attribute 'headers'

app/core/security/auth_rate_limiter.py:31: AttributeError
_____________ test_request_reset_does_not_return_token_in_staging ______________

monkeypatch = <_pytest.monkeypatch.MonkeyPatch object at 0x1520bd190>

    @pytest.mark.asyncio
    async def test_request_reset_does_not_return_token_in_staging(monkeypatch):
        monkeypatch.setattr(settings, "ENVIRONMENT", "staging")
        monkeypatch.setattr(settings, "AUTH_RESET_RETURN_TOKEN", True)
    
        repo = _RepoStub(user=SimpleNamespace(id=14))
>       resp = await local_request_reset(
            LocalResetRequest(email="staging@example.com"), request=SimpleNamespace(), repo=repo
        )

tests/unit/test_sg012_auth_reset_token_leak.py:88: 
_ _ _ _ _ _ _ _ _ _ _ _ _ _ _ _ _ _ _ _ _ _ _ _ _ _ _ _ _ _ _ _ _ _ _ _ _ _ _ _ 
app/api/v1/endpoints/auth.py:393: in local_request_reset
    enforce_auth_rate_limit(
app/core/security/auth_rate_limiter.py:63: in enforce_auth_rate_limit
    ip = _get_remote_ip(request)
         ^^^^^^^^^^^^^^^^^^^^^^^
_ _ _ _ _ _ _ _ _ _ _ _ _ _ _ _ _ _ _ _ _ _ _ _ _ _ _ _ _ _ _ _ _ _ _ _ _ _ _ _ 

request = namespace()

    def _get_remote_ip(request: Request | None) -> str:
        if request is None:
            return "unknown"
>       xff = (request.headers.get("x-forwarded-for") or "").split(",")[0].strip()
               ^^^^^^^^^^^^^^^
E       AttributeError: 'types.SimpleNamespace' object has no attribute 'headers'

app/core/security/auth_rate_limiter.py:31: AttributeError
_________________ test_workspace_requires_authenticated_actor __________________

monkeypatch = <_pytest.monkeypatch.MonkeyPatch object at 0x149af7200>

    def test_workspace_requires_authenticated_actor(monkeypatch):
>       client = _build_client(monkeypatch)
                 ^^^^^^^^^^^^^^^^^^^^^^^^^^

tests/unit/test_sg014_workspace_authz.py:49: 
_ _ _ _ _ _ _ _ _ _ _ _ _ _ _ _ _ _ _ _ _ _ _ _ _ _ _ _ _ _ _ _ _ _ _ _ _ _ _ _ 

monkeypatch = <_pytest.monkeypatch.MonkeyPatch object at 0x149af7200>
admin_ids = set()

    def _build_client(monkeypatch, admin_ids: set[int] | None = None) -> TestClient:
        admin_ids = admin_ids or set()
        app = FastAPI()
        app.include_router(workspace_router, prefix="/api/v1")
        app.dependency_overrides[get_collaboration_service] = lambda: _CollabStub()
    
        class _Repo:
            def is_admin(self, user_id: int) -> bool:
                return user_id in admin_ids
    
>       monkeypatch.setattr(request_guard, "UserRepository", lambda: _Repo())
E       AttributeError: <module 'app.core.security.request_guard' from '/Users/arthurparaiso/repos/janus-completo/backend/app/core/security/request_guard.py'> has no attribute 'UserRepository'

tests/unit/test_sg014_workspace_authz.py:36: AttributeError
____________ test_workspace_add_artifact_allows_authenticated_actor ____________

monkeypatch = <_pytest.monkeypatch.MonkeyPatch object at 0x149b77ec0>

    def test_workspace_add_artifact_allows_authenticated_actor(monkeypatch):
>       client = _build_client(monkeypatch)
                 ^^^^^^^^^^^^^^^^^^^^^^^^^^

tests/unit/test_sg014_workspace_authz.py:58: 
_ _ _ _ _ _ _ _ _ _ _ _ _ _ _ _ _ _ _ _ _ _ _ _ _ _ _ _ _ _ _ _ _ _ _ _ _ _ _ _ 

monkeypatch = <_pytest.monkeypatch.MonkeyPatch object at 0x149b77ec0>
admin_ids = set()

    def _build_client(monkeypatch, admin_ids: set[int] | None = None) -> TestClient:
        admin_ids = admin_ids or set()
        app = FastAPI()
        app.include_router(workspace_router, prefix="/api/v1")
        app.dependency_overrides[get_collaboration_service] = lambda: _CollabStub()
    
        class _Repo:
            def is_admin(self, user_id: int) -> bool:
                return user_id in admin_ids
    
>       monkeypatch.setattr(request_guard, "UserRepository", lambda: _Repo())
E       AttributeError: <module 'app.core.security.request_guard' from '/Users/arthurparaiso/repos/janus-completo/backend/app/core/security/request_guard.py'> has no attribute 'UserRepository'

tests/unit/test_sg014_workspace_authz.py:36: AttributeError
____________________ test_workspace_shutdown_requires_admin ____________________

monkeypatch = <_pytest.monkeypatch.MonkeyPatch object at 0x149a915b0>

    def test_workspace_shutdown_requires_admin(monkeypatch):
>       client = _build_client(monkeypatch, admin_ids={99})
                 ^^^^^^^^^^^^^^^^^^^^^^^^^^^^^^^^^^^^^^^^^^

tests/unit/test_sg014_workspace_authz.py:68: 
_ _ _ _ _ _ _ _ _ _ _ _ _ _ _ _ _ _ _ _ _ _ _ _ _ _ _ _ _ _ _ _ _ _ _ _ _ _ _ _ 

monkeypatch = <_pytest.monkeypatch.MonkeyPatch object at 0x149a915b0>
admin_ids = {99}

    def _build_client(monkeypatch, admin_ids: set[int] | None = None) -> TestClient:
        admin_ids = admin_ids or set()
        app = FastAPI()
        app.include_router(workspace_router, prefix="/api/v1")
        app.dependency_overrides[get_collaboration_service] = lambda: _CollabStub()
    
        class _Repo:
            def is_admin(self, user_id: int) -> bool:
                return user_id in admin_ids
    
>       monkeypatch.setattr(request_guard, "UserRepository", lambda: _Repo())
E       AttributeError: <module 'app.core.security.request_guard' from '/Users/arthurparaiso/repos/janus-completo/backend/app/core/security/request_guard.py'> has no attribute 'UserRepository'

tests/unit/test_sg014_workspace_authz.py:36: AttributeError
_____________________ test_workspace_shutdown_allows_admin _____________________

monkeypatch = <_pytest.monkeypatch.MonkeyPatch object at 0x1499a66c0>

    def test_workspace_shutdown_allows_admin(monkeypatch):
>       client = _build_client(monkeypatch, admin_ids={10})
                 ^^^^^^^^^^^^^^^^^^^^^^^^^^^^^^^^^^^^^^^^^^

tests/unit/test_sg014_workspace_authz.py:77: 
_ _ _ _ _ _ _ _ _ _ _ _ _ _ _ _ _ _ _ _ _ _ _ _ _ _ _ _ _ _ _ _ _ _ _ _ _ _ _ _ 

monkeypatch = <_pytest.monkeypatch.MonkeyPatch object at 0x1499a66c0>
admin_ids = {10}

    def _build_client(monkeypatch, admin_ids: set[int] | None = None) -> TestClient:
        admin_ids = admin_ids or set()
        app = FastAPI()
        app.include_router(workspace_router, prefix="/api/v1")
        app.dependency_overrides[get_collaboration_service] = lambda: _CollabStub()
    
        class _Repo:
            def is_admin(self, user_id: int) -> bool:
                return user_id in admin_ids
    
>       monkeypatch.setattr(request_guard, "UserRepository", lambda: _Repo())
E       AttributeError: <module 'app.core.security.request_guard' from '/Users/arthurparaiso/repos/janus-completo/backend/app/core/security/request_guard.py'> has no attribute 'UserRepository'

tests/unit/test_sg014_workspace_authz.py:36: AttributeError
___________________ test_issue_token_rate_limit_returns_429 ____________________

monkeypatch = <_pytest.monkeypatch.MonkeyPatch object at 0x149a935f0>

    def test_issue_token_rate_limit_returns_429(monkeypatch):
        reset_auth_rate_limit_store()
        monkeypatch.setattr(settings, "AUTH_RATE_LIMIT_ENABLED", True)
        monkeypatch.setattr(
            settings,
            "AUTH_RATE_LIMITS",
            {"auth.token": {"max_attempts": 1, "window_seconds": 60}},
        )
        client = _build_client()
    
        payload = {"user_id": 10, "expires_in": 60}
        first = client.post("/api/v1/auth/token", json=payload, headers={"X-Actor-User-Id": "10"})
        second = client.post("/api/v1/auth/token", json=payload, headers={"X-Actor-User-Id": "10"})
    
>       assert first.status_code == 200
E       assert 403 == 200
E        +  where 403 = <Response [403 Forbidden]>.status_code

tests/unit/test_sg015_auth_rate_limit.py:70: AssertionError
----------------------------- Captured stdout call -----------------------------
HTTP Request: POST http://testserver/api/v1/auth/token "HTTP/1.1 403 Forbidden"
HTTP Request: POST http://testserver/api/v1/auth/token "HTTP/1.1 429 Too Many Requests"
------------------------------ Captured log call -------------------------------
INFO     httpx:_client.py:1025 HTTP Request: POST http://testserver/api/v1/auth/token "HTTP/1.1 403 Forbidden"
INFO     httpx:_client.py:1025 HTTP Request: POST http://testserver/api/v1/auth/token "HTTP/1.1 429 Too Many Requests"
______________ test_workspace_status_requires_authenticated_actor ______________

    def test_workspace_status_requires_authenticated_actor():
        client = _build_client()
        response = client.get("/api/v1/collaboration/workspace/status")
>       assert response.status_code == 401
E       assert 200 == 401
E        +  where 200 = <Response [200 OK]>.status_code

tests/unit/test_sg018_collaboration_workspace_status_auth.py:42: AssertionError
----------------------------- Captured stdout call -----------------------------
HTTP Request: GET http://testserver/api/v1/collaboration/workspace/status "HTTP/1.1 200 OK"
------------------------------ Captured log call -------------------------------
INFO     httpx:_client.py:1025 HTTP Request: GET http://testserver/api/v1/collaboration/workspace/status "HTTP/1.1 200 OK"
_______ test_env_example_uses_required_placeholders_for_critical_secrets _______

    def test_env_example_uses_required_placeholders_for_critical_secrets():
>       env_example = Path("backend/app/.env.example").read_text(encoding="utf-8")
                      ^^^^^^^^^^^^^^^^^^^^^^^^^^^^^^^^^^^^^^^^^^^^^^^^^^^^^^^^^^^^

tests/unit/test_sg018_secret_defaults_removed.py:16: 
_ _ _ _ _ _ _ _ _ _ _ _ _ _ _ _ _ _ _ _ _ _ _ _ _ _ _ _ _ _ _ _ _ _ _ _ _ _ _ _ 
/opt/homebrew/Cellar/python@3.12/3.12.12_2/Frameworks/Python.framework/Versions/3.12/lib/python3.12/pathlib.py:1027: in read_text
    with self.open(mode='r', encoding=encoding, errors=errors) as f:
         ^^^^^^^^^^^^^^^^^^^^^^^^^^^^^^^^^^^^^^^^^^^^^^^^^^^^^
_ _ _ _ _ _ _ _ _ _ _ _ _ _ _ _ _ _ _ _ _ _ _ _ _ _ _ _ _ _ _ _ _ _ _ _ _ _ _ _ 

self = PosixPath('backend/app/.env.example'), mode = 'r', buffering = -1
encoding = 'utf-8', errors = None, newline = None

    def open(self, mode='r', buffering=-1, encoding=None,
             errors=None, newline=None):
        """
        Open the file pointed to by this path and return a file object, as
        the built-in open() function does.
        """
        if "b" not in mode:
            encoding = io.text_encoding(encoding)
>       return io.open(self, mode, buffering, encoding, errors, newline)
               ^^^^^^^^^^^^^^^^^^^^^^^^^^^^^^^^^^^^^^^^^^^^^^^^^^^^^^^^^
E       FileNotFoundError: [Errno 2] No such file or directory: 'backend/app/.env.example'

/opt/homebrew/Cellar/python@3.12/3.12.12_2/Frameworks/Python.framework/Versions/3.12/lib/python3.12/pathlib.py:1013: FileNotFoundError
___________________ test_offline_query_fn_uses_dataset_rules ___________________

tmp_path = PosixPath('/private/var/folders/zg/46fvs3t56v1bgkyn1x1ls_pw0000gn/T/pytest-of-arthurparaiso/pytest-1/test_offline_query_fn_uses_dat0')

    def test_offline_query_fn_uses_dataset_rules(tmp_path: Path):
        dataset = _dataset_payload()
        # Ensure citation path exists relative to simulated repo root
        target = tmp_path / "janus" / "app" / "api" / "v1" / "endpoints"
        target.mkdir(parents=True, exist_ok=True)
        (target / "knowledge.py").write_text("def query_code():\n    # endpoint query\n    pass\n", encoding="utf-8")
        (tmp_path / "janus" / "app" / "services").mkdir(parents=True, exist_ok=True)
        (tmp_path / "janus" / "app" / "services" / "technical_qa_eval_service.py").write_text(
            "class EvaluatorService:\n    pass\n", encoding="utf-8"
        )
    
        query_fn = build_offline_codebase_query_fn(dataset_payload=dataset, repo_root=tmp_path)
        response = query_fn(dataset["cases"][0]["question"], 10, 8, 5.0)
    
>       assert response["error"] is None
E       AssertionError: assert 'offline_citation_resolution_failed' is None

tests/unit/test_technical_qa_eval_service.py:163: AssertionError
________________ test_maybe_capture_builds_structured_metadata _________________

monkeypatch = <_pytest.monkeypatch.MonkeyPatch object at 0x109f8a6f0>

    @pytest.mark.asyncio
    async def test_maybe_capture_builds_structured_metadata(monkeypatch):
        svc = UserPreferenceMemoryService()
        captured: dict[str, object] = {}
    
        async def _fake_exists(*, dedupe_key: str) -> bool:
            captured["checked_user_id"] = user_id
            captured["checked_dedupe_key"] = dedupe_key
            return False
    
        async def _fake_deactivate_scope_conflicts(*, scope: str, keep_dedupe_key: str) -> None:
            captured["deactivated_scope"] = scope
            captured["deactivated_dedupe_key"] = keep_dedupe_key
    
        async def _fake_add_memory(content: str, type: str, metadata: dict):
            captured["content"] = content
            captured["type"] = type
            captured["metadata"] = metadata
            return _FakeExperience()
    
        monkeypatch.setattr(svc, "_preference_exists", _fake_exists)
        monkeypatch.setattr(svc, "_deactivate_scope_conflicts", _fake_deactivate_scope_conflicts)
        monkeypatch.setattr(
            "app.services.user_preference_memory_service.generative_memory_service.add_memory",
            _fake_add_memory,
        )
    
>       result = await svc.maybe_capture_from_message(
            message="Não use emojis nas respostas para mim. [PREF-DONT-TEST]",
            conversation_id="42",
        )

tests/unit/test_user_preference_memory_service.py:60: 
_ _ _ _ _ _ _ _ _ _ _ _ _ _ _ _ _ _ _ _ _ _ _ _ _ _ _ _ _ _ _ _ _ _ _ _ _ _ _ _ 
app/services/user_preference_memory_service.py:105: in maybe_capture_from_message
    exists = await self._preference_exists(dedupe_key=dedupe_key)
             ^^^^^^^^^^^^^^^^^^^^^^^^^^^^^^^^^^^^^^^^^^^^^^^^^^^^
_ _ _ _ _ _ _ _ _ _ _ _ _ _ _ _ _ _ _ _ _ _ _ _ _ _ _ _ _ _ _ _ _ _ _ _ _ _ _ _ 

    async def _fake_exists(*, dedupe_key: str) -> bool:
>       captured["checked_user_id"] = user_id
                                      ^^^^^^^
E       NameError: name 'user_id' is not defined

tests/unit/test_user_preference_memory_service.py:39: NameError
_______________ test_user_collection_helpers_build_scoped_names ________________

    def test_user_collection_helpers_build_scoped_names():
>       assert vector_store.build_user_chat_collection_name("9") == "user_chat_9"
E       AssertionError: assert 'global_chat' == 'user_chat_9'
E         
E         - user_chat_9
E         + global_chat

tests/unit/test_vector_store_count_api.py:41: AssertionError
=============================== warnings summary ===============================
tests/unit/core/llm/test_resilience_public_snapshots.py::test_llm_pool_snapshot_and_summary_are_serializable_and_defensive
  /Users/arthurparaiso/repos/janus-completo/backend/tests/unit/core/llm/test_resilience_public_snapshots.py:9: DeprecationWarning: datetime.datetime.utcnow() is deprecated and scheduled for removal in a future version. Use timezone-aware objects to represent datetimes in UTC: datetime.datetime.now(datetime.UTC).
    created_at = datetime.utcnow()

tests/unit/test_autonomy_goal_repository.py::test_goal_repository_transition_status_is_idempotent_and_records_transition
tests/unit/test_autonomy_goal_repository.py::test_goal_repository_list_goals_hides_terminal_when_requested
tests/unit/test_autonomy_goal_repository.py::test_goal_repository_delete_goal_cascades_transitions
  /Users/arthurparaiso/repos/janus-completo/backend/app/repositories/autonomy_goal_repository.py:132: DeprecationWarning: datetime.datetime.utcnow() is deprecated and scheduled for removal in a future version. Use timezone-aware objects to represent datetimes in UTC: datetime.datetime.now(datetime.UTC).
    row.updated_at = datetime.utcnow()

tests/unit/test_autonomy_goal_repository.py::test_goal_repository_list_goals_hides_terminal_when_requested
tests/unit/test_autonomy_goal_repository.py::test_goal_repository_delete_goal_cascades_transitions
  /Users/arthurparaiso/repos/janus-completo/backend/app/repositories/autonomy_goal_repository.py:134: DeprecationWarning: datetime.datetime.utcnow() is deprecated and scheduled for removal in a future version. Use timezone-aware objects to represent datetimes in UTC: datetime.datetime.now(datetime.UTC).
    row.closed_at = datetime.utcnow()

tests/unit/test_autonomy_lock_service.py::test_lock_service_try_acquire_renew_release
  /Users/arthurparaiso/repos/janus-completo/backend/tests/unit/test_autonomy_lock_service.py:21: DeprecationWarning: datetime.datetime.utcnow() is deprecated and scheduled for removal in a future version. Use timezone-aware objects to represent datetimes in UTC: datetime.datetime.now(datetime.UTC).
    now = datetime.utcnow()

tests/unit/test_autonomy_lock_service.py::test_lock_service_try_acquire_renew_release
  /Users/arthurparaiso/repos/janus-completo/backend/tests/unit/test_autonomy_lock_service.py:40: DeprecationWarning: datetime.datetime.utcnow() is deprecated and scheduled for removal in a future version. Use timezone-aware objects to represent datetimes in UTC: datetime.datetime.now(datetime.UTC).
    now = datetime.utcnow()

tests/unit/test_autonomy_service_enqueue.py::test_autonomy_service_enqueue_router_records_synthetic_step
tests/unit/test_autonomy_service_enqueue.py::test_autonomy_service_enqueue_router_reverts_goal_to_pending_on_publish_error
tests/unit/test_red_team_agent_worker_role.py::test_red_team_worker_forces_current_role_before_routing
tests/unit/test_router_worker_contains_knowledge.py::test_router_escapes_repeated_route_loop_with_alternative_role
tests/unit/test_router_worker_contains_knowledge.py::test_router_escapes_repeated_route_loop_with_alternative_role
tests/unit/test_router_worker_contains_knowledge.py::test_router_escapes_repeated_route_loop_with_alternative_role
tests/unit/test_security_workflow_contracts.py::test_red_team_worker_persists_structured_security_fields
  /Users/arthurparaiso/repos/janus-completo/backend/app/models/schemas.py:308: DeprecationWarning: datetime.datetime.utcnow() is deprecated and scheduled for removal in a future version. Use timezone-aware objects to represent datetimes in UTC: datetime.datetime.now(datetime.UTC).
    timestamp: float = Field(default_factory=lambda: datetime.utcnow().timestamp())

tests/unit/test_autonomy_service_enqueue.py: 2 warnings
tests/unit/test_collaboration_service_autonomy_hook.py: 4 warnings
tests/unit/test_red_team_agent_worker_role.py: 1 warning
tests/unit/test_router_worker_contains_knowledge.py: 9 warnings
tests/unit/test_security_workflow_contracts.py: 3 warnings
  /Users/arthurparaiso/repos/janus-completo/backend/app/models/schemas.py:383: DeprecationWarning: datetime.datetime.utcnow() is deprecated and scheduled for removal in a future version. Use timezone-aware objects to represent datetimes in UTC: datetime.datetime.now(datetime.UTC).
    timestamp: float = Field(default_factory=lambda: datetime.utcnow().timestamp())

tests/unit/test_chat_repository_sql_metadata.py::test_chat_repository_sql_preserves_knowledge_space_metadata_in_fallback
  /Users/arthurparaiso/repos/janus-completo/backend/app/repositories/chat_repository_sql.py:133: DeprecationWarning: datetime.datetime.utcnow() is deprecated and scheduled for removal in a future version. Use timezone-aware objects to represent datetimes in UTC: datetime.datetime.now(datetime.UTC).
    now = datetime.utcnow()

tests/unit/test_chat_repository_sql_metadata.py::test_chat_repository_sql_preserves_knowledge_space_metadata_in_fallback
  /Users/arthurparaiso/repos/janus-completo/backend/app/repositories/chat_repository_sql.py:175: DeprecationWarning: datetime.datetime.utcnow() is deprecated and scheduled for removal in a future version. Use timezone-aware objects to represent datetimes in UTC: datetime.datetime.now(datetime.UTC).
    "timestamp": datetime.utcnow(),

tests/unit/test_chat_repository_sql_metadata.py::test_chat_repository_sql_preserves_knowledge_space_metadata_in_fallback
  /Users/arthurparaiso/repos/janus-completo/backend/app/repositories/chat_repository_sql.py:182: DeprecationWarning: datetime.datetime.utcnow() is deprecated and scheduled for removal in a future version. Use timezone-aware objects to represent datetimes in UTC: datetime.datetime.now(datetime.UTC).
    self._fallback_sessions[sid]["updated_at"] = datetime.utcnow()

tests/unit/test_chat_repository_sql_metadata.py::test_chat_repository_sql_preserves_knowledge_space_metadata_in_fallback
  /Users/arthurparaiso/repos/janus-completo/backend/app/repositories/chat_repository_sql.py:612: DeprecationWarning: datetime.datetime.utcnow() is deprecated and scheduled for removal in a future version. Use timezone-aware objects to represent datetimes in UTC: datetime.datetime.now(datetime.UTC).
    self._fallback_sessions[sid]["updated_at"] = datetime.utcnow()

tests/unit/test_documents_endpoint_async_upload.py::test_upload_document_returns_413_for_streaming_oversize
  /Users/arthurparaiso/repos/janus-completo/backend/.venv/lib/python3.12/site-packages/fastapi/routing.py:243: DeprecationWarning: 'HTTP_413_REQUEST_ENTITY_TOO_LARGE' is deprecated. Use 'HTTP_413_CONTENT_TOO_LARGE' instead.
    return await dependant.call(**values)

tests/unit/test_goal_manager_sql_facade.py::test_goal_manager_list_hides_terminal_by_default_but_get_keeps_terminal
tests/unit/test_goal_manager_sql_facade.py::test_goal_manager_update_goal_status_persists_terminal_in_repo
  /Users/arthurparaiso/repos/janus-completo/backend/tests/unit/test_goal_manager_sql_facade.py:18: DeprecationWarning: datetime.datetime.utcnow() is deprecated and scheduled for removal in a future version. Use timezone-aware objects to represent datetimes in UTC: datetime.datetime.now(datetime.UTC).
    now = datetime.utcnow()

tests/unit/test_goal_manager_sql_facade.py::test_goal_manager_update_goal_status_persists_terminal_in_repo
  /Users/arthurparaiso/repos/janus-completo/backend/tests/unit/test_goal_manager_sql_facade.py:80: DeprecationWarning: datetime.datetime.utcnow() is deprecated and scheduled for removal in a future version. Use timezone-aware objects to represent datetimes in UTC: datetime.datetime.now(datetime.UTC).
    row.updated_at = datetime.utcnow()

tests/unit/test_meta_agent_failure_event.py::test_process_failure_event_persists_and_triggers_cycle
  /Users/arthurparaiso/repos/janus-completo/backend/app/core/workers/meta_agent_worker.py:268: DeprecationWarning: datetime.datetime.utcnow() is deprecated and scheduled for removal in a future version. Use timezone-aware objects to represent datetimes in UTC: datetime.datetime.now(datetime.UTC).
    ts_iso = str(payload.get("timestamp", datetime.utcnow().isoformat()))

tests/unit/test_pricing_redis_usage_tracker.py::test_register_usage_updates_provider_and_tenant_spend
tests/unit/test_pricing_redis_usage_tracker.py::test_register_usage_updates_provider_and_tenant_spend
  /Users/arthurparaiso/repos/janus-completo/backend/app/core/llm/pricing.py:138: DeprecationWarning: datetime.datetime.utcnow() is deprecated and scheduled for removal in a future version. Use timezone-aware objects to represent datetimes in UTC: datetime.datetime.now(datetime.UTC).
    return datetime.utcnow().strftime("%Y-%m-%d")

tests/unit/test_router_worker_contains_knowledge.py::test_router_terminal_task_to_router_is_consumed_without_republish
  /Users/arthurparaiso/repos/janus-completo/backend/app/core/workers/router_worker.py:163: DeprecationWarning: datetime.datetime.utcnow() is deprecated and scheduled for removal in a future version. Use timezone-aware objects to represent datetimes in UTC: datetime.datetime.now(datetime.UTC).
    "timestamp": datetime.utcnow().timestamp(),

tests/unit/test_router_worker_contains_knowledge.py::test_router_terminal_task_to_router_is_consumed_without_republish
  /Users/arthurparaiso/repos/janus-completo/backend/.venv/lib/python3.12/site-packages/pydantic/main.py:464: UserWarning: Pydantic serializer warnings:
    PydanticSerializationUnexpectedValue(Expected `TaskStateEvent` - serialized value may not be as expected [field_name='history', input_value={'agent_role': 'router', ...amp': 1775854882.421263}, input_type=dict])
    return self.__pydantic_serializer__.to_python(

tests/unit/test_router_worker_contains_knowledge.py::test_router_terminal_task_to_router_is_consumed_without_republish
  /Users/arthurparaiso/repos/janus-completo/backend/app/core/workers/router_worker.py:264: DeprecationWarning: datetime.datetime.utcnow() is deprecated and scheduled for removal in a future version. Use timezone-aware objects to represent datetimes in UTC: datetime.datetime.now(datetime.UTC).
    timestamp=datetime.utcnow().timestamp(),

tests/unit/test_router_worker_contains_knowledge.py::test_router_terminal_task_to_router_is_consumed_without_republish
tests/unit/test_router_worker_contains_knowledge.py::test_router_corrects_non_terminal_self_loop_and_republishes
tests/unit/test_router_worker_contains_knowledge.py::test_router_escapes_repeated_route_loop_with_alternative_role
  /Users/arthurparaiso/repos/janus-completo/backend/app/core/workers/router_worker.py:286: DeprecationWarning: datetime.datetime.utcnow() is deprecated and scheduled for removal in a future version. Use timezone-aware objects to represent datetimes in UTC: datetime.datetime.now(datetime.UTC).
    "timestamp": datetime.utcnow().timestamp(),

tests/unit/test_router_worker_contains_knowledge.py::test_router_escapes_repeated_route_loop_with_alternative_role
  /Users/arthurparaiso/repos/janus-completo/backend/app/core/workers/router_worker.py:206: DeprecationWarning: datetime.datetime.utcnow() is deprecated and scheduled for removal in a future version. Use timezone-aware objects to represent datetimes in UTC: datetime.datetime.now(datetime.UTC).
    "timestamp": datetime.utcnow().timestamp(),

tests/unit/test_security_workflow_contracts.py::test_collaboration_service_routes_blue_team_to_dedicated_queue
  /Users/arthurparaiso/repos/janus-completo/backend/app/services/collaboration_service.py:263: DeprecationWarning: datetime.datetime.utcnow() is deprecated and scheduled for removal in a future version. Use timezone-aware objects to represent datetimes in UTC: datetime.datetime.now(datetime.UTC).
    timestamp=datetime.utcnow().timestamp(),

tests/unit/test_security_workflow_contracts.py::test_collaboration_service_routes_security_judge_to_dedicated_queue
  /Users/arthurparaiso/repos/janus-completo/backend/app/services/collaboration_service.py:271: DeprecationWarning: datetime.datetime.utcnow() is deprecated and scheduled for removal in a future version. Use timezone-aware objects to represent datetimes in UTC: datetime.datetime.now(datetime.UTC).
    timestamp=datetime.utcnow().timestamp(),

-- Docs: https://docs.pytest.org/en/stable/how-to/capture-warnings.html
=========================== short test summary info ============================
FAILED tests/unit/core/infrastructure/test_prompt_loader_cutover.py::test_get_formatted_prompt_is_tolerant_on_missing_placeholder - assert 'Variável faltando no prompt' in 'ERROR    app.core.infrastructure.prompt_loader:prompt_loader.py:296 {"prompt_name": "welcome", "error": "\'nome\'", "...10T18:01:13.115973Z", "trace_id": "-", "user_id": "-", "session_id": "-", "conversation_id": "-", "project_id": "-"}\n'
 +  where 'ERROR    app.core.infrastructure.prompt_loader:prompt_loader.py:296 {"prompt_name": "welcome", "error": "\'nome\'", "...10T18:01:13.115973Z", "trace_id": "-", "user_id": "-", "session_id": "-", "conversation_id": "-", "project_id": "-"}\n' = <_pytest.logging.LogCaptureFixture object at 0x148828a70>.text
FAILED tests/unit/core/memory/test_knowledge_graph_manager_indexes.py::test_index_codebase_uses_only_canonical_index_operations - assert False
 +  where False = all(<generator object test_index_codebase_uses_only_canonical_index_operations.<locals>.<genexpr> at 0x14880d8c0>)
FAILED tests/unit/services/test_chat_message_helpers.py::test_build_understanding_payload_summarizes_question_without_echoing_message - AssertionError: assert 'general' == 'question'
  
  - question
  + general
FAILED tests/unit/services/test_knowledge_space_service.py::test_render_operational_answer_uses_ollama_only_and_returns_llm_response - TypeError: KnowledgeSpaceService._render_operational_answer() missing 1 required keyword-only argument: 'user_id'
FAILED tests/unit/services/test_knowledge_space_service.py::test_collect_operational_support_points_skips_conflicting_specific_option_for_target - TypeError: KnowledgeSpaceService._collect_operational_support_points() missing 1 required keyword-only argument: 'user_id'
FAILED tests/unit/services/test_knowledge_space_service.py::test_render_operational_answer_falls_back_when_llm_response_is_low_information - TypeError: KnowledgeSpaceService._render_operational_answer() missing 1 required keyword-only argument: 'user_id'
FAILED tests/unit/services/test_knowledge_space_service.py::test_query_canonical_returns_task_strategy_for_execution_queries - TypeError: KnowledgeSpaceService._query_canonical() missing 1 required keyword-only argument: 'user_id'
FAILED tests/unit/services/test_knowledge_space_service.py::test_collect_operational_support_points_targets_selected_docs_without_scroll_for_tasks - TypeError: KnowledgeSpaceService._collect_operational_support_points() missing 1 required keyword-only argument: 'user_id'
FAILED tests/unit/services/test_knowledge_space_service.py::test_query_space_skips_auto_canonical_when_ready_space_has_no_canonical_metrics - TypeError: KnowledgeSpaceService.query_space() missing 1 required keyword-only argument: 'user_id'
FAILED tests/unit/services/test_knowledge_space_service.py::test_query_space_falls_back_when_canonical_times_out - TypeError: KnowledgeSpaceService.query_space() missing 1 required keyword-only argument: 'user_id'
FAILED tests/unit/services/test_knowledge_space_service.py::test_query_space_uses_extended_timeout_for_task_execution_queries - TypeError: KnowledgeSpaceService.query_space() missing 1 required keyword-only argument: 'user_id'
FAILED tests/unit/services/test_knowledge_space_service.py::test_estimate_query_timing_marks_task_queries_as_deep_and_slow - TypeError: KnowledgeSpaceService.estimate_query_timing() missing 1 required keyword-only argument: 'user_id'
FAILED tests/unit/test_active_memory_service.py::test_active_memory_prioritizes_secret_capture - TypeError: ActiveMemoryService.maybe_capture_from_message() missing 1 required keyword-only argument: 'user_id'
FAILED tests/unit/test_ai016_document_semantic_enrichment.py::test_ingest_file_includes_semantic_metadata_in_payload - TypeError: DocumentIngestionService.ingest_file() missing 1 required positional argument: 'user_id'
FAILED tests/unit/test_autonomy_admin_authz.py::test_autonomy_admin_requires_authentication - AttributeError: <module 'app.core.security.request_guard' from '/Users/arthurparaiso/repos/janus-completo/backend/app/core/security/request_guard.py'> has no attribute 'UserRepository'
FAILED tests/unit/test_autonomy_admin_authz.py::test_autonomy_admin_requires_admin_role - AttributeError: <module 'app.core.security.request_guard' from '/Users/arthurparaiso/repos/janus-completo/backend/app/core/security/request_guard.py'> has no attribute 'UserRepository'
FAILED tests/unit/test_autonomy_admin_authz.py::test_autonomy_admin_allows_admin - AttributeError: <module 'app.core.security.request_guard' from '/Users/arthurparaiso/repos/janus-completo/backend/app/core/security/request_guard.py'> has no attribute 'UserRepository'
FAILED tests/unit/test_autonomy_admin_service_scope.py::test_recall_self_study_memories_prefers_linked_code_summary - assert 0 == 1
 +  where 0 = len([])
FAILED tests/unit/test_autonomy_lock_service.py::test_make_scope_key_variants - TypeError: AutonomyLockService.make_scope_key() missing 1 required keyword-only argument: 'user_id'
FAILED tests/unit/test_chat_contracts_confirmation.py::test_build_confirmation_payload_requires_real_pending_action - AssertionError: assert {'reason': 'high_risk', 'required': True, 'source': 'heuristic'} is None
 +  where {'reason': 'high_risk', 'required': True, 'source': 'heuristic'} = build_confirmation_payload(pending_action_id=None, reason='high_risk')
FAILED tests/unit/test_chat_contracts_confirmation.py::test_maybe_create_fallback_pending_action_from_pending_marker - assert None == 42
FAILED tests/unit/test_chat_deps_identity.py::test_resolve_authenticated_user_context_strict_requires_auth - TypeError: ChatIdentityResolution.__init__() got an unexpected keyword argument 'user_id'
FAILED tests/unit/test_chat_deps_identity.py::test_resolve_authenticated_user_context_transition_accepts_header - TypeError: ChatIdentityResolution.__init__() got an unexpected keyword argument 'user_id'
FAILED tests/unit/test_chat_service_stream.py::test_stream_message_emits_token_and_done - TypeError: ChatService.start_conversation() takes 3 positional arguments but 4 were given
FAILED tests/unit/test_chat_service_stream.py::test_stream_message_rejects_large_message - TypeError: ChatService.start_conversation() takes 3 positional arguments but 4 were given
FAILED tests/unit/test_chat_service_utf8_heartbeat.py::test_utf8_and_heartbeat_emission - TypeError: ChatService.start_conversation() takes 3 positional arguments but 4 were given
FAILED tests/unit/test_chat_streaming_service.py::test_streaming_service_emits_protocol_partial_and_done - TypeError: ConversationService.validate_conversation_access() takes 4 positional arguments but 5 were given
FAILED tests/unit/test_chat_streaming_service.py::test_streaming_service_sse_high_risk_emits_confirmation_and_waiting_state - TypeError: ConversationService.validate_conversation_access() takes 4 positional arguments but 5 were given
FAILED tests/unit/test_chat_streaming_service.py::test_streaming_service_sse_non_risk_does_not_emit_confirmation - TypeError: ConversationService.validate_conversation_access() takes 4 positional arguments but 5 were given
FAILED tests/unit/test_chat_streaming_service.py::test_streaming_service_missing_required_citations_emits_and_persists_guard - TypeError: ConversationService.validate_conversation_access() takes 4 positional arguments but 5 were given
FAILED tests/unit/test_chat_streaming_service.py::test_streaming_service_missing_required_citations_with_knowledge_space_skips_repo_study - TypeError: ConversationService.validate_conversation_access() takes 4 positional arguments but 5 were given
FAILED tests/unit/test_chat_streaming_service.py::test_streaming_service_document_grounding_short_circuits_llm - TypeError: ConversationService.validate_conversation_access() takes 4 positional arguments but 5 were given
FAILED tests/unit/test_circuit_breaker_comprehensive.py::TestCircuitBreakerMonitoring::test_analytics_detects_failure_patterns - KeyError: 'error_rate_trend'
FAILED tests/unit/test_collaboration_service_autonomy_hook.py::test_maybe_finalize_autonomy_goal_marks_completed - AssertionError: assert [] == [('goal-1', 'completed')]
  
  Right contains one more item: ('goal-1', 'completed')
  
  Full diff:
  + []
  - [
  -     (
  -         'goal-1',
  -         'completed',
  -     ),
  - ]
FAILED tests/unit/test_collaboration_service_autonomy_hook.py::test_maybe_finalize_autonomy_goal_marks_failed_for_terminal_error - AssertionError: assert [] == [('goal-2', 'failed')]
  
  Right contains one more item: ('goal-2', 'failed')
  
  Full diff:
  + []
  - [
  -     (
  -         'goal-2',
  -         'failed',
  -     ),
  - ]
FAILED tests/unit/test_collaboration_service_autonomy_hook.py::test_maybe_finalize_autonomy_goal_is_idempotent_on_same_taskstate - AssertionError: assert [] == [('goal-4', 'completed')]
  
  Right contains one more item: ('goal-4', 'completed')
  
  Full diff:
  + []
  - [
  -     (
  -         'goal-4',
  -         'completed',
  -     ),
  - ]
FAILED tests/unit/test_conversation_service.py::test_validate_conversation_access_blocks_user_mismatch - Failed: DID NOT RAISE <class 'app.core.exceptions.chat_exceptions.ChatServiceError'>
FAILED tests/unit/test_conversation_service.py::test_crud_operations_delegate_to_repo - AssertionError: assert ('conv-1', 'N...lo', 'proj-1') == ('conv-1', 'N...-1', 'proj-1')
  
  At index 2 diff: 'proj-1' != 'user-1'
  Right contains one more item: 'proj-1'
  
  Full diff:
    (
        'conv-1',
        'Novo titulo',
  -     'user-1',
        'proj-1',
    )
FAILED tests/unit/test_document_service.py::test_process_staged_document_recovers_when_points_already_indexed - FileNotFoundError: Arquivo staged não encontrado para doc-1
FAILED tests/unit/test_documents_endpoint_async_upload.py::test_upload_document_returns_202_and_accepts_form_user_id - AssertionError: assert 'default' == 'u-1'
  
  - u-1
  + default
FAILED tests/unit/test_documents_endpoint_async_upload.py::test_upload_document_rejects_conflicting_user_identity - assert 202 == 422
 +  where 202 = <Response [202 Accepted]>.status_code
FAILED tests/unit/test_knowledge_service_code_query.py::test_ask_code_with_citations_returns_answer_and_citations - AssertionError: assert 'answer:Como ...app/main.py:7' == 'answer:Como ...pp/main.py?:7'
  
  Skipping 40 identical leading characters in diff, use -v to show
  - pp/main.py?:7
  ?           -
  + pp/main.py:7
FAILED tests/unit/test_knowledge_service_telemetry.py::test_ask_code_with_citations_emits_code_citations_telemetry - AssertionError: assert 'answer:How d...call helper:4' == 'answer:How d...all helper?:4'
  
  - answer:How does run call helper?:4
  ?                                -
  + answer:How does run call helper:4
FAILED tests/unit/test_llm_select_and_cb.py::test_cb_early_block_emits_error_circuit_open - TypeError: ChatService.start_conversation() takes 3 positional arguments but 4 were given
FAILED tests/unit/test_memory_scroll_refactor.py::test_search_recent_failures_uses_scroll - AssertionError: Expected 'scroll' to have been called once. Called 0 times.
FAILED tests/unit/test_memory_scroll_refactor.py::test_search_recent_lessons_uses_scroll - AssertionError: Expected 'scroll' to have been called once. Called 0 times.
FAILED tests/unit/test_memory_service.py::test_index_interaction_uses_chat_collection_and_deterministic_point_id - TypeError: MemoryService.index_interaction() takes 4 positional arguments but 5 were given
FAILED tests/unit/test_message_orchestration_service.py::test_send_message_command_shortcut_persists_and_returns_understanding - TypeError: _FakeConversationService.validate_conversation_access() missing 1 required positional argument: 'project_id'
FAILED tests/unit/test_message_orchestration_service.py::test_send_message_rejects_large_payload - TypeError: _FakeConversationService.validate_conversation_access() missing 1 required positional argument: 'project_id'
FAILED tests/unit/test_message_orchestration_service.py::test_send_message_agent_loop_path_persists_and_enqueues_post_event - TypeError: MessageOrchestrationService.send_message() got an unexpected keyword argument 'user_id'
FAILED tests/unit/test_message_orchestration_service.py::test_send_message_light_chat_bypasses_agent_loop_and_skips_rag_lookup - TypeError: MessageOrchestrationService.send_message() got an unexpected keyword argument 'user_id'
FAILED tests/unit/test_message_orchestration_service.py::test_send_message_document_grounding_uses_evidence_and_preserves_citations - TypeError: MessageOrchestrationService.send_message() got an unexpected keyword argument 'user_id'
FAILED tests/unit/test_message_orchestration_service.py::test_send_message_document_grounding_returns_processing_notice_when_no_indexed_docs - TypeError: MessageOrchestrationService.send_message() got an unexpected keyword argument 'user_id'
FAILED tests/unit/test_message_orchestration_service.py::test_send_message_document_grounding_ignores_processing_doc_chunks - TypeError: MessageOrchestrationService.send_message() got an unexpected keyword argument 'user_id'
FAILED tests/unit/test_message_orchestration_service.py::test_send_message_document_grounding_rechecks_false_negative_extraction - TypeError: MessageOrchestrationService.send_message() got an unexpected keyword argument 'user_id'
FAILED tests/unit/test_message_orchestration_service.py::test_send_message_document_grounding_negative_omits_irrelevant_snippet - TypeError: MessageOrchestrationService.send_message() got an unexpected keyword argument 'user_id'
FAILED tests/unit/test_message_orchestration_service.py::test_send_message_document_grounding_prefers_primary_source_for_operational_requests - TypeError: MessageOrchestrationService.send_message() got an unexpected keyword argument 'user_id'
FAILED tests/unit/test_message_orchestration_service.py::test_send_message_document_grounding_allows_secondary_when_user_requests_it - TypeError: MessageOrchestrationService.send_message() got an unexpected keyword argument 'user_id'
FAILED tests/unit/test_message_orchestration_service.py::test_send_message_document_grounding_operational_task_returns_direct_artifact - TypeError: MessageOrchestrationService.send_message() got an unexpected keyword argument 'user_id'
FAILED tests/unit/test_message_orchestration_service.py::test_send_message_knowledge_space_path_prefers_canonical_answer - TypeError: MessageOrchestrationService.send_message() got an unexpected keyword argument 'user_id'
FAILED tests/unit/test_message_orchestration_service.py::test_send_message_standard_path_reuses_initial_prompt_and_single_rag_lookup - TypeError: MessageOrchestrationService.send_message() got an unexpected keyword argument 'user_id'
FAILED tests/unit/test_message_orchestration_service.py::test_send_message_secret_recall_uses_explicit_authorized_path - TypeError: MessageOrchestrationService.send_message() got an unexpected keyword argument 'user_id'
FAILED tests/unit/test_message_orchestration_service.py::test_apply_response_memory_policies_appends_next_steps - TypeError: MessageOrchestrationService.apply_response_memory_policies() got an unexpected keyword argument 'user_id'
FAILED tests/unit/test_message_orchestration_service.py::test_build_knowledge_space_runtime_notice_returns_estimate_for_resolved_space - TypeError: MessageOrchestrationService.build_knowledge_space_runtime_notice() got an unexpected keyword argument 'user_id'
FAILED tests/unit/test_message_orchestration_service.py::test_resolve_active_knowledge_space_id_prefers_single_manifest_scope - TypeError: MessageOrchestrationService.resolve_active_knowledge_space_id() got an unexpected keyword argument 'user_id'
FAILED tests/unit/test_meta_agent_failure_event.py::test_process_failure_event_persists_and_triggers_cycle - TypeError: test_process_failure_event_persists_and_triggers_cycle.<locals>.fake_publish() got an unexpected keyword argument 'payload_extra'
FAILED tests/unit/test_oq012_data_retention.py::test_cleanup_user_artifacts_awaits_vector_and_graph_cleanup - TypeError: DataRetentionService.cleanup_user_artifacts() takes 0 positional arguments but 1 was given
FAILED tests/unit/test_oq012_data_retention.py::test_dispatch_user_cleanup_uses_running_loop_task - TypeError: DataRetentionService.cleanup_user_artifacts() takes 0 positional arguments but 1 was given
FAILED tests/unit/test_procedural_memory_service.py::test_maybe_capture_builds_procedural_metadata - NameError: name 'user_id' is not defined
FAILED tests/unit/test_rag_service_telemetry.py::test_retrieve_context_emits_skip_telemetry_when_user_missing - AssertionError: assert 'ConnectionError' == 'SKIPPED_MISSING_USER_ID'
  
  - SKIPPED_MISSING_USER_ID
  + ConnectionError
FAILED tests/unit/test_sg012_auth_reset_token_leak.py::test_request_reset_does_not_return_token_in_development_even_when_disabled_flag - AttributeError: 'types.SimpleNamespace' object has no attribute 'headers'
FAILED tests/unit/test_sg012_auth_reset_token_leak.py::test_request_reset_returns_token_only_in_test_env_with_opt_in - AttributeError: 'types.SimpleNamespace' object has no attribute 'headers'
FAILED tests/unit/test_sg012_auth_reset_token_leak.py::test_request_reset_never_returns_token_in_production - AttributeError: 'types.SimpleNamespace' object has no attribute 'headers'
FAILED tests/unit/test_sg012_auth_reset_token_leak.py::test_request_reset_returns_token_in_ci_with_opt_in - AttributeError: 'types.SimpleNamespace' object has no attribute 'headers'
FAILED tests/unit/test_sg012_auth_reset_token_leak.py::test_request_reset_does_not_return_token_in_staging - AttributeError: 'types.SimpleNamespace' object has no attribute 'headers'
FAILED tests/unit/test_sg014_workspace_authz.py::test_workspace_requires_authenticated_actor - AttributeError: <module 'app.core.security.request_guard' from '/Users/arthurparaiso/repos/janus-completo/backend/app/core/security/request_guard.py'> has no attribute 'UserRepository'
FAILED tests/unit/test_sg014_workspace_authz.py::test_workspace_add_artifact_allows_authenticated_actor - AttributeError: <module 'app.core.security.request_guard' from '/Users/arthurparaiso/repos/janus-completo/backend/app/core/security/request_guard.py'> has no attribute 'UserRepository'
FAILED tests/unit/test_sg014_workspace_authz.py::test_workspace_shutdown_requires_admin - AttributeError: <module 'app.core.security.request_guard' from '/Users/arthurparaiso/repos/janus-completo/backend/app/core/security/request_guard.py'> has no attribute 'UserRepository'
FAILED tests/unit/test_sg014_workspace_authz.py::test_workspace_shutdown_allows_admin - AttributeError: <module 'app.core.security.request_guard' from '/Users/arthurparaiso/repos/janus-completo/backend/app/core/security/request_guard.py'> has no attribute 'UserRepository'
FAILED tests/unit/test_sg015_auth_rate_limit.py::test_issue_token_rate_limit_returns_429 - assert 403 == 200
 +  where 403 = <Response [403 Forbidden]>.status_code
FAILED tests/unit/test_sg018_collaboration_workspace_status_auth.py::test_workspace_status_requires_authenticated_actor - assert 200 == 401
 +  where 200 = <Response [200 OK]>.status_code
FAILED tests/unit/test_sg018_secret_defaults_removed.py::test_env_example_uses_required_placeholders_for_critical_secrets - FileNotFoundError: [Errno 2] No such file or directory: 'backend/app/.env.example'
FAILED tests/unit/test_technical_qa_eval_service.py::test_offline_query_fn_uses_dataset_rules - AssertionError: assert 'offline_citation_resolution_failed' is None
FAILED tests/unit/test_user_preference_memory_service.py::test_maybe_capture_builds_structured_metadata - NameError: name 'user_id' is not defined
FAILED tests/unit/test_vector_store_count_api.py::test_user_collection_helpers_build_scoped_names - AssertionError: assert 'global_chat' == 'user_chat_9'
  
  - user_chat_9
  + global_chat
================= 85 failed, 398 passed, 54 warnings in 13.63s =================
